Archive member included because of file (symbol)

ym/mbed-classic/existing/mbed-classic.a(retarget.cpp.o)
                              /usr/bin/../lib/gcc/arm-none-eabi/4.9.3/../../../../arm-none-eabi/lib/armv6-m/crt0.o (__wrap_main)
ym/mbed-classic/existing/mbed-classic.a(Ticker.cpp.o)
                              source/CMakeFiles/microbit-micropython.dir/home/user/micropython/source/microbit/microbitdisplay.cpp.o (mbed::Ticker::setup(unsigned long))
ym/mbed-classic/existing/mbed-classic.a(Stream.cpp.o)
                              source/CMakeFiles/microbit-micropython.dir/home/user/micropython/source/microbit/mphalport.cpp.o (mbed::Stream::putc(int))
ym/mbed-classic/existing/mbed-classic.a(TimerEvent.cpp.o)
                              ym/mbed-classic/existing/mbed-classic.a(Ticker.cpp.o) (mbed::TimerEvent::insert(unsigned long))
ym/mbed-classic/existing/mbed-classic.a(FilePath.cpp.o)
                              ym/mbed-classic/existing/mbed-classic.a(retarget.cpp.o) (mbed::FilePath::FilePath(char const*))
ym/mbed-classic/existing/mbed-classic.a(FileBase.cpp.o)
                              ym/mbed-classic/existing/mbed-classic.a(FilePath.cpp.o) (mbed::FileBase::lookup(char const*, unsigned int))
ym/mbed-classic/existing/mbed-classic.a(FileSystemLike.cpp.o)
                              ym/mbed-classic/existing/mbed-classic.a(retarget.cpp.o) (mbed::FileSystemLike::opendir())
ym/mbed-classic/existing/mbed-classic.a(SerialBase.cpp.o)
                              source/CMakeFiles/microbit-micropython.dir/home/user/micropython/source/microbit/mphalport.cpp.o (mbed::SerialBase::readable())
ym/mbed-classic/existing/mbed-classic.a(FileLike.cpp.o)
                              ym/mbed-classic/existing/mbed-classic.a(Stream.cpp.o) (mbed::FileLike::FileLike(char const*))
ym/mbed-classic/existing/mbed-classic.a(ticker_api.c.o)
                              ym/mbed-classic/existing/mbed-classic.a(TimerEvent.cpp.o) (ticker_set_handler)
ym/mbed-classic/existing/mbed-classic.a(us_ticker_api.c.o)
                              ym/mbed-classic/existing/mbed-classic.a(TimerEvent.cpp.o) (get_us_ticker_data)
ym/mbed-classic/existing/mbed-classic.a(error.c.o)
                              ym/mbed-classic/existing/mbed-classic.a(retarget.cpp.o) (error)
ym/mbed-classic/existing/mbed-classic.a(wait_api.c.o)
                              ym/mbed-classic/existing/mbed-classic.a(SerialBase.cpp.o) (wait_us)
ym/mbed-classic/existing/mbed-classic.a(board.c.o)
                              ym/mbed-classic/existing/mbed-classic.a(retarget.cpp.o) (mbed_die)
ym/mbed-classic/existing/mbed-classic.a(gpio.c.o)
                              ym/mbed-classic/existing/mbed-classic.a(board.c.o) (gpio_init_out)
ym/mbed-classic/existing/mbed-classic.a(us_ticker.c.o)
                              ym/mbed-classic/existing/mbed-classic.a(us_ticker_api.c.o) (us_ticker_init)
ym/mbed-classic/existing/mbed-classic.a(gpio_api.c.o)
                              ym/mbed-classic/existing/mbed-classic.a(gpio.c.o) (gpio_init)
ym/mbed-classic/existing/mbed-classic.a(pinmap.c.o)
                              ym/mbed-classic/existing/mbed-classic.a(gpio_api.c.o) (pin_mode)
ym/mbed-classic/existing/mbed-classic.a(serial_api.c.o)
                              source/CMakeFiles/microbit-micropython.dir/home/user/micropython/source/microbit/microbituart.cpp.o (serial_init)
ym/mbed-classic/existing/mbed-classic.a(startup_NRF51822.S.obj)
                              (Reset_Handler)
ym/mbed-classic/existing/mbed-classic.a(system_nrf51.c.o)
                              ym/mbed-classic/existing/mbed-classic.a(startup_NRF51822.S.obj) (SystemInit)
ym/microbit-dal/source/microbit-dal.a(MicroBitSuperMain.cpp.o)
                              ym/mbed-classic/existing/mbed-classic.a(retarget.cpp.o) (main)
ym/microbit-dal/source/microbit-dal.a(MicroBitI2C.cpp.o)
                              source/CMakeFiles/microbit-micropython.dir/home/user/micropython/source/microbit/microbiti2c.cpp.o (MicroBitI2C::read(int, char*, int, bool))
ym/microbit-dal/source/microbit-dal.a(MicroBit.cpp.o)
                              ym/microbit-dal/source/microbit-dal.a(MicroBitSuperMain.cpp.o) (microbit_reset())
ym/microbit-dal/source/microbit-dal.a(MicroBitButton.cpp.o)
                              source/CMakeFiles/microbit-micropython.dir/home/user/micropython/source/microbit/main.cpp.o (MicroBitButton::systemTick())
ym/microbit-dal/source/microbit-dal.a(MicroBitMessageBus.cpp.o)
                              ym/microbit-dal/source/microbit-dal.a(MicroBit.cpp.o) (MicroBitMessageBus::MicroBitMessageBus())
ym/microbit-dal/source/microbit-dal.a(MicroBitCompass.cpp.o)
                              source/CMakeFiles/microbit-micropython.dir/home/user/micropython/source/microbit/microbitcompass.cpp.o (MicroBitCompass::heading())
ym/microbit-dal/source/microbit-dal.a(MicroBitEvent.cpp.o)
[...]
Memory Configuration

Name             Origin             Length             Attributes
FLASH            0x00000000         0x00040000         xr
RAM              0x20000000         0x00004000         xrw
*default*        0x00000000         0xffffffff

Linker script and memory map

LOAD /usr/bin/../lib/gcc/arm-none-eabi/4.9.3/armv6-m/crti.o
LOAD /usr/bin/../lib/gcc/arm-none-eabi/4.9.3/armv6-m/crtbegin.o
LOAD /usr/bin/../lib/gcc/arm-none-eabi/4.9.3/../../../../arm-none-eabi/lib/armv6-m/crt0.o
START GROUP
LOAD source/CMakeFiles/microbit-micropython.dir/home/user/micropython/source/py/nlrxtensa.S.obj
LOAD source/CMakeFiles/microbit-micropython.dir/home/user/micropython/source/py/nlrx86.S.obj
LOAD source/CMakeFiles/microbit-micropython.dir/home/user/micropython/source/py/nlrx64.S.obj
LOAD source/CMakeFiles/microbit-micropython.dir/home/user/micropython/source/py/nlrthumb.S.obj
LOAD source/CMakeFiles/microbit-micropython.dir/home/user/micropython/source/py/objstrunicode.c.o
LOAD source/CMakeFiles/microbit-micropython.dir/home/user/micropython/source/py/objint_mpz.c.o
LOAD source/CMakeFiles/microbit-micropython.dir/home/user/micropython/source/lib/utils/pyexec.c.o
LOAD source/CMakeFiles/microbit-micropython.dir/home/user/micropython/source/py/asmx64.c.o
LOAD source/CMakeFiles/microbit-micropython.dir/home/user/micropython/source/py/gc.c.o
LOAD source/CMakeFiles/microbit-micropython.dir/home/user/micropython/source/py/mpz.c.o
LOAD source/CMakeFiles/microbit-micropython.dir/home/user/micropython/source/py/modcmath.c.o
LOAD source/CMakeFiles/microbit-micropython.dir/home/user/micropython/source/py/objnone.c.o
LOAD source/CMakeFiles/microbit-micropython.dir/home/user/micropython/source/microbit/microbituart.cpp.o
LOAD source/CMakeFiles/microbit-micropython.dir/home/user/micropython/source/py/modstruct.c.o
LOAD source/CMakeFiles/microbit-micropython.dir/home/user/micropython/source/py/objstr.c.o
LOAD source/CMakeFiles/microbit-micropython.dir/home/user/micropython/source/microbit/modmicrobit.cpp.o
LOAD source/CMakeFiles/microbit-micropython.dir/home/user/micropython/source/py/emitcommon.c.o
LOAD source/CMakeFiles/microbit-micropython.dir/home/user/micropython/source/py/objtuple.c.o
LOAD source/CMakeFiles/microbit-micropython.dir/home/user/micropython/source/microbit/microbitpin.cpp.o
LOAD source/CMakeFiles/microbit-micropython.dir/home/user/micropython/source/py/lexerstr.c.o
LOAD source/CMakeFiles/microbit-micropython.dir/home/user/micropython/source/py/mpstate.c.o
LOAD source/CMakeFiles/microbit-micropython.dir/home/user/micropython/source/py/objset.c.o
LOAD source/CMakeFiles/microbit-micropython.dir/home/user/micropython/source/py/stream.c.o
LOAD source/CMakeFiles/microbit-micropython.dir/home/user/micropython/source/py/formatfloat.c.o
LOAD source/CMakeFiles/microbit-micropython.dir/home/user/micropython/source/py/objdict.c.o
LOAD source/CMakeFiles/microbit-micropython.dir/home/user/micropython/source/py/modbuiltins.c.o
LOAD source/CMakeFiles/microbit-micropython.dir/home/user/micropython/source/lib/neopixel.c.o
LOAD source/CMakeFiles/microbit-micropython.dir/home/user/micropython/source/py/objstringio.c.o
LOAD source/CMakeFiles/microbit-micropython.dir/home/user/micropython/source/py/objfilter.c.o
LOAD source/CMakeFiles/microbit-micropython.dir/home/user/micropython/source/py/sequence.c.o
LOAD source/CMakeFiles/microbit-micropython.dir/home/user/micropython/source/lib/readline.c.o
LOAD source/CMakeFiles/microbit-micropython.dir/home/user/micropython/source/py/nlrsetjmp.c.o
LOAD source/CMakeFiles/microbit-micropython.dir/home/user/micropython/source/py/asmthumb.c.o
LOAD source/CMakeFiles/microbit-micropython.dir/home/user/micropython/source/microbit/microbitbutton.cpp.o
LOAD source/CMakeFiles/microbit-micropython.dir/home/user/micropython/source/microbit/microbiti2c.cpp.o
LOAD source/CMakeFiles/microbit-micropython.dir/home/user/micropython/source/py/objfloat.c.o
LOAD source/CMakeFiles/microbit-micropython.dir/home/user/micropython/source/py/obj.c.o
LOAD source/CMakeFiles/microbit-micropython.dir/home/user/micropython/source/microbit/modantigravity.cpp.o
LOAD source/CMakeFiles/microbit-micropython.dir/home/user/micropython/source/py/parsenumbase.c.o
LOAD source/CMakeFiles/microbit-micropython.dir/home/user/micropython/source/py/objgenerator.c.o
LOAD source/CMakeFiles/microbit-micropython.dir/home/user/micropython/source/py/showbc.c.o
LOAD source/CMakeFiles/microbit-micropython.dir/home/user/micropython/source/py/emitinlinethumb.c.o
LOAD source/CMakeFiles/microbit-micropython.dir/home/user/micropython/source/py/objexcept.c.o
LOAD source/CMakeFiles/microbit-micropython.dir/home/user/micropython/source/py/vm.c.o
LOAD source/CMakeFiles/microbit-micropython.dir/home/user/micropython/source/py/repl.c.o
LOAD source/CMakeFiles/microbit-micropython.dir/home/user/micropython/source/py/objmap.c.o
LOAD source/CMakeFiles/microbit-micropython.dir/home/user/micropython/source/py/argcheck.c.o
LOAD source/CMakeFiles/microbit-micropython.dir/home/user/micropython/source/microbit/modlove.cpp.o
LOAD source/CMakeFiles/microbit-micropython.dir/home/user/micropython/source/py/objmodule.c.o
LOAD source/CMakeFiles/microbit-micropython.dir/home/user/micropython/source/py/scope.c.o
LOAD source/CMakeFiles/microbit-micropython.dir/home/user/micropython/source/py/emitglue.c.o
LOAD source/CMakeFiles/microbit-micropython.dir/home/user/micropython/source/py/objint_longlong.c.o
LOAD source/CMakeFiles/microbit-micropython.dir/home/user/micropython/source/py/objreversed.c.o
LOAD source/CMakeFiles/microbit-micropython.dir/home/user/micropython/source/py/modcollections.c.o
LOAD source/CMakeFiles/microbit-micropython.dir/home/user/micropython/source/py/objarray.c.o
LOAD source/CMakeFiles/microbit-micropython.dir/home/user/micropython/source/py/lexer.c.o
LOAD source/CMakeFiles/microbit-micropython.dir/home/user/micropython/source/microbit/microbitmusic.cpp.o
LOAD source/CMakeFiles/microbit-micropython.dir/home/user/micropython/source/microbit/microbitaccelerometer.cpp.o
LOAD source/CMakeFiles/microbit-micropython.dir/home/user/micropython/source/py/map.c.o
LOAD source/CMakeFiles/microbit-micropython.dir/home/user/micropython/source/py/objenumerate.c.o
LOAD source/CMakeFiles/microbit-micropython.dir/home/user/micropython/source/py/objzip.c.o
LOAD source/CMakeFiles/microbit-micropython.dir/home/user/micropython/source/py/vstr.c.o
LOAD source/CMakeFiles/microbit-micropython.dir/home/user/micropython/source/microbit/microbitcompass.cpp.o
LOAD source/CMakeFiles/microbit-micropython.dir/home/user/micropython/source/microbit/microbitconstimage.cpp.o
LOAD source/CMakeFiles/microbit-micropython.dir/home/user/micropython/source/py/emitbc.c.o
LOAD source/CMakeFiles/microbit-micropython.dir/home/user/micropython/source/py/emitnative.c.o
LOAD source/CMakeFiles/microbit-micropython.dir/home/user/micropython/source/microbit/mprun.c.o
LOAD source/CMakeFiles/microbit-micropython.dir/home/user/micropython/source/py/compile.c.o
LOAD source/CMakeFiles/microbit-micropython.dir/home/user/micropython/source/py/objgetitemiter.c.o
LOAD source/CMakeFiles/microbit-micropython.dir/home/user/micropython/source/py/asmarm.c.o
LOAD source/CMakeFiles/microbit-micropython.dir/home/user/micropython/source/py/objproperty.c.o
LOAD source/CMakeFiles/microbit-micropython.dir/home/user/micropython/source/py/objobject.c.o
LOAD source/CMakeFiles/microbit-micropython.dir/home/user/micropython/source/py/lexerunix.c.o
LOAD source/CMakeFiles/microbit-micropython.dir/home/user/micropython/source/py/objtype.c.o
LOAD source/CMakeFiles/microbit-micropython.dir/home/user/micropython/source/py/qstr.c.o
LOAD source/CMakeFiles/microbit-micropython.dir/home/user/micropython/source/py/objsingleton.c.o
LOAD source/CMakeFiles/microbit-micropython.dir/home/user/micropython/source/py/objclosure.c.o
LOAD source/CMakeFiles/microbit-micropython.dir/home/user/micropython/source/py/objslice.c.o
LOAD source/CMakeFiles/microbit-micropython.dir/home/user/micropython/source/py/nativeglue.c.o
LOAD source/CMakeFiles/microbit-micropython.dir/home/user/micropython/source/microbit/microbitdisplay.cpp.o
LOAD source/CMakeFiles/microbit-micropython.dir/home/user/micropython/source/py/objboundmeth.c.o
LOAD source/CMakeFiles/microbit-micropython.dir/home/user/micropython/source/py/parsenum.c.o
LOAD source/CMakeFiles/microbit-micropython.dir/home/user/micropython/source/py/objcomplex.c.o
LOAD source/CMakeFiles/microbit-micropython.dir/home/user/micropython/source/microbit/mphalport.cpp.o
LOAD source/CMakeFiles/microbit-micropython.dir/home/user/micropython/source/py/binary.c.o
LOAD source/CMakeFiles/microbit-micropython.dir/home/user/micropython/source/py/modmicropython.c.o
LOAD source/CMakeFiles/microbit-micropython.dir/home/user/micropython/source/microbit/help.c.o
LOAD source/CMakeFiles/microbit-micropython.dir/home/user/micropython/source/microbit/modthis.cpp.o
LOAD source/CMakeFiles/microbit-micropython.dir/home/user/micropython/source/py/parse.c.o
LOAD source/CMakeFiles/microbit-micropython.dir/home/user/micropython/source/py/modmath.c.o
LOAD source/CMakeFiles/microbit-micropython.dir/home/user/micropython/source/py/objnamedtuple.c.o
LOAD source/CMakeFiles/microbit-micropython.dir/home/user/micropython/source/py/modio.c.o
LOAD source/CMakeFiles/microbit-micropython.dir/home/user/micropython/source/py/asmx86.c.o
LOAD source/CMakeFiles/microbit-micropython.dir/home/user/micropython/source/py/objcell.c.o
LOAD source/CMakeFiles/microbit-micropython.dir/home/user/micropython/source/py/unicode.c.o
LOAD source/CMakeFiles/microbit-micropython.dir/home/user/micropython/source/microbit/microbitmusictunes.c.o
LOAD source/CMakeFiles/microbit-micropython.dir/home/user/micropython/source/py/objrange.c.o
LOAD source/CMakeFiles/microbit-micropython.dir/home/user/micropython/source/py/modarray.c.o
LOAD source/CMakeFiles/microbit-micropython.dir/home/user/micropython/source/py/stackctrl.c.o
LOAD source/CMakeFiles/microbit-micropython.dir/home/user/micropython/source/py/malloc.c.o
LOAD source/CMakeFiles/microbit-micropython.dir/home/user/micropython/source/microbit/main.cpp.o
LOAD source/CMakeFiles/microbit-micropython.dir/home/user/micropython/source/py/objattrtuple.c.o
LOAD source/CMakeFiles/microbit-micropython.dir/home/user/micropython/source/py/objlist.c.o
LOAD source/CMakeFiles/microbit-micropython.dir/home/user/micropython/source/py/objint.c.o
LOAD source/CMakeFiles/microbit-micropython.dir/home/user/micropython/source/py/builtinevex.c.o
LOAD source/CMakeFiles/microbit-micropython.dir/home/user/micropython/source/py/modgc.c.o
LOAD source/CMakeFiles/microbit-micropython.dir/home/user/micropython/source/py/builtinimport.c.o
LOAD source/CMakeFiles/microbit-micropython.dir/home/user/micropython/source/py/warning.c.o
LOAD source/CMakeFiles/microbit-micropython.dir/home/user/micropython/source/py/opmethods.c.o
LOAD source/CMakeFiles/microbit-micropython.dir/home/user/micropython/source/py/modsys.c.o
LOAD source/CMakeFiles/microbit-micropython.dir/home/user/micropython/source/py/bc.c.o
LOAD source/CMakeFiles/microbit-micropython.dir/home/user/micropython/source/py/objfun.c.o
LOAD source/CMakeFiles/microbit-micropython.dir/home/user/micropython/source/py/objbool.c.o
LOAD source/CMakeFiles/microbit-micropython.dir/home/user/micropython/source/py/smallint.c.o
LOAD source/CMakeFiles/microbit-micropython.dir/home/user/micropython/source/microbit/microbitimage.cpp.o
LOAD source/CMakeFiles/microbit-micropython.dir/home/user/micropython/source/py/mpprint.c.o
LOAD source/CMakeFiles/microbit-micropython.dir/home/user/micropython/source/py/frozenmod.c.o
LOAD source/CMakeFiles/microbit-micropython.dir/home/user/micropython/source/py/runtime.c.o
LOAD source/CMakeFiles/microbit-micropython.dir/home/user/micropython/source/microbit/modneopixel.cpp.o
LOAD ym/mbed-classic/existing/mbed-classic.a
LOAD ym/ble/source/ble.a
LOAD ym/ble-nrf51822/source/ble-nrf51822.a
LOAD ym/microbit-dal/source/microbit-dal.a
LOAD ym/ble/source/ble.a
LOAD ym/ble-nrf51822/source/ble-nrf51822.a
LOAD ym/ble/source/ble.a
LOAD ym/ble-nrf51822/source/ble-nrf51822.a
LOAD ym/mbed-classic/existing/mbed-classic.a
LOAD /usr/bin/../lib/gcc/arm-none-eabi/4.9.3/../../../../arm-none-eabi/lib/armv6-m/libnosys.a
LOAD /usr/bin/../lib/gcc/arm-none-eabi/4.9.3/../../../../arm-none-eabi/lib/armv6-m/libstdc++_nano.a
LOAD /usr/bin/../lib/gcc/arm-none-eabi/4.9.3/../../../../arm-none-eabi/lib/armv6-m/libsupc++_nano.a
LOAD /usr/bin/../lib/gcc/arm-none-eabi/4.9.3/armv6-m/libgcc.a
LOAD /usr/bin/../lib/gcc/arm-none-eabi/4.9.3/../../../../arm-none-eabi/lib/armv6-m/libstdc++_nano.a
LOAD /usr/bin/../lib/gcc/arm-none-eabi/4.9.3/../../../../arm-none-eabi/lib/armv6-m/libsupc++_nano.a
LOAD /usr/bin/../lib/gcc/arm-none-eabi/4.9.3/../../../../arm-none-eabi/lib/armv6-m/libm.a
LOAD /usr/bin/../lib/gcc/arm-none-eabi/4.9.3/../../../../arm-none-eabi/lib/armv6-m/libc_nano.a
LOAD /usr/bin/../lib/gcc/arm-none-eabi/4.9.3/armv6-m/libgcc.a
END GROUP
LOAD /usr/bin/../lib/gcc/arm-none-eabi/4.9.3/../../../../arm-none-eabi/lib/armv6-m/libstdc++_nano.a
LOAD /usr/bin/../lib/gcc/arm-none-eabi/4.9.3/../../../../arm-none-eabi/lib/armv6-m/libm.a
LOAD /usr/bin/../lib/gcc/arm-none-eabi/4.9.3/../../../../arm-none-eabi/lib/armv6-m/libc_nano.a
START GROUP
LOAD /usr/bin/../lib/gcc/arm-none-eabi/4.9.3/armv6-m/libgcc.a
LOAD /usr/bin/../lib/gcc/arm-none-eabi/4.9.3/../../../../arm-none-eabi/lib/armv6-m/libc_nano.a
END GROUP
START GROUP
LOAD /usr/bin/../lib/gcc/arm-none-eabi/4.9.3/armv6-m/libgcc.a
LOAD /usr/bin/../lib/gcc/arm-none-eabi/4.9.3/../../../../arm-none-eabi/lib/armv6-m/libc_nano.a
END GROUP
LOAD /usr/bin/../lib/gcc/arm-none-eabi/4.9.3/armv6-m/crtend.o
LOAD /usr/bin/../lib/gcc/arm-none-eabi/4.9.3/armv6-m/crtn.o

.text           0x00000000    0x2bbf0
 *(SORT(.Vectors))
 .Vectors       0x00000000       0xc0 ym/mbed-classic/existing/mbed-classic.a(startup_NRF51822.S.obj)
                0x00000000                __Vectors
 *(SORT(.text*))
 .text          0x000000c0       0x60 /usr/bin/../lib/gcc/arm-none-eabi/4.9.3/armv6-m/crtbegin.o
 .text          0x00000120       0x78 /usr/bin/../lib/gcc/arm-none-eabi/4.9.3/../../../../arm-none-eabi/lib/armv6-m/crt0.o
                0x00000120                _mainCRTStartup
                0x00000120                _start
 .text          0x00000198       0x70 source/CMakeFiles/microbit-micropython.dir/home/user/micropython/source/py/nlrthumb.S.obj
                0x00000198                nlr_push
                0x000001c4                nlr_pop
                0x000001ce                nlr_jump
 .text.mp_obj_new_str_iterator
                0x00000208       0x1c source/CMakeFiles/microbit-micropython.dir/home/user/micropython/source/py/objstrunicode.c.o
 .text.uni_unary_op
                0x00000224       0x38 source/CMakeFiles/microbit-micropython.dir/home/user/micropython/source/py/objstrunicode.c.o
 .text.uni_print
                0x0000025c      0x11c source/CMakeFiles/microbit-micropython.dir/home/user/micropython/source/py/objstrunicode.c.o
 .text.str_index_to_ptr
                0x00000378       0xa8 source/CMakeFiles/microbit-micropython.dir/home/user/micropython/source/py/objstrunicode.c.o
                0x00000378                str_index_to_ptr
 .text.str_subscr
                0x00000420       0xd0 source/CMakeFiles/microbit-micropython.dir/home/user/micropython/source/py/objstrunicode.c.o
 .text.mp_obj_int_new_mpz
                0x000004f0       0x1c source/CMakeFiles/microbit-micropython.dir/home/user/micropython/source/py/objint_mpz.c.o
 .text.mp_obj_int_unary_op
                0x0000050c       0x64 source/CMakeFiles/microbit-micropython.dir/home/user/micropython/source/py/objint_mpz.c.o
                0x0000050c                mp_obj_int_unary_op
 .text.mp_obj_int_abs
                0x00000570       0x50 source/CMakeFiles/microbit-micropython.dir/home/user/micropython/source/py/objint_mpz.c.o
                0x00000570                mp_obj_int_abs
 .text.mp_obj_new_int_from_float
                0x000005c0       0x5c source/CMakeFiles/microbit-micropython.dir/home/user/micropython/source/py/objint_mpz.c.o
                0x000005c0                mp_obj_new_int_from_float
 .text.mp_obj_int_get_checked
                0x0000061c       0x30 source/CMakeFiles/microbit-micropython.dir/home/user/micropython/source/py/objint_mpz.c.o
                0x0000061c                mp_obj_int_get_checked
 .text.mp_obj_int_binary_op
                0x0000064c      0x2b8 source/CMakeFiles/microbit-micropython.dir/home/user/micropython/source/py/objint_mpz.c.o
                0x0000064c                mp_obj_int_binary_op
 .text.parse_compile_execute
                0x00000904       0xac source/CMakeFiles/microbit-micropython.dir/home/user/micropython/source/lib/utils/pyexec.c.o
 .text.pyexec_raw_repl
                0x000009b0       0xb4 source/CMakeFiles/microbit-micropython.dir/home/user/micropython/source/lib/utils/pyexec.c.o
                0x000009b0                pyexec_raw_repl
 .text.pyexec_friendly_repl
                0x00000a64      0x144 source/CMakeFiles/microbit-micropython.dir/home/user/micropython/source/lib/utils/pyexec.c.o
                0x00000a64                pyexec_friendly_repl
 .text.gc_drain_stack
                0x00000ba8       0xbc source/CMakeFiles/microbit-micropython.dir/home/user/micropython/source/py/gc.c.o
 .text.gc_init  0x00000c64       0x50 source/CMakeFiles/microbit-micropython.dir/home/user/micropython/source/py/gc.c.o
                0x00000c64                gc_init
 .text.gc_lock  0x00000cb4       0x10 source/CMakeFiles/microbit-micropython.dir/home/user/micropython/source/py/gc.c.o
                0x00000cb4                gc_lock
 .text.gc_unlock
                0x00000cc4       0x10 source/CMakeFiles/microbit-micropython.dir/home/user/micropython/source/py/gc.c.o
                0x00000cc4                gc_unlock
 .text.gc_is_locked
                0x00000cd4       0x14 source/CMakeFiles/microbit-micropython.dir/home/user/micropython/source/py/gc.c.o
                0x00000cd4                gc_is_locked
 .text.gc_collect_root
                0x00000ce8       0x84 source/CMakeFiles/microbit-micropython.dir/home/user/micropython/source/py/gc.c.o
                0x00000ce8                gc_collect_root
 .text.gc_collect_start
                0x00000d6c       0x28 source/CMakeFiles/microbit-micropython.dir/home/user/micropython/source/py/gc.c.o
                0x00000d6c                gc_collect_start
 .text.gc_collect_end
                0x00000d94       0xbc source/CMakeFiles/microbit-micropython.dir/home/user/micropython/source/py/gc.c.o
                0x00000d94                gc_collect_end
 .text.gc_info  0x00000e50       0xa4 source/CMakeFiles/microbit-micropython.dir/home/user/micropython/source/py/gc.c.o
                0x00000e50                gc_info
 .text.gc_alloc
                0x00000ef4      0x110 source/CMakeFiles/microbit-micropython.dir/home/user/micropython/source/py/gc.c.o
                0x00000ef4                gc_alloc
 .text.gc_free  0x00001004       0x8c source/CMakeFiles/microbit-micropython.dir/home/user/micropython/source/py/gc.c.o
                0x00001004                gc_free
 .text.gc_nbytes
                0x00001090       0x64 source/CMakeFiles/microbit-micropython.dir/home/user/micropython/source/py/gc.c.o
                0x00001090                gc_nbytes
 .text.gc_realloc
                0x000010f4      0x16c source/CMakeFiles/microbit-micropython.dir/home/user/micropython/source/py/gc.c.o
                0x000010f4                gc_realloc
 .text.gc_dump_info
                0x00001260       0x40 source/CMakeFiles/microbit-micropython.dir/home/user/micropython/source/py/gc.c.o
                0x00001260                gc_dump_info
 .text.gc_dump_alloc_table
                0x000012a0      0x134 source/CMakeFiles/microbit-micropython.dir/home/user/micropython/source/py/gc.c.o
                0x000012a0                gc_dump_alloc_table
 .text.mpz_shl_inpl
                0x000013d4       0xd8 source/CMakeFiles/microbit-micropython.dir/home/user/micropython/source/py/mpz.c.o
                0x000013d4                mpz_shl_inpl
 .text.mpz_and_inpl
                0x000014ac      0x110 source/CMakeFiles/microbit-micropython.dir/home/user/micropython/source/py/mpz.c.o
                0x000014ac                mpz_and_inpl
 .text.mpz_or_inpl
                0x000015bc       0xa8 source/CMakeFiles/microbit-micropython.dir/home/user/micropython/source/py/mpz.c.o
                0x000015bc                mpz_or_inpl
 .text.mpz_xor_inpl
                0x00001664       0x9c source/CMakeFiles/microbit-micropython.dir/home/user/micropython/source/py/mpz.c.o
                0x00001664                mpz_xor_inpl
 .text.mpz_divmod_inpl
                0x00001700      0x2a8 source/CMakeFiles/microbit-micropython.dir/home/user/micropython/source/py/mpz.c.o
                0x00001700                mpz_divmod_inpl
 .text.mpz_as_int_checked
                0x000019a8       0x38 source/CMakeFiles/microbit-micropython.dir/home/user/micropython/source/py/mpz.c.o
                0x000019a8                mpz_as_int_checked
 .text.mpz_as_str_size
                0x000019e0       0x40 source/CMakeFiles/microbit-micropython.dir/home/user/micropython/source/py/mpz.c.o
                0x000019e0                mpz_as_str_size
 .text.none_unary_op
                0x00001a20       0x1c source/CMakeFiles/microbit-micropython.dir/home/user/micropython/source/py/objnone.c.o
 .text.none_print
                0x00001a3c       0x10 source/CMakeFiles/microbit-micropython.dir/home/user/micropython/source/py/objnone.c.o
 .text.microbit_uart_any
                0x00001a4c       0x1c source/CMakeFiles/microbit-micropython.dir/home/user/micropython/source/microbit/microbituart.cpp.o
 .text.microbit_uart_init
                0x00001a68       0x7c source/CMakeFiles/microbit-micropython.dir/home/user/micropython/source/microbit/microbituart.cpp.o
 .text.struct_pack
                0x00001ae4       0xcc source/CMakeFiles/microbit-micropython.dir/home/user/micropython/source/py/modstruct.c.o
 .text.arg_looks_integer
                0x00001bb0       0x40 source/CMakeFiles/microbit-micropython.dir/home/user/micropython/source/py/objstr.c.o
 .text.arg_looks_numeric
                0x00001bf0       0x2c source/CMakeFiles/microbit-micropython.dir/home/user/micropython/source/py/objstr.c.o
 .text.unlikely.bad_implicit_conversion
                0x00001c1c       0x1c source/CMakeFiles/microbit-micropython.dir/home/user/micropython/source/py/objstr.c.o
 .text.mp_obj_new_bytes_iterator
                0x00001c38       0x1c source/CMakeFiles/microbit-micropython.dir/home/user/micropython/source/py/objstr.c.o
 .text.mp_str_print_quoted
                0x00001c54       0xd8 source/CMakeFiles/microbit-micropython.dir/home/user/micropython/source/py/objstr.c.o
                0x00001c54                mp_str_print_quoted
 .text.mp_obj_new_str_from_vstr
                0x00001d2c       0x6c source/CMakeFiles/microbit-micropython.dir/home/user/micropython/source/py/objstr.c.o
                0x00001d2c                mp_obj_new_str_from_vstr
 .text.mp_obj_new_str
                0x00001d98       0x30 source/CMakeFiles/microbit-micropython.dir/home/user/micropython/source/py/objstr.c.o
                0x00001d98                mp_obj_new_str
 .text.mp_obj_new_bytes
                0x00001dc8       0x14 source/CMakeFiles/microbit-micropython.dir/home/user/micropython/source/py/objstr.c.o
                0x00001dc8                mp_obj_new_bytes
 .text.mp_obj_str_get_qstr
                0x00001ddc       0x38 source/CMakeFiles/microbit-micropython.dir/home/user/micropython/source/py/objstr.c.o
                0x00001ddc                mp_obj_str_get_qstr
 .text.mp_obj_str_get_data_no_check
                0x00001e14       0x20 source/CMakeFiles/microbit-micropython.dir/home/user/micropython/source/py/objstr.c.o
                0x00001e14                mp_obj_str_get_data_no_check
 .text.mp_obj_str_make_new
                0x00001e34       0x9c source/CMakeFiles/microbit-micropython.dir/home/user/micropython/source/py/objstr.c.o
                0x00001e34                mp_obj_str_make_new
 .text.str_finder
                0x00001ed0       0xd8 source/CMakeFiles/microbit-micropython.dir/home/user/micropython/source/py/objstr.c.o
 .text.str_join
                0x00001fa8       0xfc source/CMakeFiles/microbit-micropython.dir/home/user/micropython/source/py/objstr.c.o
 .text.str_startswith
                0x000020a4       0x64 source/CMakeFiles/microbit-micropython.dir/home/user/micropython/source/py/objstr.c.o
 .text.str_endswith
                0x00002108       0x4c source/CMakeFiles/microbit-micropython.dir/home/user/micropython/source/py/objstr.c.o
 .text.str_uni_strip
                0x00002154       0xfc source/CMakeFiles/microbit-micropython.dir/home/user/micropython/source/py/objstr.c.o
 .text.str_count
                0x00002250       0xc8 source/CMakeFiles/microbit-micropython.dir/home/user/micropython/source/py/objstr.c.o
 .text.str_partitioner
                0x00002318       0xb4 source/CMakeFiles/microbit-micropython.dir/home/user/micropython/source/py/objstr.c.o
 .text.str_lower
                0x000023cc       0x10 source/CMakeFiles/microbit-micropython.dir/home/user/micropython/source/py/objstr.c.o
 .text.str_upper
                0x000023dc       0x10 source/CMakeFiles/microbit-micropython.dir/home/user/micropython/source/py/objstr.c.o
 .text.str_uni_istype
                0x000023ec       0x78 source/CMakeFiles/microbit-micropython.dir/home/user/micropython/source/py/objstr.c.o
 .text.str_isspace
                0x00002464       0x10 source/CMakeFiles/microbit-micropython.dir/home/user/micropython/source/py/objstr.c.o
 .text.str_isalpha
                0x00002474       0x10 source/CMakeFiles/microbit-micropython.dir/home/user/micropython/source/py/objstr.c.o
 .text.str_isdigit
                0x00002484       0x10 source/CMakeFiles/microbit-micropython.dir/home/user/micropython/source/py/objstr.c.o
 .text.str_isupper
                0x00002494       0x10 source/CMakeFiles/microbit-micropython.dir/home/user/micropython/source/py/objstr.c.o
 .text.str_islower
                0x000024a4       0x10 source/CMakeFiles/microbit-micropython.dir/home/user/micropython/source/py/objstr.c.o
 .text.bytes_subscr
                0x000024b4       0x74 source/CMakeFiles/microbit-micropython.dir/home/user/micropython/source/py/objstr.c.o
 .text.bytes_make_new
                0x00002528      0x100 source/CMakeFiles/microbit-micropython.dir/home/user/micropython/source/py/objstr.c.o
 .text.str_print
                0x00002628       0x28 source/CMakeFiles/microbit-micropython.dir/home/user/micropython/source/py/objstr.c.o
 .text.mp_obj_str_equal
                0x00002650       0x74 source/CMakeFiles/microbit-micropython.dir/home/user/micropython/source/py/objstr.c.o
                0x00002650                mp_obj_str_equal
 .text.mp_obj_str_get_str
                0x000026c4       0x2c source/CMakeFiles/microbit-micropython.dir/home/user/micropython/source/py/objstr.c.o
                0x000026c4                mp_obj_str_get_str
 .text.mp_obj_str_get_data
                0x000026f0       0x34 source/CMakeFiles/microbit-micropython.dir/home/user/micropython/source/py/objstr.c.o
                0x000026f0                mp_obj_str_get_data
 .text.mp_obj_str_binary_op
                0x00002724      0x4d4 source/CMakeFiles/microbit-micropython.dir/home/user/micropython/source/py/objstr.c.o
                0x00002724                mp_obj_str_binary_op
 .text.mp_obj_str_format
                0x00002bf8      0x5c4 source/CMakeFiles/microbit-micropython.dir/home/user/micropython/source/py/objstr.c.o
                0x00002bf8                mp_obj_str_format
 .text.mp_obj_str_split
                0x000031bc      0x144 source/CMakeFiles/microbit-micropython.dir/home/user/micropython/source/py/objstr.c.o
                0x000031bc                mp_obj_str_split
 .text.str_rsplit
                0x00003300      0x124 source/CMakeFiles/microbit-micropython.dir/home/user/micropython/source/py/objstr.c.o
 .text.microbit_reset_
                0x00003424       0x14 source/CMakeFiles/microbit-micropython.dir/home/user/micropython/source/microbit/modmicrobit.cpp.o
 .text.microbit_sleep
                0x00003438       0x18 source/CMakeFiles/microbit-micropython.dir/home/user/micropython/source/microbit/modmicrobit.cpp.o
 .text.microbit_random
                0x00003450       0x18 source/CMakeFiles/microbit-micropython.dir/home/user/micropython/source/microbit/modmicrobit.cpp.o
 .text.microbit_running_time
                0x00003468       0x14 source/CMakeFiles/microbit-micropython.dir/home/user/micropython/source/microbit/modmicrobit.cpp.o
 .text.microbit_panic
                0x0000347c       0x28 source/CMakeFiles/microbit-micropython.dir/home/user/micropython/source/microbit/modmicrobit.cpp.o
 .text.mp_obj_tuple_print
                0x000034a4       0x58 source/CMakeFiles/microbit-micropython.dir/home/user/micropython/source/py/objtuple.c.o
                0x000034a4                mp_obj_tuple_print
 .text.mp_obj_tuple_unary_op
                0x000034fc       0x5c source/CMakeFiles/microbit-micropython.dir/home/user/micropython/source/py/objtuple.c.o
                0x000034fc                mp_obj_tuple_unary_op
 .text.mp_obj_tuple_getiter
                0x00003558       0x1c source/CMakeFiles/microbit-micropython.dir/home/user/micropython/source/py/objtuple.c.o
                0x00003558                mp_obj_tuple_getiter
 .text.mp_obj_new_tuple
                0x00003574       0x44 source/CMakeFiles/microbit-micropython.dir/home/user/micropython/source/py/objtuple.c.o
                0x00003574                mp_obj_new_tuple
 .text.mp_obj_tuple_binary_op
                0x000035b8       0xf8 source/CMakeFiles/microbit-micropython.dir/home/user/micropython/source/py/objtuple.c.o
                0x000035b8                mp_obj_tuple_binary_op
 .text.mp_obj_tuple_subscr
                0x000036b0       0x74 source/CMakeFiles/microbit-micropython.dir/home/user/micropython/source/py/objtuple.c.o
                0x000036b0                mp_obj_tuple_subscr
 .text.mp_obj_tuple_make_new
                0x00003724       0x80 source/CMakeFiles/microbit-micropython.dir/home/user/micropython/source/py/objtuple.c.o
 .text.microbit_pin_set_analog_period
                0x000037a4       0x1c source/CMakeFiles/microbit-micropython.dir/home/user/micropython/source/microbit/microbitpin.cpp.o
                0x000037a4                microbit_pin_set_analog_period
 .text.microbit_pin_set_analog_period_microseconds
                0x000037c0       0x1c source/CMakeFiles/microbit-micropython.dir/home/user/micropython/source/microbit/microbitpin.cpp.o
                0x000037c0                microbit_pin_set_analog_period_microseconds
 .text.microbit_pin_is_touched
                0x000037dc       0x1c source/CMakeFiles/microbit-micropython.dir/home/user/micropython/source/microbit/microbitpin.cpp.o
                0x000037dc                microbit_pin_is_touched
 .text.microbit_pin_write_digital
                0x000037f8       0x34 source/CMakeFiles/microbit-micropython.dir/home/user/micropython/source/microbit/microbitpin.cpp.o
                0x000037f8                microbit_pin_write_digital
 .text.microbit_pin_write_analog
                0x0000382c       0x64 source/CMakeFiles/microbit-micropython.dir/home/user/micropython/source/microbit/microbitpin.cpp.o
                0x0000382c                microbit_pin_write_analog
 .text.microbit_obj_get_pin
                0x00003890       0x40 source/CMakeFiles/microbit-micropython.dir/home/user/micropython/source/microbit/microbitpin.cpp.o
                0x00003890                microbit_obj_get_pin
 .text.mp_lexer_new_from_str_len
                0x000038d0       0x34 source/CMakeFiles/microbit-micropython.dir/home/user/micropython/source/py/lexerstr.c.o
                0x000038d0                mp_lexer_new_from_str_len
 .text.stream_unbuffered_readline
                0x00003904       0xe8 source/CMakeFiles/microbit-micropython.dir/home/user/micropython/source/py/stream.c.o
 .text.stream_readall
                0x000039ec       0xc4 source/CMakeFiles/microbit-micropython.dir/home/user/micropython/source/py/stream.c.o
 .text.stream_read
                0x00003ab0      0x188 source/CMakeFiles/microbit-micropython.dir/home/user/micropython/source/py/stream.c.o
 .text.stream_readinto
                0x00003c38       0x80 source/CMakeFiles/microbit-micropython.dir/home/user/micropython/source/py/stream.c.o
 .text.mp_stream_write
                0x00003cb8       0x50 source/CMakeFiles/microbit-micropython.dir/home/user/micropython/source/py/stream.c.o
                0x00003cb8                mp_stream_write
 .text.mp_format_float
                0x00003d08      0x460 source/CMakeFiles/microbit-micropython.dir/home/user/micropython/source/py/formatfloat.c.o
                0x00003d08                mp_format_float
 .text.dict_values
                0x00004168       0x1c source/CMakeFiles/microbit-micropython.dir/home/user/micropython/source/py/objdict.c.o
 .text.dict_view_getiter
                0x00004184       0x20 source/CMakeFiles/microbit-micropython.dir/home/user/micropython/source/py/objdict.c.o
 .text.dict_getiter
                0x000041a4       0x1c source/CMakeFiles/microbit-micropython.dir/home/user/micropython/source/py/objdict.c.o
 .text.dict_clear
                0x000041c0       0x10 source/CMakeFiles/microbit-micropython.dir/home/user/micropython/source/py/objdict.c.o
 .text.dict_view_print
                0x000041d0       0x64 source/CMakeFiles/microbit-micropython.dir/home/user/micropython/source/py/objdict.c.o
 .text.dict_print
                0x00004234       0x94 source/CMakeFiles/microbit-micropython.dir/home/user/micropython/source/py/objdict.c.o
 .text.dict_unary_op
                0x000042c8       0x2c source/CMakeFiles/microbit-micropython.dir/home/user/micropython/source/py/objdict.c.o
 .text.dict_get_helper
                0x000042f4       0x4c source/CMakeFiles/microbit-micropython.dir/home/user/micropython/source/py/objdict.c.o
 .text.dict_popitem
                0x00004340       0x48 source/CMakeFiles/microbit-micropython.dir/home/user/micropython/source/py/objdict.c.o
 .text.dict_binary_op
                0x00004388       0x98 source/CMakeFiles/microbit-micropython.dir/home/user/micropython/source/py/objdict.c.o
 .text.dict_update
                0x00004420       0xec source/CMakeFiles/microbit-micropython.dir/home/user/micropython/source/py/objdict.c.o
 .text.dict_items
                0x0000450c       0x1c source/CMakeFiles/microbit-micropython.dir/home/user/micropython/source/py/objdict.c.o
 .text.dict_keys
                0x00004528       0x1c source/CMakeFiles/microbit-micropython.dir/home/user/micropython/source/py/objdict.c.o
 .text.mp_obj_dict_get
                0x00004544       0x28 source/CMakeFiles/microbit-micropython.dir/home/user/micropython/source/py/objdict.c.o
                0x00004544                mp_obj_dict_get
 .text.mp_obj_dict_init
                0x0000456c       0x10 source/CMakeFiles/microbit-micropython.dir/home/user/micropython/source/py/objdict.c.o
                0x0000456c                mp_obj_dict_init
 .text.dict_fromkeys
                0x0000457c       0x44 source/CMakeFiles/microbit-micropython.dir/home/user/micropython/source/py/objdict.c.o
 .text.dict_make_new
                0x000045c0       0x50 source/CMakeFiles/microbit-micropython.dir/home/user/micropython/source/py/objdict.c.o
 .text.dict_subscr
                0x00004610       0x40 source/CMakeFiles/microbit-micropython.dir/home/user/micropython/source/py/objdict.c.o
 .text.mp_locals_get
                0x00004650        0xc source/CMakeFiles/microbit-micropython.dir/home/user/micropython/source/py/modbuiltins.c.o
 .text.mp_globals_get
                0x0000465c        0xc source/CMakeFiles/microbit-micropython.dir/home/user/micropython/source/py/modbuiltins.c.o
 .text.mp_builtin___build_class__
                0x00004668       0x74 source/CMakeFiles/microbit-micropython.dir/home/user/micropython/source/py/modbuiltins.c.o
 .text.mp_builtin_abs
                0x000046dc       0x50 source/CMakeFiles/microbit-micropython.dir/home/user/micropython/source/py/modbuiltins.c.o
 .text.mp_builtin_all
                0x0000472c       0x2c source/CMakeFiles/microbit-micropython.dir/home/user/micropython/source/py/modbuiltins.c.o
 .text.mp_builtin_any
                0x00004758       0x2c source/CMakeFiles/microbit-micropython.dir/home/user/micropython/source/py/modbuiltins.c.o
 .text.mp_builtin_bin
                0x00004784       0x18 source/CMakeFiles/microbit-micropython.dir/home/user/micropython/source/py/modbuiltins.c.o
 .text.mp_builtin_callable
                0x0000479c       0x1c source/CMakeFiles/microbit-micropython.dir/home/user/micropython/source/py/modbuiltins.c.o
 .text.mp_builtin_chr
                0x000047b8       0xac source/CMakeFiles/microbit-micropython.dir/home/user/micropython/source/py/modbuiltins.c.o
 .text.mp_builtin_hex
                0x00004864       0x14 source/CMakeFiles/microbit-micropython.dir/home/user/micropython/source/py/modbuiltins.c.o
 .text.mp_builtin_oct
                0x00004878       0x14 source/CMakeFiles/microbit-micropython.dir/home/user/micropython/source/py/modbuiltins.c.o
 .text.mp_builtin_min_max
                0x0000488c       0xd4 source/CMakeFiles/microbit-micropython.dir/home/user/micropython/source/py/modbuiltins.c.o
 .text.mp_builtin_ord
                0x00004960       0x94 source/CMakeFiles/microbit-micropython.dir/home/user/micropython/source/py/modbuiltins.c.o
 .text.mp_builtin_print
                0x000049f4       0xb4 source/CMakeFiles/microbit-micropython.dir/home/user/micropython/source/py/modbuiltins.c.o
 .text.mp_builtin___repl_print__
                0x00004aa8       0x4c source/CMakeFiles/microbit-micropython.dir/home/user/micropython/source/py/modbuiltins.c.o
 .text.mp_builtin_repr
                0x00004af4       0x2c source/CMakeFiles/microbit-micropython.dir/home/user/micropython/source/py/modbuiltins.c.o
 .text.mp_builtin_round
                0x00004b20       0xb0 source/CMakeFiles/microbit-micropython.dir/home/user/micropython/source/py/modbuiltins.c.o
 .text.mp_builtin_hasattr
                0x00004bd0       0x20 source/CMakeFiles/microbit-micropython.dir/home/user/micropython/source/py/modbuiltins.c.o
 .text.mp_builtin_getattr
                0x00004bf0       0x40 source/CMakeFiles/microbit-micropython.dir/home/user/micropython/source/py/modbuiltins.c.o
 .text.mp_builtin_setattr
                0x00004c30       0x20 source/CMakeFiles/microbit-micropython.dir/home/user/micropython/source/py/modbuiltins.c.o
 .text.mp_builtin_dir
                0x00004c50       0x8c source/CMakeFiles/microbit-micropython.dir/home/user/micropython/source/py/modbuiltins.c.o
 .text.mp_builtin_next
                0x00004cdc       0x1c source/CMakeFiles/microbit-micropython.dir/home/user/micropython/source/py/modbuiltins.c.o
 .text.mp_builtin_sorted
                0x00004cf8       0x44 source/CMakeFiles/microbit-micropython.dir/home/user/micropython/source/py/modbuiltins.c.o
 .text.neopixel_init
                0x00004d3c       0x54 source/CMakeFiles/microbit-micropython.dir/home/user/micropython/source/lib/neopixel.c.o
                0x00004d3c                neopixel_init
 .text.neopixel_show
                0x00004d90      0x254 source/CMakeFiles/microbit-micropython.dir/home/user/micropython/source/lib/neopixel.c.o
                0x00004d90                neopixel_show
 .text.filter_iternext
                0x00004fe4       0x34 source/CMakeFiles/microbit-micropython.dir/home/user/micropython/source/py/objfilter.c.o
 .text.mp_seq_get_fast_slice_indexes
                0x00005018       0x74 source/CMakeFiles/microbit-micropython.dir/home/user/micropython/source/py/sequence.c.o
                0x00005018                mp_seq_get_fast_slice_indexes
 .text.mp_seq_cmp_objs
                0x0000508c       0xa0 source/CMakeFiles/microbit-micropython.dir/home/user/micropython/source/py/sequence.c.o
                0x0000508c                mp_seq_cmp_objs
 .text.mp_seq_index_obj
                0x0000512c       0x74 source/CMakeFiles/microbit-micropython.dir/home/user/micropython/source/py/sequence.c.o
                0x0000512c                mp_seq_index_obj
 .text.readline_auto_indent
                0x000051a0       0x90 source/CMakeFiles/microbit-micropython.dir/home/user/micropython/source/lib/readline.c.o
 .text.readline_init
                0x00005230       0x28 source/CMakeFiles/microbit-micropython.dir/home/user/micropython/source/lib/readline.c.o
                0x00005230                readline_init
 .text.readline_push_history
                0x00005258       0x54 source/CMakeFiles/microbit-micropython.dir/home/user/micropython/source/lib/readline.c.o
                0x00005258                readline_push_history
 .text.readline_process_char
                0x000052ac      0x320 source/CMakeFiles/microbit-micropython.dir/home/user/micropython/source/lib/readline.c.o
                0x000052ac                readline_process_char
 .text.asm_thumb_entry
                0x000055cc       0x4c source/CMakeFiles/microbit-micropython.dir/home/user/micropython/source/py/asmthumb.c.o
                0x000055cc                asm_thumb_entry
 .text.microbit_button_is_pressed
                0x00005618       0x1c source/CMakeFiles/microbit-micropython.dir/home/user/micropython/source/microbit/microbitbutton.cpp.o
                0x00005618                microbit_button_is_pressed
 .text.microbit_i2c_write
                0x00005634       0x40 source/CMakeFiles/microbit-micropython.dir/home/user/micropython/source/microbit/microbiti2c.cpp.o
 .text.microbit_i2c_read
                0x00005674       0x44 source/CMakeFiles/microbit-micropython.dir/home/user/micropython/source/microbit/microbiti2c.cpp.o
 .text.float_unary_op
                0x000056b8       0x4c source/CMakeFiles/microbit-micropython.dir/home/user/micropython/source/py/objfloat.c.o
 .text.float_print
                0x00005704       0x60 source/CMakeFiles/microbit-micropython.dir/home/user/micropython/source/py/objfloat.c.o
 .text.float_make_new
                0x00005764       0x78 source/CMakeFiles/microbit-micropython.dir/home/user/micropython/source/py/objfloat.c.o
 .text.mp_obj_float_binary_op
                0x000057dc      0x198 source/CMakeFiles/microbit-micropython.dir/home/user/micropython/source/py/objfloat.c.o
                0x000057dc                mp_obj_float_binary_op
 .text.mp_obj_get_type
                0x00005974       0x34 source/CMakeFiles/microbit-micropython.dir/home/user/micropython/source/py/obj.c.o
                0x00005974                mp_obj_get_type
 .text.mp_obj_print_helper
                0x000059a8       0x34 source/CMakeFiles/microbit-micropython.dir/home/user/micropython/source/py/obj.c.o
                0x000059a8                mp_obj_print_helper
 .text.mp_obj_print
                0x000059dc       0x14 source/CMakeFiles/microbit-micropython.dir/home/user/micropython/source/py/obj.c.o
                0x000059dc                mp_obj_print
 .text.mp_obj_print_exception
                0x000059f0       0x90 source/CMakeFiles/microbit-micropython.dir/home/user/micropython/source/py/obj.c.o
                0x000059f0                mp_obj_print_exception
 .text.mp_obj_is_callable
                0x00005a80       0x24 source/CMakeFiles/microbit-micropython.dir/home/user/micropython/source/py/obj.c.o
                0x00005a80                mp_obj_is_callable
 .text.mp_obj_equal
                0x00005aa4       0xa4 source/CMakeFiles/microbit-micropython.dir/home/user/micropython/source/py/obj.c.o
                0x00005aa4                mp_obj_equal
 .text.mp_obj_get_int
                0x00005b48       0x58 source/CMakeFiles/microbit-micropython.dir/home/user/micropython/source/py/obj.c.o
                0x00005b48                mp_obj_get_int
 .text.mp_obj_get_int_truncated
                0x00005ba0       0x24 source/CMakeFiles/microbit-micropython.dir/home/user/micropython/source/py/obj.c.o
                0x00005ba0                mp_obj_get_int_truncated
 .text.mp_obj_get_int_maybe
                0x00005bc4       0x4c source/CMakeFiles/microbit-micropython.dir/home/user/micropython/source/py/obj.c.o
                0x00005bc4                mp_obj_get_int_maybe
 .text.mp_obj_get_float
                0x00005c10       0x7c source/CMakeFiles/microbit-micropython.dir/home/user/micropython/source/py/obj.c.o
                0x00005c10                mp_obj_get_float
 .text.mp_obj_get_array
                0x00005c8c       0x44 source/CMakeFiles/microbit-micropython.dir/home/user/micropython/source/py/obj.c.o
                0x00005c8c                mp_obj_get_array
 .text.mp_obj_get_array_fixed_n
                0x00005cd0       0x28 source/CMakeFiles/microbit-micropython.dir/home/user/micropython/source/py/obj.c.o
                0x00005cd0                mp_obj_get_array_fixed_n
 .text.mp_get_index
                0x00005cf8       0x88 source/CMakeFiles/microbit-micropython.dir/home/user/micropython/source/py/obj.c.o
                0x00005cf8                mp_get_index
 .text.mp_obj_len_maybe
                0x00005d80       0x48 source/CMakeFiles/microbit-micropython.dir/home/user/micropython/source/py/obj.c.o
                0x00005d80                mp_obj_len_maybe
 .text.mp_obj_is_true
                0x00005dc8       0x6c source/CMakeFiles/microbit-micropython.dir/home/user/micropython/source/py/obj.c.o
                0x00005dc8                mp_obj_is_true
 .text.mp_obj_len
                0x00005e34       0x2c source/CMakeFiles/microbit-micropython.dir/home/user/micropython/source/py/obj.c.o
                0x00005e34                mp_obj_len
 .text.mp_obj_subscr
                0x00005e60       0x68 source/CMakeFiles/microbit-micropython.dir/home/user/micropython/source/py/obj.c.o
                0x00005e60                mp_obj_subscr
 .text.mp_get_buffer_raise
                0x00005ec8       0x20 source/CMakeFiles/microbit-micropython.dir/home/user/micropython/source/py/obj.c.o
                0x00005ec8                mp_get_buffer_raise
 .text.antigravity
                0x00005ee8       0x70 source/CMakeFiles/microbit-micropython.dir/home/user/micropython/source/microbit/modantigravity.cpp.o
                0x00005ee8                antigravity
 .text.antigravity__init__
                0x00005f58       0x10 source/CMakeFiles/microbit-micropython.dir/home/user/micropython/source/microbit/modantigravity.cpp.o
 .text.gen_wrap_call
                0x00005f68       0x78 source/CMakeFiles/microbit-micropython.dir/home/user/micropython/source/py/objgenerator.c.o
 .text.gen_instance_print
                0x00005fe0       0x20 source/CMakeFiles/microbit-micropython.dir/home/user/micropython/source/py/objgenerator.c.o
 .text.mp_obj_new_gen_wrap
                0x00006000       0x18 source/CMakeFiles/microbit-micropython.dir/home/user/micropython/source/py/objgenerator.c.o
                0x00006000                mp_obj_new_gen_wrap
 .text.mp_obj_gen_resume
                0x00006018       0x80 source/CMakeFiles/microbit-micropython.dir/home/user/micropython/source/py/objgenerator.c.o
                0x00006018                mp_obj_gen_resume
 .text.gen_resume_and_raise
                0x00006098       0x84 source/CMakeFiles/microbit-micropython.dir/home/user/micropython/source/py/objgenerator.c.o
 .text.gen_instance_throw
                0x0000611c       0x34 source/CMakeFiles/microbit-micropython.dir/home/user/micropython/source/py/objgenerator.c.o
 .text.gen_instance_send
                0x00006150       0x1c source/CMakeFiles/microbit-micropython.dir/home/user/micropython/source/py/objgenerator.c.o
 .text.gen_instance_iternext
                0x0000616c       0x10 source/CMakeFiles/microbit-micropython.dir/home/user/micropython/source/py/objgenerator.c.o
 .text.gen_instance_close
                0x0000617c       0x64 source/CMakeFiles/microbit-micropython.dir/home/user/micropython/source/py/objgenerator.c.o
 .text.get_arg_reg
                0x000061e0       0xa0 source/CMakeFiles/microbit-micropython.dir/home/user/micropython/source/py/emitinlinethumb.c.o
 .text.get_arg_reglist
                0x00006280       0xb8 source/CMakeFiles/microbit-micropython.dir/home/user/micropython/source/py/emitinlinethumb.c.o
 .text.get_arg_i
                0x00006338       0x4c source/CMakeFiles/microbit-micropython.dir/home/user/micropython/source/py/emitinlinethumb.c.o
 .text.get_arg_label
                0x00006384       0x68 source/CMakeFiles/microbit-micropython.dir/home/user/micropython/source/py/emitinlinethumb.c.o
 .text.emit_inline_thumb_op
                0x000063ec      0x4e4 source/CMakeFiles/microbit-micropython.dir/home/user/micropython/source/py/emitinlinethumb.c.o
 .text.emit_inline_thumb_count_params
                0x000068d0       0x74 source/CMakeFiles/microbit-micropython.dir/home/user/micropython/source/py/emitinlinethumb.c.o
 .text.mp_obj_exception_make_new
                0x00006944       0x50 source/CMakeFiles/microbit-micropython.dir/home/user/micropython/source/py/objexcept.c.o
                0x00006944                mp_obj_exception_make_new
 .text.exc___init__
                0x00006994       0x14 source/CMakeFiles/microbit-micropython.dir/home/user/micropython/source/py/objexcept.c.o
 .text.mp_obj_exception_print
                0x000069a8       0x74 source/CMakeFiles/microbit-micropython.dir/home/user/micropython/source/py/objexcept.c.o
 .text.mp_obj_exception_get_value
                0x00006a1c       0x14 source/CMakeFiles/microbit-micropython.dir/home/user/micropython/source/py/objexcept.c.o
                0x00006a1c                mp_obj_exception_get_value
 .text.exception_attr
                0x00006a30       0x2c source/CMakeFiles/microbit-micropython.dir/home/user/micropython/source/py/objexcept.c.o
 .text.mp_obj_new_exception_msg_varg
                0x00006a5c       0x90 source/CMakeFiles/microbit-micropython.dir/home/user/micropython/source/py/objexcept.c.o
                0x00006a5c                mp_obj_new_exception_msg_varg
 .text.mp_obj_is_exception_type
                0x00006aec       0x30 source/CMakeFiles/microbit-micropython.dir/home/user/micropython/source/py/objexcept.c.o
                0x00006aec                mp_obj_is_exception_type
 .text.mp_obj_exception_clear_traceback
                0x00006b1c       0x1c source/CMakeFiles/microbit-micropython.dir/home/user/micropython/source/py/objexcept.c.o
                0x00006b1c                mp_obj_exception_clear_traceback
 .text.mp_obj_exception_add_traceback
                0x00006b38       0x70 source/CMakeFiles/microbit-micropython.dir/home/user/micropython/source/py/objexcept.c.o
                0x00006b38                mp_obj_exception_add_traceback
 .text.mp_obj_exception_get_traceback
                0x00006ba8       0x2c source/CMakeFiles/microbit-micropython.dir/home/user/micropython/source/py/objexcept.c.o
                0x00006ba8                mp_obj_exception_get_traceback
 .text.mp_execute_bytecode
                0x00006bd4      0xc90 source/CMakeFiles/microbit-micropython.dir/home/user/micropython/source/py/vm.c.o
                0x00006bd4                mp_execute_bytecode
 .text.mp_repl_continue_with_input
                0x00007864      0x164 source/CMakeFiles/microbit-micropython.dir/home/user/micropython/source/py/repl.c.o
                0x00007864                mp_repl_continue_with_input
 .text.mp_repl_autocomplete
                0x000079c8      0x224 source/CMakeFiles/microbit-micropython.dir/home/user/micropython/source/py/repl.c.o
                0x000079c8                mp_repl_autocomplete
 .text.map_make_new
                0x00007bec       0x54 source/CMakeFiles/microbit-micropython.dir/home/user/micropython/source/py/objmap.c.o
 .text.mp_arg_check_num
                0x00007c40       0x64 source/CMakeFiles/microbit-micropython.dir/home/user/micropython/source/py/argcheck.c.o
                0x00007c40                mp_arg_check_num
 .text.mp_arg_parse_all
                0x00007ca4       0xc8 source/CMakeFiles/microbit-micropython.dir/home/user/micropython/source/py/argcheck.c.o
                0x00007ca4                mp_arg_parse_all
 .text.love     0x00007d6c       0x80 source/CMakeFiles/microbit-micropython.dir/home/user/micropython/source/microbit/modlove.cpp.o
                0x00007d6c                love
 .text.love_badaboom
                0x00007dec       0x10 source/CMakeFiles/microbit-micropython.dir/home/user/micropython/source/microbit/modlove.cpp.o
 .text.module_print
                0x00007dfc       0x14 source/CMakeFiles/microbit-micropython.dir/home/user/micropython/source/py/objmodule.c.o
 .text.module_attr
                0x00007e10       0x68 source/CMakeFiles/microbit-micropython.dir/home/user/micropython/source/py/objmodule.c.o
 .text.mp_obj_new_module
                0x00007e78       0x48 source/CMakeFiles/microbit-micropython.dir/home/user/micropython/source/py/objmodule.c.o
                0x00007e78                mp_obj_new_module
 .text.mp_module_init
                0x00007ec0       0x10 source/CMakeFiles/microbit-micropython.dir/home/user/micropython/source/py/objmodule.c.o
                0x00007ec0                mp_module_init
 .text.mp_module_deinit
                0x00007ed0       0x10 source/CMakeFiles/microbit-micropython.dir/home/user/micropython/source/py/objmodule.c.o
                0x00007ed0                mp_module_deinit
 .text.mp_module_register
                0x00007ee0       0x1c source/CMakeFiles/microbit-micropython.dir/home/user/micropython/source/py/objmodule.c.o
                0x00007ee0                mp_module_register
 .text.mp_module_get
                0x00007efc       0x54 source/CMakeFiles/microbit-micropython.dir/home/user/micropython/source/py/objmodule.c.o
                0x00007efc                mp_module_get
 .text.mp_emit_glue_assign_bytecode
                0x00007f50       0x48 source/CMakeFiles/microbit-micropython.dir/home/user/micropython/source/py/emitglue.c.o
                0x00007f50                mp_emit_glue_assign_bytecode
 .text.mp_emit_glue_assign_native
                0x00007f98       0x4c source/CMakeFiles/microbit-micropython.dir/home/user/micropython/source/py/emitglue.c.o
                0x00007f98                mp_emit_glue_assign_native
 .text.array_unary_op
                0x00007fe4       0x28 source/CMakeFiles/microbit-micropython.dir/home/user/micropython/source/py/objarray.c.o
 .text.array_extend
                0x0000800c       0x6c source/CMakeFiles/microbit-micropython.dir/home/user/micropython/source/py/objarray.c.o
 .text.array_append
                0x00008078       0x6c source/CMakeFiles/microbit-micropython.dir/home/user/micropython/source/py/objarray.c.o
 .text.array_iterator_new
                0x000080e4       0x18 source/CMakeFiles/microbit-micropython.dir/home/user/micropython/source/py/objarray.c.o
 .text.array_print
                0x000080fc       0x8c source/CMakeFiles/microbit-micropython.dir/home/user/micropython/source/py/objarray.c.o
 .text.array_new
                0x00008188       0x58 source/CMakeFiles/microbit-micropython.dir/home/user/micropython/source/py/objarray.c.o
 .text.array_binary_op
                0x000081e0       0xc8 source/CMakeFiles/microbit-micropython.dir/home/user/micropython/source/py/objarray.c.o
 .text.array_construct
                0x000082a8       0xb4 source/CMakeFiles/microbit-micropython.dir/home/user/micropython/source/py/objarray.c.o
 .text.array_subscr
                0x0000835c       0xa4 source/CMakeFiles/microbit-micropython.dir/home/user/micropython/source/py/objarray.c.o
 .text.bytearray_make_new
                0x00008400       0x64 source/CMakeFiles/microbit-micropython.dir/home/user/micropython/source/py/objarray.c.o
 .text.mp_lexer_next_token_into
                0x00008464      0x684 source/CMakeFiles/microbit-micropython.dir/home/user/micropython/source/py/lexer.c.o
 .text.microbit_music_reset
                0x00008ae8       0x14 source/CMakeFiles/microbit-micropython.dir/home/user/micropython/source/microbit/microbitmusic.cpp.o
 .text.microbit_music_stop
                0x00008afc       0x24 source/CMakeFiles/microbit-micropython.dir/home/user/micropython/source/microbit/microbitmusic.cpp.o
 .text.microbit_music_set_tempo
                0x00008b20       0x34 source/CMakeFiles/microbit-micropython.dir/home/user/micropython/source/microbit/microbitmusic.cpp.o
 .text.microbit_music_pitch
                0x00008b54       0x64 source/CMakeFiles/microbit-micropython.dir/home/user/micropython/source/microbit/microbitmusic.cpp.o
 .text.microbit_music_play
                0x00008bb8      0x1f4 source/CMakeFiles/microbit-micropython.dir/home/user/micropython/source/microbit/microbitmusic.cpp.o
 .text.update.isra.0
                0x00008dac       0x30 source/CMakeFiles/microbit-micropython.dir/home/user/micropython/source/microbit/microbitaccelerometer.cpp.o
 .text.mp_map_lookup
                0x00008ddc      0x1ec source/CMakeFiles/microbit-micropython.dir/home/user/micropython/source/py/map.c.o
                0x00008ddc                mp_map_lookup
 .text.mp_map_rehash
                0x00008fc8       0x70 source/CMakeFiles/microbit-micropython.dir/home/user/micropython/source/py/map.c.o
 .text.zip_make_new
                0x00009038       0x48 source/CMakeFiles/microbit-micropython.dir/home/user/micropython/source/py/objzip.c.o
 .text.vstr_init_print
                0x00009080       0x18 source/CMakeFiles/microbit-micropython.dir/home/user/micropython/source/py/vstr.c.o
                0x00009080                vstr_init_print
 .text.vstr_add_char
                0x00009098       0xa8 source/CMakeFiles/microbit-micropython.dir/home/user/micropython/source/py/vstr.c.o
                0x00009098                vstr_add_char
 .text.vstr_vprintf
                0x00009140       0x14 source/CMakeFiles/microbit-micropython.dir/home/user/micropython/source/py/vstr.c.o
                0x00009140                vstr_vprintf
 .text.microbit_compass_is_calibrated
                0x00009154       0x1c source/CMakeFiles/microbit-micropython.dir/home/user/micropython/source/microbit/microbitcompass.cpp.o
                0x00009154                microbit_compass_is_calibrated
 .text.microbit_compass_calibrate
                0x00009170       0x10 source/CMakeFiles/microbit-micropython.dir/home/user/micropython/source/microbit/microbitcompass.cpp.o
                0x00009170                microbit_compass_calibrate
 .text.microbit_compass_is_calibrating
                0x00009180       0x1c source/CMakeFiles/microbit-micropython.dir/home/user/micropython/source/microbit/microbitcompass.cpp.o
                0x00009180                microbit_compass_is_calibrating
 .text.microbit_compass_clear_calibration
                0x0000919c       0x10 source/CMakeFiles/microbit-micropython.dir/home/user/micropython/source/microbit/microbitcompass.cpp.o
                0x0000919c                microbit_compass_clear_calibration
 .text.update.isra.0
                0x000091ac       0x30 source/CMakeFiles/microbit-micropython.dir/home/user/micropython/source/microbit/microbitcompass.cpp.o
 .text.emit_write_bytecode_byte_uint
                0x000091dc       0x1c source/CMakeFiles/microbit-micropython.dir/home/user/micropython/source/py/emitbc.c.o
 .text.emit_write_bytecode_byte_signed_label
                0x000091f8       0x30 source/CMakeFiles/microbit-micropython.dir/home/user/micropython/source/py/emitbc.c.o
 .text.mp_emit_bc_start_pass
                0x00009228       0xec source/CMakeFiles/microbit-micropython.dir/home/user/micropython/source/py/emitbc.c.o
                0x00009228                mp_emit_bc_start_pass
 .text.mp_emit_bc_end_pass
                0x00009314       0x7c source/CMakeFiles/microbit-micropython.dir/home/user/micropython/source/py/emitbc.c.o
                0x00009314                mp_emit_bc_end_pass
 .text.mp_emit_bc_set_source_line
                0x00009390       0x94 source/CMakeFiles/microbit-micropython.dir/home/user/micropython/source/py/emitbc.c.o
                0x00009390                mp_emit_bc_set_source_line
 .text.mp_emit_bc_load_const_tok
                0x00009424       0x38 source/CMakeFiles/microbit-micropython.dir/home/user/micropython/source/py/emitbc.c.o
                0x00009424                mp_emit_bc_load_const_tok
 .text.mp_emit_bc_unwind_jump
                0x0000945c       0x58 source/CMakeFiles/microbit-micropython.dir/home/user/micropython/source/py/emitbc.c.o
                0x0000945c                mp_emit_bc_unwind_jump
 .text.mp_builtin_open
                0x000094b4        0x8 source/CMakeFiles/microbit-micropython.dir/home/user/micropython/source/microbit/mprun.c.o
                0x000094b4                mp_builtin_open
 .text.microbit_display_exception
                0x000094bc       0x7c source/CMakeFiles/microbit-micropython.dir/home/user/micropython/source/microbit/mprun.c.o
                0x000094bc                microbit_display_exception
 .text.do_strn  0x00009538       0x80 source/CMakeFiles/microbit-micropython.dir/home/user/micropython/source/microbit/mprun.c.o
                0x00009538                do_strn
 .text.mp_run   0x000095b8       0xa0 source/CMakeFiles/microbit-micropython.dir/home/user/micropython/source/microbit/mprun.c.o
                0x000095b8                mp_run
 .text.gc_collect
                0x00009658       0x20 source/CMakeFiles/microbit-micropython.dir/home/user/micropython/source/microbit/mprun.c.o
                0x00009658                gc_collect
 .text.compile_load_id
                0x00009678       0x28 source/CMakeFiles/microbit-micropython.dir/home/user/micropython/source/py/compile.c.o
 .text.compile_store_id
                0x000096a0       0x28 source/CMakeFiles/microbit-micropython.dir/home/user/micropython/source/py/compile.c.o
 .text.compile_delete_id
                0x000096c8       0x28 source/CMakeFiles/microbit-micropython.dir/home/user/micropython/source/py/compile.c.o
 .text.compile_import_name
                0x000096f0       0x10 source/CMakeFiles/microbit-micropython.dir/home/user/micropython/source/py/compile.c.o
 .text.compile_del_stmt
                0x00009700       0x10 source/CMakeFiles/microbit-micropython.dir/home/user/micropython/source/py/compile.c.o
 .text.compile_funcdef_helper
                0x00009710       0x90 source/CMakeFiles/microbit-micropython.dir/home/user/micropython/source/py/compile.c.o
 .text.compile_syntax_error
                0x000097a0       0x28 source/CMakeFiles/microbit-micropython.dir/home/user/micropython/source/py/compile.c.o
 .text.compile_scope_inline_asm
                0x000097c8      0x254 source/CMakeFiles/microbit-micropython.dir/home/user/micropython/source/py/compile.c.o
 .text.compile_star_expr
                0x00009a1c       0x10 source/CMakeFiles/microbit-micropython.dir/home/user/micropython/source/py/compile.c.o
 .text.compile_node
                0x00009a2c      0x114 source/CMakeFiles/microbit-micropython.dir/home/user/micropython/source/py/compile.c.o
 .text.c_assign_tuple
                0x00009b40       0xf4 source/CMakeFiles/microbit-micropython.dir/home/user/micropython/source/py/compile.c.o
 .text.c_assign
                0x00009c34      0x200 source/CMakeFiles/microbit-micropython.dir/home/user/micropython/source/py/compile.c.o
 .text.compile_for_stmt
                0x00009e34      0x288 source/CMakeFiles/microbit-micropython.dir/home/user/micropython/source/py/compile.c.o
 .text.compile_expr_stmt
                0x0000a0bc      0x114 source/CMakeFiles/microbit-micropython.dir/home/user/micropython/source/py/compile.c.o
 .text.compile_trailer_paren_helper
                0x0000a1d0      0x19c source/CMakeFiles/microbit-micropython.dir/home/user/micropython/source/py/compile.c.o
 .text.compile_decorated
                0x0000a36c       0xfc source/CMakeFiles/microbit-micropython.dir/home/user/micropython/source/py/compile.c.o
 .text.compile_funcdef_param
                0x0000a468       0xcc source/CMakeFiles/microbit-micropython.dir/home/user/micropython/source/py/compile.c.o
 .text.compile_try_except
                0x0000a534      0x1b4 source/CMakeFiles/microbit-micropython.dir/home/user/micropython/source/py/compile.c.o
 .text.compile_nonlocal_stmt
                0x0000a6e8       0xa4 source/CMakeFiles/microbit-micropython.dir/home/user/micropython/source/py/compile.c.o
 .text.compile_global_stmt
                0x0000a78c       0x6c source/CMakeFiles/microbit-micropython.dir/home/user/micropython/source/py/compile.c.o
 .text.compile_continue_stmt
                0x0000a7f8       0x24 source/CMakeFiles/microbit-micropython.dir/home/user/micropython/source/py/compile.c.o
 .text.compile_break_stmt
                0x0000a81c       0x24 source/CMakeFiles/microbit-micropython.dir/home/user/micropython/source/py/compile.c.o
 .text.c_del_stmt
                0x0000a840      0x118 source/CMakeFiles/microbit-micropython.dir/home/user/micropython/source/py/compile.c.o
 .text.compile_scope_func_lambda_param.isra.13
                0x0000a958       0xd4 source/CMakeFiles/microbit-micropython.dir/home/user/micropython/source/py/compile.c.o
 .text.compile_return_stmt
                0x0000aa2c       0x44 source/CMakeFiles/microbit-micropython.dir/home/user/micropython/source/py/compile.c.o
 .text.compile_yield_expr
                0x0000aa70       0x70 source/CMakeFiles/microbit-micropython.dir/home/user/micropython/source/py/compile.c.o
 .text.compile_atom_brace
                0x0000aae0       0xc4 source/CMakeFiles/microbit-micropython.dir/home/user/micropython/source/py/compile.c.o
 .text.compile_scope
                0x0000aba4      0x210 source/CMakeFiles/microbit-micropython.dir/home/user/micropython/source/py/compile.c.o
 .text.mp_compile
                0x0000adb4      0x328 source/CMakeFiles/microbit-micropython.dir/home/user/micropython/source/py/compile.c.o
                0x0000adb4                mp_compile
 .text.it_iternext
                0x0000b0dc       0x58 source/CMakeFiles/microbit-micropython.dir/home/user/micropython/source/py/objgetitemiter.c.o
 .text.mp_obj_new_getitem_iter
                0x0000b134       0x20 source/CMakeFiles/microbit-micropython.dir/home/user/micropython/source/py/objgetitemiter.c.o
                0x0000b134                mp_obj_new_getitem_iter
 .text.mp_obj_class_lookup
                0x0000b154       0xf4 source/CMakeFiles/microbit-micropython.dir/home/user/micropython/source/py/objtype.c.o
 .text.super_attr
                0x0000b248       0x60 source/CMakeFiles/microbit-micropython.dir/home/user/micropython/source/py/objtype.c.o
 .text.type_print
                0x0000b2a8       0x14 source/CMakeFiles/microbit-micropython.dir/home/user/micropython/source/py/objtype.c.o
 .text.instance_subscr
                0x0000b2bc       0x80 source/CMakeFiles/microbit-micropython.dir/home/user/micropython/source/py/objtype.c.o
 .text.instance_unary_op
                0x0000b33c       0x88 source/CMakeFiles/microbit-micropython.dir/home/user/micropython/source/py/objtype.c.o
 .text.instance_print
                0x0000b3c4       0xb4 source/CMakeFiles/microbit-micropython.dir/home/user/micropython/source/py/objtype.c.o
 .text.super_print
                0x0000b478       0x40 source/CMakeFiles/microbit-micropython.dir/home/user/micropython/source/py/objtype.c.o
 .text.type_call
                0x0000b4b8       0x24 source/CMakeFiles/microbit-micropython.dir/home/user/micropython/source/py/objtype.c.o
 .text.instance_count_native_bases.isra.1
                0x0000b4dc       0x4c source/CMakeFiles/microbit-micropython.dir/home/user/micropython/source/py/objtype.c.o
 .text.mp_obj_instance_make_new
                0x0000b528      0x168 source/CMakeFiles/microbit-micropython.dir/home/user/micropython/source/py/objtype.c.o
                0x0000b528                mp_obj_instance_make_new
 .text.mp_obj_instance_call
                0x0000b690       0x48 source/CMakeFiles/microbit-micropython.dir/home/user/micropython/source/py/objtype.c.o
                0x0000b690                mp_obj_instance_call
 .text.instance_binary_op
                0x0000b6d8       0x5c source/CMakeFiles/microbit-micropython.dir/home/user/micropython/source/py/objtype.c.o
 .text.mp_obj_new_type
                0x0000b734       0xf4 source/CMakeFiles/microbit-micropython.dir/home/user/micropython/source/py/objtype.c.o
                0x0000b734                mp_obj_new_type
 .text.type_make_new
                0x0000b828       0x4c source/CMakeFiles/microbit-micropython.dir/home/user/micropython/source/py/objtype.c.o
 .text.mp_obj_new_super
                0x0000b874       0x1c source/CMakeFiles/microbit-micropython.dir/home/user/micropython/source/py/objtype.c.o
                0x0000b874                mp_obj_new_super
 .text.mp_obj_is_subclass_fast
                0x0000b890       0x60 source/CMakeFiles/microbit-micropython.dir/home/user/micropython/source/py/objtype.c.o
                0x0000b890                mp_obj_is_subclass_fast
 .text.mp_obj_is_subclass
                0x0000b8f0       0x84 source/CMakeFiles/microbit-micropython.dir/home/user/micropython/source/py/objtype.c.o
 .text.mp_builtin_issubclass
                0x0000b974       0x2c source/CMakeFiles/microbit-micropython.dir/home/user/micropython/source/py/objtype.c.o
 .text.find_qstr
                0x0000b9a0       0x24 source/CMakeFiles/microbit-micropython.dir/home/user/micropython/source/py/qstr.c.o
 .text.qstr_add
                0x0000b9c4       0x4c source/CMakeFiles/microbit-micropython.dir/home/user/micropython/source/py/qstr.c.o
 .text.qstr_compute_hash
                0x0000ba10       0x24 source/CMakeFiles/microbit-micropython.dir/home/user/micropython/source/py/qstr.c.o
                0x0000ba10                qstr_compute_hash
 .text.qstr_init
                0x0000ba34       0x14 source/CMakeFiles/microbit-micropython.dir/home/user/micropython/source/py/qstr.c.o
                0x0000ba34                qstr_init
 .text.qstr_find_strn
                0x0000ba48       0x6c source/CMakeFiles/microbit-micropython.dir/home/user/micropython/source/py/qstr.c.o
                0x0000ba48                qstr_find_strn
 .text.qstr_from_strn
                0x0000bab4       0xa8 source/CMakeFiles/microbit-micropython.dir/home/user/micropython/source/py/qstr.c.o
                0x0000bab4                qstr_from_strn
 .text.qstr_pool_info
                0x0000bb5c       0x78 source/CMakeFiles/microbit-micropython.dir/home/user/micropython/source/py/qstr.c.o
                0x0000bb5c                qstr_pool_info
 .text.qstr_dump_data
                0x0000bbd4       0x44 source/CMakeFiles/microbit-micropython.dir/home/user/micropython/source/py/qstr.c.o
                0x0000bbd4                qstr_dump_data
 .text.singleton_print
                0x0000bc18       0x14 source/CMakeFiles/microbit-micropython.dir/home/user/micropython/source/py/objsingleton.c.o
 .text.mp_obj_new_closure
                0x0000bc2c       0x30 source/CMakeFiles/microbit-micropython.dir/home/user/micropython/source/py/objclosure.c.o
                0x0000bc2c                mp_obj_new_closure
 .text.slice_print
                0x0000bc5c       0x54 source/CMakeFiles/microbit-micropython.dir/home/user/micropython/source/py/objslice.c.o
 .text.mp_obj_new_slice
                0x0000bcb0       0x20 source/CMakeFiles/microbit-micropython.dir/home/user/micropython/source/py/objslice.c.o
                0x0000bcb0                mp_obj_new_slice
 .text.async_stop
                0x0000bcd0       0x48 source/CMakeFiles/microbit-micropython.dir/home/user/micropython/source/microbit/microbitdisplay.cpp.o
 .text._ZN23_microbit_display_obj_t13setPinsForRowEh
                0x0000bd18       0x4c source/CMakeFiles/microbit-micropython.dir/home/user/micropython/source/microbit/microbitdisplay.cpp.o
                0x0000bd18                _microbit_display_obj_t::setPinsForRow(unsigned char)
 .text._ZN23_microbit_display_obj_t9renderRowEv
                0x0000bd64       0x48 source/CMakeFiles/microbit-micropython.dir/home/user/micropython/source/microbit/microbitdisplay.cpp.o
                0x0000bd64                _microbit_display_obj_t::renderRow()
 .text._ZN23_microbit_display_obj_t10advanceRowEv
                0x0000bdac       0x80 source/CMakeFiles/microbit-micropython.dir/home/user/micropython/source/microbit/microbitdisplay.cpp.o
                0x0000bdac                _microbit_display_obj_t::advanceRow()
 .text.microbit_display_tick
                0x0000be2c       0xfc source/CMakeFiles/microbit-micropython.dir/home/user/micropython/source/microbit/microbitdisplay.cpp.o
                0x0000be2c                microbit_display_tick
 .text.microbit_display_animate
                0x0000bf28       0x80 source/CMakeFiles/microbit-micropython.dir/home/user/micropython/source/microbit/microbitdisplay.cpp.o
                0x0000bf28                microbit_display_animate
 .text.microbit_display_print_func
                0x0000bfa8       0xa8 source/CMakeFiles/microbit-micropython.dir/home/user/micropython/source/microbit/microbitdisplay.cpp.o
                0x0000bfa8                microbit_display_print_func
 .text.microbit_display_animate_func
                0x0000c050       0x5c source/CMakeFiles/microbit-micropython.dir/home/user/micropython/source/microbit/microbitdisplay.cpp.o
 .text.microbit_display_scroll_func
                0x0000c0ac       0x48 source/CMakeFiles/microbit-micropython.dir/home/user/micropython/source/microbit/microbitdisplay.cpp.o
                0x0000c0ac                microbit_display_scroll_func
 .text.microbit_display_clear
                0x0000c0f4       0x38 source/CMakeFiles/microbit-micropython.dir/home/user/micropython/source/microbit/microbitdisplay.cpp.o
                0x0000c0f4                microbit_display_clear
 .text.microbit_display_clear_func
                0x0000c12c       0x10 source/CMakeFiles/microbit-micropython.dir/home/user/micropython/source/microbit/microbitdisplay.cpp.o
                0x0000c12c                microbit_display_clear_func
 .text.microbit_display_set_pixel
                0x0000c13c       0x44 source/CMakeFiles/microbit-micropython.dir/home/user/micropython/source/microbit/microbitdisplay.cpp.o
                0x0000c13c                microbit_display_set_pixel
 .text.microbit_display_set_pixel_func
                0x0000c180       0x30 source/CMakeFiles/microbit-micropython.dir/home/user/micropython/source/microbit/microbitdisplay.cpp.o
 .text.microbit_display_get_pixel
                0x0000c1b0       0x2c source/CMakeFiles/microbit-micropython.dir/home/user/micropython/source/microbit/microbitdisplay.cpp.o
                0x0000c1b0                microbit_display_get_pixel
 .text.microbit_display_init
                0x0000c1dc       0x28 source/CMakeFiles/microbit-micropython.dir/home/user/micropython/source/microbit/microbitdisplay.cpp.o
                0x0000c1dc                microbit_display_init
 .text.mp_obj_new_bound_meth
                0x0000c204       0x1c source/CMakeFiles/microbit-micropython.dir/home/user/micropython/source/py/objboundmeth.c.o
                0x0000c204                mp_obj_new_bound_meth
 .text.raise_exc
                0x0000c220       0x24 source/CMakeFiles/microbit-micropython.dir/home/user/micropython/source/py/parsenum.c.o
 .text.mp_parse_num_integer
                0x0000c244      0x114 source/CMakeFiles/microbit-micropython.dir/home/user/micropython/source/py/parsenum.c.o
                0x0000c244                mp_parse_num_integer
 .text.mp_parse_num_decimal
                0x0000c358      0x2a8 source/CMakeFiles/microbit-micropython.dir/home/user/micropython/source/py/parsenum.c.o
                0x0000c358                mp_parse_num_decimal
 .text.uart_rx_irq
                0x0000c600       0x5c source/CMakeFiles/microbit-micropython.dir/home/user/micropython/source/microbit/mphalport.cpp.o
                0x0000c600                uart_rx_irq
 .text.mp_hal_init
                0x0000c65c       0x44 source/CMakeFiles/microbit-micropython.dir/home/user/micropython/source/microbit/mphalport.cpp.o
                0x0000c65c                mp_hal_init
 .text.mp_hal_set_interrupt_char
                0x0000c6a0       0x20 source/CMakeFiles/microbit-micropython.dir/home/user/micropython/source/microbit/mphalport.cpp.o
                0x0000c6a0                mp_hal_set_interrupt_char
 .text.mp_hal_stdin_rx_any
                0x0000c6c0       0x18 source/CMakeFiles/microbit-micropython.dir/home/user/micropython/source/microbit/mphalport.cpp.o
                0x0000c6c0                mp_hal_stdin_rx_any
 .text.mp_hal_stdin_rx_chr
                0x0000c6d8       0x30 source/CMakeFiles/microbit-micropython.dir/home/user/micropython/source/microbit/mphalport.cpp.o
                0x0000c6d8                mp_hal_stdin_rx_chr
 .text.mp_hal_stdout_tx_strn
                0x0000c708       0x1c source/CMakeFiles/microbit-micropython.dir/home/user/micropython/source/microbit/mphalport.cpp.o
                0x0000c708                mp_hal_stdout_tx_strn
 .text.mp_hal_stdout_tx_strn_cooked
                0x0000c724       0x2c source/CMakeFiles/microbit-micropython.dir/home/user/micropython/source/microbit/mphalport.cpp.o
                0x0000c724                mp_hal_stdout_tx_strn_cooked
 .text.mp_hal_move_cursor_back
                0x0000c750       0x20 source/CMakeFiles/microbit-micropython.dir/home/user/micropython/source/microbit/mphalport.cpp.o
                0x0000c750                mp_hal_move_cursor_back
 .text.mp_hal_erase_line_from_cursor
                0x0000c770       0x28 source/CMakeFiles/microbit-micropython.dir/home/user/micropython/source/microbit/mphalport.cpp.o
                0x0000c770                mp_hal_erase_line_from_cursor
 .text.mp_hal_display_string
                0x0000c798       0x1c source/CMakeFiles/microbit-micropython.dir/home/user/micropython/source/microbit/mphalport.cpp.o
                0x0000c798                mp_hal_display_string
 .text.mp_hal_delay_ms
                0x0000c7b4       0x38 source/CMakeFiles/microbit-micropython.dir/home/user/micropython/source/microbit/mphalport.cpp.o
                0x0000c7b4                mp_hal_delay_ms
 .text.mp_binary_get_size
                0x0000c7ec       0x44 source/CMakeFiles/microbit-micropython.dir/home/user/micropython/source/py/binary.c.o
                0x0000c7ec                mp_binary_get_size
 .text.mp_binary_get_val_array
                0x0000c830       0xc0 source/CMakeFiles/microbit-micropython.dir/home/user/micropython/source/py/binary.c.o
                0x0000c830                mp_binary_get_val_array
 .text.mp_binary_get_val
                0x0000c8f0       0xd0 source/CMakeFiles/microbit-micropython.dir/home/user/micropython/source/py/binary.c.o
                0x0000c8f0                mp_binary_get_val
 .text.mp_binary_set_val
                0x0000c9c0       0xe0 source/CMakeFiles/microbit-micropython.dir/home/user/micropython/source/py/binary.c.o
                0x0000c9c0                mp_binary_set_val
 .text.mp_binary_set_val_array
                0x0000caa0       0x74 source/CMakeFiles/microbit-micropython.dir/home/user/micropython/source/py/binary.c.o
                0x0000caa0                mp_binary_set_val_array
 .text.mp_micropython_mem_info
                0x0000cb14       0x38 source/CMakeFiles/microbit-micropython.dir/home/user/micropython/source/py/modmicropython.c.o
                0x0000cb14                mp_micropython_mem_info
 .text.mp_micropython_qstr_info
                0x0000cb4c       0x40 source/CMakeFiles/microbit-micropython.dir/home/user/micropython/source/py/modmicropython.c.o
 .text.pyb_help
                0x0000cb8c      0x12c source/CMakeFiles/microbit-micropython.dir/home/user/micropython/source/microbit/help.c.o
 .text.this_authors
                0x0000ccb8       0x20 source/CMakeFiles/microbit-micropython.dir/home/user/micropython/source/microbit/modthis.cpp.o
 .text.this__init__
                0x0000ccd8       0x20 source/CMakeFiles/microbit-micropython.dir/home/user/micropython/source/microbit/modthis.cpp.o
 .text.push_rule_from_arg
                0x0000ccf8       0x1c source/CMakeFiles/microbit-micropython.dir/home/user/micropython/source/py/parse.c.o
 .text.pt_ins_rule.isra.7
                0x0000cd14      0x1cc source/CMakeFiles/microbit-micropython.dir/home/user/micropython/source/py/parse.c.o
 .text.mp_parse
                0x0000cee0      0x40c source/CMakeFiles/microbit-micropython.dir/home/user/micropython/source/py/parse.c.o
                0x0000cee0                mp_parse
 .text.namedtuple_make_new
                0x0000d2ec       0xd8 source/CMakeFiles/microbit-micropython.dir/home/user/micropython/source/py/objnamedtuple.c.o
 .text.namedtuple_print
                0x0000d3c4       0x24 source/CMakeFiles/microbit-micropython.dir/home/user/micropython/source/py/objnamedtuple.c.o
 .text.new_namedtuple_type
                0x0000d3e8       0xc0 source/CMakeFiles/microbit-micropython.dir/home/user/micropython/source/py/objnamedtuple.c.o
 .text.namedtuple_attr
                0x0000d4a8       0x44 source/CMakeFiles/microbit-micropython.dir/home/user/micropython/source/py/objnamedtuple.c.o
 .text.mp_obj_new_cell
                0x0000d4ec       0x18 source/CMakeFiles/microbit-micropython.dir/home/user/micropython/source/py/objcell.c.o
                0x0000d4ec                mp_obj_new_cell
 .text.unichar_isspace
                0x0000d504       0x18 source/CMakeFiles/microbit-micropython.dir/home/user/micropython/source/py/unicode.c.o
                0x0000d504                unichar_isspace
 .text.unichar_isalpha
                0x0000d51c       0x18 source/CMakeFiles/microbit-micropython.dir/home/user/micropython/source/py/unicode.c.o
                0x0000d51c                unichar_isalpha
 .text.unichar_isdigit
                0x0000d534       0x18 source/CMakeFiles/microbit-micropython.dir/home/user/micropython/source/py/unicode.c.o
                0x0000d534                unichar_isdigit
 .text.unichar_isxdigit
                0x0000d54c       0x18 source/CMakeFiles/microbit-micropython.dir/home/user/micropython/source/py/unicode.c.o
                0x0000d54c                unichar_isxdigit
 .text.unichar_isupper
                0x0000d564       0x18 source/CMakeFiles/microbit-micropython.dir/home/user/micropython/source/py/unicode.c.o
                0x0000d564                unichar_isupper
 .text.unichar_islower
                0x0000d57c       0x18 source/CMakeFiles/microbit-micropython.dir/home/user/micropython/source/py/unicode.c.o
                0x0000d57c                unichar_islower
 .text.range_unary_op
                0x0000d594       0x30 source/CMakeFiles/microbit-micropython.dir/home/user/micropython/source/py/objrange.c.o
 .text.range_getiter
                0x0000d5c4       0x20 source/CMakeFiles/microbit-micropython.dir/home/user/micropython/source/py/objrange.c.o
 .text.range_print
                0x0000d5e4       0x34 source/CMakeFiles/microbit-micropython.dir/home/user/micropython/source/py/objrange.c.o
 .text.range_subscr
                0x0000d618       0x7c source/CMakeFiles/microbit-micropython.dir/home/user/micropython/source/py/objrange.c.o
 .text.mp_stack_ctrl_init
                0x0000d694       0x14 source/CMakeFiles/microbit-micropython.dir/home/user/micropython/source/py/stackctrl.c.o
                0x0000d694                mp_stack_ctrl_init
 .text.mp_stack_usage
                0x0000d6a8       0x14 source/CMakeFiles/microbit-micropython.dir/home/user/micropython/source/py/stackctrl.c.o
                0x0000d6a8                mp_stack_usage
 .text.mp_stack_set_limit
                0x0000d6bc        0xc source/CMakeFiles/microbit-micropython.dir/home/user/micropython/source/py/stackctrl.c.o
                0x0000d6bc                mp_stack_set_limit
 .text.mp_exc_recursion_depth
                0x0000d6c8       0x18 source/CMakeFiles/microbit-micropython.dir/home/user/micropython/source/py/stackctrl.c.o
                0x0000d6c8                mp_exc_recursion_depth
 .text.mp_stack_check
                0x0000d6e0       0x20 source/CMakeFiles/microbit-micropython.dir/home/user/micropython/source/py/stackctrl.c.o
                0x0000d6e0                mp_stack_check
 .text.app_main
                0x0000d700       0x18 source/CMakeFiles/microbit-micropython.dir/home/user/micropython/source/microbit/main.cpp.o
                0x0000d700                app_main
 .text.microbit_init
                0x0000d718       0x2c source/CMakeFiles/microbit-micropython.dir/home/user/micropython/source/microbit/main.cpp.o
                0x0000d718                microbit_init
 .text._ZL6tickerv
                0x0000d744       0x60 source/CMakeFiles/microbit-micropython.dir/home/user/micropython/source/microbit/main.cpp.o
 .text.mp_obj_attrtuple_print_helper
                0x0000d7a4       0x5c source/CMakeFiles/microbit-micropython.dir/home/user/micropython/source/py/objattrtuple.c.o
                0x0000d7a4                mp_obj_attrtuple_print_helper
 .text.list_unary_op
                0x0000d800       0x28 source/CMakeFiles/microbit-micropython.dir/home/user/micropython/source/py/objlist.c.o
 .text.list_reverse
                0x0000d828       0x38 source/CMakeFiles/microbit-micropython.dir/home/user/micropython/source/py/objlist.c.o
 .text.mp_obj_list_append
                0x0000d860       0x4c source/CMakeFiles/microbit-micropython.dir/home/user/micropython/source/py/objlist.c.o
                0x0000d860                mp_obj_list_append
 .text.list_insert
                0x0000d8ac       0x54 source/CMakeFiles/microbit-micropython.dir/home/user/micropython/source/py/objlist.c.o
 .text.list_clear
                0x0000d900       0x28 source/CMakeFiles/microbit-micropython.dir/home/user/micropython/source/py/objlist.c.o
 .text.mp_obj_list_sort
                0x0000d928       0x60 source/CMakeFiles/microbit-micropython.dir/home/user/micropython/source/py/objlist.c.o
                0x0000d928                mp_obj_list_sort
 .text.list_pop
                0x0000d988       0x80 source/CMakeFiles/microbit-micropython.dir/home/user/micropython/source/py/objlist.c.o
 .text.mp_obj_list_remove
                0x0000da08       0x20 source/CMakeFiles/microbit-micropython.dir/home/user/micropython/source/py/objlist.c.o
                0x0000da08                mp_obj_list_remove
 .text.list_print
                0x0000da28       0x48 source/CMakeFiles/microbit-micropython.dir/home/user/micropython/source/py/objlist.c.o
 .text.list_extend
                0x0000da70       0x74 source/CMakeFiles/microbit-micropython.dir/home/user/micropython/source/py/objlist.c.o
 .text.list_getiter
                0x0000dae4       0x1c source/CMakeFiles/microbit-micropython.dir/home/user/micropython/source/py/objlist.c.o
 .text.mp_obj_list_init
                0x0000db00       0x34 source/CMakeFiles/microbit-micropython.dir/home/user/micropython/source/py/objlist.c.o
                0x0000db00                mp_obj_list_init
 .text.list_binary_op
                0x0000db34       0xdc source/CMakeFiles/microbit-micropython.dir/home/user/micropython/source/py/objlist.c.o
 .text.list_subscr
                0x0000dc10      0x168 source/CMakeFiles/microbit-micropython.dir/home/user/micropython/source/py/objlist.c.o
 .text.int_to_bytes
                0x0000dd78       0x50 source/CMakeFiles/microbit-micropython.dir/home/user/micropython/source/py/objint.c.o
 .text.mp_obj_int_make_new
                0x0000ddc8       0xb0 source/CMakeFiles/microbit-micropython.dir/home/user/micropython/source/py/objint.c.o
 .text.mp_obj_int_formatted
                0x0000de78      0x190 source/CMakeFiles/microbit-micropython.dir/home/user/micropython/source/py/objint.c.o
                0x0000de78                mp_obj_int_formatted
 .text.mp_obj_int_binary_op_extra_cases
                0x0000e008       0x74 source/CMakeFiles/microbit-micropython.dir/home/user/micropython/source/py/objint.c.o
                0x0000e008                mp_obj_int_binary_op_extra_cases
 .text.eval_exec_helper
                0x0000e07c       0x3c source/CMakeFiles/microbit-micropython.dir/home/user/micropython/source/py/builtinevex.c.o
 .text.gc_disable
                0x0000e0b8       0x14 source/CMakeFiles/microbit-micropython.dir/home/user/micropython/source/py/modgc.c.o
 .text.gc_enable
                0x0000e0cc       0x14 source/CMakeFiles/microbit-micropython.dir/home/user/micropython/source/py/modgc.c.o
 .text.gc_isenabled
                0x0000e0e0       0x1c source/CMakeFiles/microbit-micropython.dir/home/user/micropython/source/py/modgc.c.o
 .text.py_gc_collect
                0x0000e0fc       0x10 source/CMakeFiles/microbit-micropython.dir/home/user/micropython/source/py/modgc.c.o
 .text.do_load  0x0000e10c       0x40 source/CMakeFiles/microbit-micropython.dir/home/user/micropython/source/py/builtinimport.c.o
 .text.stat_dir_or_file
                0x0000e14c       0x34 source/CMakeFiles/microbit-micropython.dir/home/user/micropython/source/py/builtinimport.c.o
 .text.mp_builtin___import__
                0x0000e180      0x2c8 source/CMakeFiles/microbit-micropython.dir/home/user/micropython/source/py/builtinimport.c.o
                0x0000e180                mp_builtin___import__
 .text.mp_sys_print_exception
                0x0000e448       0x18 source/CMakeFiles/microbit-micropython.dir/home/user/micropython/source/py/modsys.c.o
 .text.mp_setup_code_state
                0x0000e460      0x294 source/CMakeFiles/microbit-micropython.dir/home/user/micropython/source/py/bc.c.o
                0x0000e460                mp_setup_code_state
 .text.fun_bc_call
                0x0000e6f4       0xf8 source/CMakeFiles/microbit-micropython.dir/home/user/micropython/source/py/objfun.c.o
 .text.convert_obj_for_inline_asm
                0x0000e7ec       0xd8 source/CMakeFiles/microbit-micropython.dir/home/user/micropython/source/py/objfun.c.o
 .text.mp_obj_new_fun_bc
                0x0000e8c4       0x98 source/CMakeFiles/microbit-micropython.dir/home/user/micropython/source/py/objfun.c.o
                0x0000e8c4                mp_obj_new_fun_bc
 .text.mp_obj_new_fun_asm
                0x0000e95c       0x1c source/CMakeFiles/microbit-micropython.dir/home/user/micropython/source/py/objfun.c.o
                0x0000e95c                mp_obj_new_fun_asm
 .text.bool_unary_op
                0x0000e978       0x44 source/CMakeFiles/microbit-micropython.dir/home/user/micropython/source/py/objbool.c.o
 .text.bool_print
                0x0000e9bc       0x1c source/CMakeFiles/microbit-micropython.dir/home/user/micropython/source/py/objbool.c.o
 .text.bool_make_new
                0x0000e9d8       0x38 source/CMakeFiles/microbit-micropython.dir/home/user/micropython/source/py/objbool.c.o
 .text.mp_small_int_mul_overflow
                0x0000ea10       0x68 source/CMakeFiles/microbit-micropython.dir/home/user/micropython/source/py/smallint.c.o
                0x0000ea10                mp_small_int_mul_overflow
 .text.greyscale_new
                0x0000ea78       0x2c source/CMakeFiles/microbit-micropython.dir/home/user/micropython/source/microbit/microbitimage.cpp.o
 .text.get_microbit_image_slice_iter
                0x0000eaa4       0x1c source/CMakeFiles/microbit-micropython.dir/home/user/micropython/source/microbit/microbitimage.cpp.o
 .text.get_font_data_from_char
                0x0000eac0       0x28 source/CMakeFiles/microbit-micropython.dir/home/user/micropython/source/microbit/microbitimage.cpp.o
 .text.get_microbit_scrolling_string_iter
                0x0000eae8       0x5c source/CMakeFiles/microbit-micropython.dir/home/user/micropython/source/microbit/microbitimage.cpp.o
 .text.microbit_image_get_pixel
                0x0000eb44       0x64 source/CMakeFiles/microbit-micropython.dir/home/user/micropython/source/microbit/microbitimage.cpp.o
                0x0000eb44                microbit_image_get_pixel
 .text.microbit_image_set_pixel
                0x0000eba8       0x90 source/CMakeFiles/microbit-micropython.dir/home/user/micropython/source/microbit/microbitimage.cpp.o
                0x0000eba8                microbit_image_set_pixel
 .text.microbit_image_print
                0x0000ec38       0xc8 source/CMakeFiles/microbit-micropython.dir/home/user/micropython/source/microbit/microbitimage.cpp.o
 .text.microbit_image_make_new
                0x0000ed00      0x1fc source/CMakeFiles/microbit-micropython.dir/home/user/micropython/source/microbit/microbitimage.cpp.o
 .text.microbit_image_dim
                0x0000eefc       0x9c source/CMakeFiles/microbit-micropython.dir/home/user/micropython/source/microbit/microbitimage.cpp.o
                0x0000eefc                microbit_image_dim
 .text.microbit_image_sum
                0x0000ef98       0x9c source/CMakeFiles/microbit-micropython.dir/home/user/micropython/source/microbit/microbitimage.cpp.o
                0x0000ef98                microbit_image_sum
 .text.image_binary_op
                0x0000f034       0x6c source/CMakeFiles/microbit-micropython.dir/home/user/micropython/source/microbit/microbitimage.cpp.o
 .text.microbit_image_slice
                0x0000f0a0       0x24 source/CMakeFiles/microbit-micropython.dir/home/user/micropython/source/microbit/microbitimage.cpp.o
                0x0000f0a0                microbit_image_slice
 .text.scrolling_string_image_iterable
                0x0000f0c4       0x24 source/CMakeFiles/microbit-micropython.dir/home/user/micropython/source/microbit/microbitimage.cpp.o
                0x0000f0c4                scrolling_string_image_iterable
 .text.mp_print_strn
                0x0000f0e8       0xbc source/CMakeFiles/microbit-micropython.dir/home/user/micropython/source/py/mpprint.c.o
                0x0000f0e8                mp_print_strn
 .text.mp_print_mp_int
                0x0000f1a4      0x224 source/CMakeFiles/microbit-micropython.dir/home/user/micropython/source/py/mpprint.c.o
                0x0000f1a4                mp_print_mp_int