
Allocating common symbols
Common symbol       size              file

pcd_handle          0x3b4             build-PYBV10/usbd_conf.o
hUSBDDevice         0x224             build-PYBV10/usb.o
TIM3_Handle         0x40              build-PYBV10/timer.o
uwTick              0x4               build-PYBV10/hal/src/stm32f4xx_hal.o
pFlash              0x20              build-PYBV10/hal/src/stm32f4xx_hal_flash.o
mp_state_ctx        0x29c             build-PYBV10/py/mpstate.o
TIM6_Handle         0x40              build-PYBV10/timer.o
TIM5_Handle         0x40              build-PYBV10/timer.o
fs_user_mount       0x4               build-PYBV10/fsusermount.o
ff_CurrVol          0x1               build-PYBV10/lib/fatfs/ff.o
RTCHandle           0x24              build-PYBV10/rtc.o

Discarded input sections

 .text          0x00000000        0x0 build-PYBV10/py/mpstate.o
 .data          0x00000000        0x0 build-PYBV10/py/mpstate.o
 .bss           0x00000000        0x0 build-PYBV10/py/mpstate.o
 .text          0x00000000        0x0 build-PYBV10/py/nlrx86.o
 .data          0x00000000        0x0 build-PYBV10/py/nlrx86.o
 .bss           0x00000000        0x0 build-PYBV10/py/nlrx86.o
 .ARM.attributes
                0x00000000       0x25 build-PYBV10/py/nlrx86.o
 .text          0x00000000        0x0 build-PYBV10/py/nlrx64.o
 .data          0x00000000        0x0 build-PYBV10/py/nlrx64.o
 .bss           0x00000000        0x0 build-PYBV10/py/nlrx64.o
 .ARM.attributes
                0x00000000       0x25 build-PYBV10/py/nlrx64.o
 .data          0x00000000        0x0 build-PYBV10/py/nlrthumb.o
 .bss           0x00000000        0x0 build-PYBV10/py/nlrthumb.o
 .text          0x00000000        0x0 build-PYBV10/py/nlrxtensa.o
 .data          0x00000000        0x0 build-PYBV10/py/nlrxtensa.o
 .bss           0x00000000        0x0 build-PYBV10/py/nlrxtensa.o
 .ARM.attributes
                0x00000000       0x25 build-PYBV10/py/nlrxtensa.o
 .text          0x00000000        0x0 build-PYBV10/py/nlrsetjmp.o
 .data          0x00000000        0x0 build-PYBV10/py/nlrsetjmp.o
 .bss           0x00000000        0x0 build-PYBV10/py/nlrsetjmp.o
 .comment       0x00000000       0x71 build-PYBV10/py/nlrsetjmp.o
 .ARM.attributes
                0x00000000       0x39 build-PYBV10/py/nlrsetjmp.o
 .text          0x00000000        0x0 build-PYBV10/py/malloc.o
 .data          0x00000000        0x0 build-PYBV10/py/malloc.o
 .bss           0x00000000        0x0 build-PYBV10/py/malloc.o
 .text          0x00000000        0x0 build-PYBV10/py/gc.o
 .data          0x00000000        0x0 build-PYBV10/py/gc.o
 .bss           0x00000000        0x0 build-PYBV10/py/gc.o
 .text          0x00000000        0x0 build-PYBV10/py/qstr.o
 .data          0x00000000        0x0 build-PYBV10/py/qstr.o
 .bss           0x00000000        0x0 build-PYBV10/py/qstr.o
 .text          0x00000000        0x0 build-PYBV10/py/vstr.o
 .data          0x00000000        0x0 build-PYBV10/py/vstr.o
 .bss           0x00000000        0x0 build-PYBV10/py/vstr.o
 .text.vstr_new_size
                0x00000000       0x18 build-PYBV10/py/vstr.o
 .text.vstr_hint_size
                0x00000000       0x18 build-PYBV10/py/vstr.o
 .text.vstr_ins_byte
                0x00000000        0xe build-PYBV10/py/vstr.o
 .text.vstr_cut_head_bytes
                0x00000000        0x8 build-PYBV10/py/vstr.o
 .text          0x00000000        0x0 build-PYBV10/py/unicode.o
 .data          0x00000000        0x0 build-PYBV10/py/unicode.o
 .bss           0x00000000        0x0 build-PYBV10/py/unicode.o
 .text.unichar_isprint
                0x00000000       0x14 build-PYBV10/py/unicode.o
 .text          0x00000000        0x0 build-PYBV10/py/mpz.o
 .data          0x00000000        0x0 build-PYBV10/py/mpz.o
 .bss           0x00000000        0x0 build-PYBV10/py/mpz.o
 .text.mpz_zero
                0x00000000       0x12 build-PYBV10/py/mpz.o
 .text.mpz_from_int
                0x00000000       0x14 build-PYBV10/py/mpz.o
 .text.mpz_from_ll
                0x00000000       0x1e build-PYBV10/py/mpz.o
 .text.mpz_from_float
                0x00000000       0x20 build-PYBV10/py/mpz.o
 .text.mpz_from_str
                0x00000000       0x28 build-PYBV10/py/mpz.o
 .text.mpz_is_pos
                0x00000000       0x16 build-PYBV10/py/mpz.o
 .text.mpz_is_neg
                0x00000000       0x14 build-PYBV10/py/mpz.o
 .text.mpz_is_even
                0x00000000       0x16 build-PYBV10/py/mpz.o
 .text.mpz_abs_inpl
                0x00000000       0x16 build-PYBV10/py/mpz.o
 .text.mpz_gcd  0x00000000       0xda build-PYBV10/py/mpz.o
 .text.mpz_lcm  0x00000000       0x5a build-PYBV10/py/mpz.o
 .text.mpz_divmod
                0x00000000       0x28 build-PYBV10/py/mpz.o
 .text.mpz_as_uint_checked
                0x00000000       0x30 build-PYBV10/py/mpz.o
 .text          0x00000000        0x0 build-PYBV10/py/lexer.o
 .data          0x00000000        0x0 build-PYBV10/py/lexer.o
 .bss           0x00000000        0x0 build-PYBV10/py/lexer.o
[...]
Memory Configuration

Name             Origin             Length             Attributes
FLASH            0x08000000         0x00100000         xr
FLASH_ISR        0x08000000         0x00004000         xr
FLASH_TEXT       0x08020000         0x00080000         xr
CCMRAM           0x10000000         0x00010000         xrw
RAM              0x20000000         0x00020000         xrw
*default*        0x00000000         0xffffffff

Linker script and memory map

                0x00000800                _minimum_stack_size = 0x800
                0x00004000                _minimum_heap_size = 0x4000
                0x20020000                _estack = (ORIGIN (RAM) + 0x20000)
                0x20020000                _ram_end = (ORIGIN (RAM) + 0x20000)
                0x2001c000                _heap_end = 0x2001c000

.isr_vector     0x08000000     0x3520
                0x08000000                . = ALIGN (0x4)
 *(.isr_vector)
 .isr_vector    0x08000000      0x188 build-PYBV10/startup_stm32f40xx.o
                0x08000000                g_pfnVectors
                0x08000188                . = ALIGN (0x4)
 */ff.o(.text*)
 .text.mem_cpy  0x08000188       0x12 build-PYBV10/lib/fatfs/ff.o
 .text.clust2sect
                0x0800019a       0x16 build-PYBV10/lib/fatfs/ff.o
 .text.sum_sfn  0x080001b0       0x1e build-PYBV10/lib/fatfs/ff.o
 .text.validate
                0x080001ce       0x2a build-PYBV10/lib/fatfs/ff.o
 .text.get_fileinfo
                0x080001f8       0xc2 build-PYBV10/lib/fatfs/ff.o
 .text.ld_clust.isra.0
                0x080002ba       0x1c build-PYBV10/lib/fatfs/ff.o
 .text.sync_window.part.1
                0x080002d6       0x46 build-PYBV10/lib/fatfs/ff.o
 .text.sync_window
                0x0800031c        0xc build-PYBV10/lib/fatfs/ff.o
 .text.sync_fs  0x08000328       0xb8 build-PYBV10/lib/fatfs/ff.o
 .text.move_window
                0x080003e0       0x38 build-PYBV10/lib/fatfs/ff.o
 .text.check_fs
                0x08000418       0x88 build-PYBV10/lib/fatfs/ff.o
 .text.find_volume
                0x080004a0      0x330 build-PYBV10/lib/fatfs/ff.o
 .text.get_fat  0x080007d0       0xca build-PYBV10/lib/fatfs/ff.o
 .text.dir_sdi  0x0800089a       0x7e build-PYBV10/lib/fatfs/ff.o
 .text.put_fat  0x08000918       0xf8 build-PYBV10/lib/fatfs/ff.o
 .text.create_chain
                0x08000a10       0xa2 build-PYBV10/lib/fatfs/ff.o
 .text.dir_next
                0x08000ab2       0xee build-PYBV10/lib/fatfs/ff.o
 .text.dir_alloc
                0x08000ba0       0x42 build-PYBV10/lib/fatfs/ff.o
 *fill*         0x08000be2        0x2 
 .text.dir_read
                0x08000be4      0x104 build-PYBV10/lib/fatfs/ff.o
 .text.dir_remove
                0x08000ce8       0x5a build-PYBV10/lib/fatfs/ff.o
 .text.remove_chain
                0x08000d42       0x58 build-PYBV10/lib/fatfs/ff.o
 *fill*         0x08000d9a        0x2 
 .text.dir_find.part.7
                0x08000d9c      0x124 build-PYBV10/lib/fatfs/ff.o
 .text.dir_register
                0x08000ec0      0x1f8 build-PYBV10/lib/fatfs/ff.o
 .text.follow_path
                0x080010b8      0x2b0 build-PYBV10/lib/fatfs/ff.o
 .text.f_mount  0x08001368       0x50 build-PYBV10/lib/fatfs/ff.o
                0x08001368                f_mount
 .text.f_open   0x080013b8      0x14c build-PYBV10/lib/fatfs/ff.o
                0x080013b8                f_open
 .text.f_read   0x08001504      0x124 build-PYBV10/lib/fatfs/ff.o
                0x08001504                f_read
 .text.f_write  0x08001628      0x174 build-PYBV10/lib/fatfs/ff.o
                0x08001628                f_write
 .text.f_sync   0x0800179c       0x82 build-PYBV10/lib/fatfs/ff.o
                0x0800179c                f_sync
 .text.f_close  0x0800181e       0x16 build-PYBV10/lib/fatfs/ff.o
                0x0800181e                f_close
 .text.f_chdrive
                0x08001834       0x24 build-PYBV10/lib/fatfs/ff.o
                0x08001834                f_chdrive
 .text.f_chdir  0x08001858       0x5c build-PYBV10/lib/fatfs/ff.o
                0x08001858                f_chdir
 .text.f_getcwd
                0x080018b4      0x13c build-PYBV10/lib/fatfs/ff.o
                0x080018b4                f_getcwd
 .text.f_lseek  0x080019f0       0xf0 build-PYBV10/lib/fatfs/ff.o
                0x080019f0                f_lseek
 .text.f_opendir
                0x08001ae0       0x68 build-PYBV10/lib/fatfs/ff.o
                0x08001ae0                f_opendir
 .text.f_closedir
                0x08001b48        0xe build-PYBV10/lib/fatfs/ff.o
                0x08001b48                f_closedir
 *fill*         0x08001b56        0x2 
 .text.f_readdir
                0x08001b58       0x5c build-PYBV10/lib/fatfs/ff.o
                0x08001b58                f_readdir
 .text.f_stat   0x08001bb4       0x48 build-PYBV10/lib/fatfs/ff.o
                0x08001bb4                f_stat
 .text.f_getfree
                0x08001bfc       0xe0 build-PYBV10/lib/fatfs/ff.o
                0x08001bfc                f_getfree
 .text.f_unlink
                0x08001cdc       0xc0 build-PYBV10/lib/fatfs/ff.o
                0x08001cdc                f_unlink
 .text.f_mkdir  0x08001d9c      0x1bc build-PYBV10/lib/fatfs/ff.o
                0x08001d9c                f_mkdir
 .text.f_setlabel
                0x08001f58      0x140 build-PYBV10/lib/fatfs/ff.o
                0x08001f58                f_setlabel
 .text.f_mkfs   0x08002098      0x670 build-PYBV10/lib/fatfs/ff.o
                0x08002098                f_mkfs
 */stm32f4xx_hal_sd.o(.text*)
 .text.SD_CmdResp2Error
                0x08002708       0x2c build-PYBV10/hal/src/stm32f4xx_hal_sd.o
 .text.SD_IsCardProgramming
                0x08002734      0x144 build-PYBV10/hal/src/stm32f4xx_hal_sd.o
 .text.SD_CmdResp1Error
                0x08002878       0xf0 build-PYBV10/hal/src/stm32f4xx_hal_sd.o
 .text.SD_FindSCR
                0x08002968       0xfe build-PYBV10/hal/src/stm32f4xx_hal_sd.o
 .text.HAL_SD_DeInit
                0x08002a66       0x14 build-PYBV10/hal/src/stm32f4xx_hal_sd.o
                0x08002a66                HAL_SD_DeInit
 .text.HAL_SD_Get_CardInfo
                0x08002a7a      0x296 build-PYBV10/hal/src/stm32f4xx_hal_sd.o
                0x08002a7a                HAL_SD_Get_CardInfo
 .text.HAL_SD_Init
                0x08002d10      0x348 build-PYBV10/hal/src/stm32f4xx_hal_sd.o
                0x08002d10                HAL_SD_Init
 .text.HAL_SD_WideBusOperation_Config
                0x08003058      0x12c build-PYBV10/hal/src/stm32f4xx_hal_sd.o
                0x08003058                HAL_SD_WideBusOperation_Config
 .text.HAL_SD_StopTransfer
                0x08003184       0x2e build-PYBV10/hal/src/stm32f4xx_hal_sd.o
                0x08003184                HAL_SD_StopTransfer
 .text.HAL_SD_ReadBlocks_BlockNumber
                0x080031b2      0x17c build-PYBV10/hal/src/stm32f4xx_hal_sd.o
                0x080031b2                HAL_SD_ReadBlocks_BlockNumber
 .text.HAL_SD_WriteBlocks_BlockNumber
                0x0800332e      0x1f2 build-PYBV10/hal/src/stm32f4xx_hal_sd.o
                0x0800332e                HAL_SD_WriteBlocks_BlockNumber
                0x08003520                . = ALIGN (0x4)

.text           0x08020000    0x3d418
                0x08020000                . = ALIGN (0x4)
 *(.text*)
 .text          0x08020000       0x74 build-PYBV10/py/nlrthumb.o
                0x08020000                nlr_push
                0x08020030                nlr_pop
                0x0802003c                nlr_jump
 .text.m_malloc
                0x08020074       0x1a build-PYBV10/py/malloc.o
                0x08020074                m_malloc
 .text.m_malloc_maybe
                0x0802008e        0x6 build-PYBV10/py/malloc.o
                0x0802008e                m_malloc_maybe
 .text.m_malloc_with_finaliser
                0x08020094       0x1a build-PYBV10/py/malloc.o
                0x08020094                m_malloc_with_finaliser
 .text.m_malloc0
                0x080200ae       0x26 build-PYBV10/py/malloc.o
                0x080200ae                m_malloc0
 .text.m_realloc
                0x080200d4       0x1a build-PYBV10/py/malloc.o
                0x080200d4                m_realloc
 .text.m_realloc_maybe
                0x080200ee        0x6 build-PYBV10/py/malloc.o
                0x080200ee                m_realloc_maybe
 .text.m_free   0x080200f4        0x4 build-PYBV10/py/malloc.o
                0x080200f4                m_free
 .text.gc_drain_stack
                0x080200f8       0xd8 build-PYBV10/py/gc.o
 .text.gc_free.part.0
                0x080201d0       0x80 build-PYBV10/py/gc.o
 .text.gc_init  0x08020250       0x60 build-PYBV10/py/gc.o
                0x08020250                gc_init
 .text.gc_lock  0x080202b0       0x14 build-PYBV10/py/gc.o
                0x080202b0                gc_lock
 .text.gc_unlock
                0x080202c4       0x14 build-PYBV10/py/gc.o
                0x080202c4                gc_unlock
 .text.gc_is_locked
                0x080202d8       0x14 build-PYBV10/py/gc.o
                0x080202d8                gc_is_locked
 .text.gc_collect_start
                0x080202ec       0x9c build-PYBV10/py/gc.o
                0x080202ec                gc_collect_start
 .text.gc_collect_root
                0x08020388       0x84 build-PYBV10/py/gc.o
                0x08020388                gc_collect_root
 .text.gc_collect_end
                0x0802040c      0x160 build-PYBV10/py/gc.o
                0x0802040c                gc_collect_end
 .text.gc_info  0x0802056c       0xb4 build-PYBV10/py/gc.o
                0x0802056c                gc_info
 .text.gc_alloc
                0x08020620      0x16c build-PYBV10/py/gc.o
                0x08020620                gc_alloc
 .text.gc_free  0x0802078c       0x84 build-PYBV10/py/gc.o
                0x0802078c                gc_free
 .text.gc_nbytes
                0x08020810       0x6c build-PYBV10/py/gc.o
                0x08020810                gc_nbytes
 .text.gc_realloc
                0x0802087c      0x1a0 build-PYBV10/py/gc.o
                0x0802087c                gc_realloc
 .text.gc_dump_info
                0x08020a1c       0x2c build-PYBV10/py/gc.o
                0x08020a1c                gc_dump_info
 .text.gc_dump_alloc_table
                0x08020a48      0x168 build-PYBV10/py/gc.o
                0x08020a48                gc_dump_alloc_table
 .text.find_qstr
                0x08020bb0       0x24 build-PYBV10/py/qstr.o
 .text.qstr_add
                0x08020bd4       0x4c build-PYBV10/py/qstr.o
 .text.qstr_compute_hash
                0x08020c20       0x20 build-PYBV10/py/qstr.o
                0x08020c20                qstr_compute_hash
 .text.qstr_init
                0x08020c40       0x10 build-PYBV10/py/qstr.o
                0x08020c40                qstr_init
 .text.qstr_find_strn
                0x08020c50       0x68 build-PYBV10/py/qstr.o
                0x08020c50                qstr_find_strn
 .text.qstr_from_strn
                0x08020cb8       0x48 build-PYBV10/py/qstr.o
                0x08020cb8                qstr_from_strn
 .text.qstr_from_str
                0x08020d00       0x14 build-PYBV10/py/qstr.o
                0x08020d00                qstr_from_str
 .text.qstr_build_start
                0x08020d14       0x16 build-PYBV10/py/qstr.o
                0x08020d14                qstr_build_start
 .text.qstr_build_end
                0x08020d2a       0x3c build-PYBV10/py/qstr.o
                0x08020d2a                qstr_build_end
 .text.qstr_hash
                0x08020d66       0x10 build-PYBV10/py/qstr.o
                0x08020d66                qstr_hash
 .text.qstr_len
                0x08020d76        0xa build-PYBV10/py/qstr.o
                0x08020d76                qstr_len
 .text.qstr_str
                0x08020d80        0xa build-PYBV10/py/qstr.o
                0x08020d80                qstr_str
 .text.qstr_data
                0x08020d8a       0x10 build-PYBV10/py/qstr.o
                0x08020d8a                qstr_data
 *fill*         0x08020d9a        0x2 
 .text.qstr_pool_info
                0x08020d9c       0x7c build-PYBV10/py/qstr.o
                0x08020d9c                qstr_pool_info
 .text.qstr_dump_data
                0x08020e18       0x40 build-PYBV10/py/qstr.o
                0x08020e18                qstr_dump_data
 .text.vstr_ensure_extra
                0x08020e58       0x40 build-PYBV10/py/vstr.o
 .text.vstr_ins_blank_bytes.constprop.0
                0x08020e98       0x3c build-PYBV10/py/vstr.o
 .text.vstr_init
                0x08020ed4       0x2e build-PYBV10/py/vstr.o
                0x08020ed4                vstr_init
 .text.vstr_init_len
                0x08020f02        0xe build-PYBV10/py/vstr.o
                0x08020f02                vstr_init_len
 .text.vstr_init_fixed_buf
                0x08020f10       0x16 build-PYBV10/py/vstr.o
                0x08020f10                vstr_init_fixed_buf
 .text.vstr_clear
                0x08020f26       0x18 build-PYBV10/py/vstr.o
                0x08020f26                vstr_clear
 .text.vstr_new
                0x08020f3e       0x16 build-PYBV10/py/vstr.o
                0x08020f3e                vstr_new
 .text.vstr_free
                0x08020f54       0x22 build-PYBV10/py/vstr.o
                0x08020f54                vstr_free
 .text.vstr_reset
                0x08020f76        0xe build-PYBV10/py/vstr.o
                0x08020f76                vstr_reset
 .text.vstr_had_error
                0x08020f84        0x8 build-PYBV10/py/vstr.o
                0x08020f84                vstr_had_error
 .text.vstr_str
                0x08020f8c        0xc build-PYBV10/py/vstr.o
                0x08020f8c                vstr_str
 .text.vstr_len
                0x08020f98        0xc build-PYBV10/py/vstr.o
                0x08020f98                vstr_len
 .text.vstr_extend
                0x08020fa4       0x32 build-PYBV10/py/vstr.o
                0x08020fa4                vstr_extend
 .text.vstr_add_len
                0x08020fd6       0x24 build-PYBV10/py/vstr.o
                0x08020fd6                vstr_add_len
 .text.vstr_null_terminated_str
                0x08020ffa       0x26 build-PYBV10/py/vstr.o
                0x08020ffa                vstr_null_terminated_str
 .text.vstr_add_byte
                0x08021020       0x10 build-PYBV10/py/vstr.o
                0x08021020                vstr_add_byte
 .text.vstr_add_char
                0x08021030       0x94 build-PYBV10/py/vstr.o
                0x08021030                vstr_add_char
 .text.vstr_add_strn
                0x080210c4       0x44 build-PYBV10/py/vstr.o
                0x080210c4                vstr_add_strn
 .text.vstr_add_str
                0x08021108       0x1a build-PYBV10/py/vstr.o
                0x08021108                vstr_add_str
 .text.vstr_ins_char
                0x08021122        0xe build-PYBV10/py/vstr.o
                0x08021122                vstr_ins_char
 .text.vstr_cut_tail_bytes
                0x08021130       0x18 build-PYBV10/py/vstr.o
                0x08021130                vstr_cut_tail_bytes
 .text.vstr_cut_out_bytes
                0x08021148       0x32 build-PYBV10/py/vstr.o
                0x08021148                vstr_cut_out_bytes
 .text.vstr_vprintf
                0x0802117a       0x5a build-PYBV10/py/vstr.o
                0x0802117a                vstr_vprintf
 .text.vstr_printf
                0x080211d4       0x1a build-PYBV10/py/vstr.o
                0x080211d4                vstr_printf
 .text.utf8_get_char
                0x080211ee       0x32 build-PYBV10/py/unicode.o
                0x080211ee                utf8_get_char
 .text.utf8_next_char
                0x08021220       0x12 build-PYBV10/py/unicode.o
                0x08021220                utf8_next_char
 .text.utf8_ptr_to_index
                0x08021232       0x1c build-PYBV10/py/unicode.o
                0x08021232                utf8_ptr_to_index
 .text.unichar_charlen
                0x0802124e       0x20 build-PYBV10/py/unicode.o
                0x0802124e                unichar_charlen
 *fill*         0x0802126e        0x2 
 .text.unichar_isspace
                0x08021270       0x14 build-PYBV10/py/unicode.o
                0x08021270                unichar_isspace
 .text.unichar_isalpha
                0x08021284       0x14 build-PYBV10/py/unicode.o
                0x08021284                unichar_isalpha
 .text.unichar_isdigit
                0x08021298       0x14 build-PYBV10/py/unicode.o
                0x08021298                unichar_isdigit
 .text.unichar_isxdigit
                0x080212ac       0x1e build-PYBV10/py/unicode.o
                0x080212ac                unichar_isxdigit
 *fill*         0x080212ca        0x2 
 .text.unichar_isupper
                0x080212cc       0x14 build-PYBV10/py/unicode.o
                0x080212cc                unichar_isupper
 .text.unichar_islower
                0x080212e0       0x14 build-PYBV10/py/unicode.o
                0x080212e0                unichar_islower
 .text.unichar_tolower
                0x080212f4       0x14 build-PYBV10/py/unicode.o
                0x080212f4                unichar_tolower
 .text.unichar_toupper
                0x08021308       0x14 build-PYBV10/py/unicode.o
                0x08021308                unichar_toupper
 .text.mpn_shr  0x0802131c       0x46 build-PYBV10/py/mpz.o
 .text.mpn_add  0x08021362       0x5a build-PYBV10/py/mpz.o
 .text.mpn_sub  0x080213bc       0x62 build-PYBV10/py/mpz.o
 .text.mpz_need_dig
                0x0802141e       0x38 build-PYBV10/py/mpz.o
 .text.mpn_cmp  0x08021456       0x32 build-PYBV10/py/mpz.o
 .text.mpz_set_from_int.part.2
                0x08021488       0x3c build-PYBV10/py/mpz.o
 .text.mpz_init_zero
                0x080214c4       0x1c build-PYBV10/py/mpz.o
                0x080214c4                mpz_init_zero
 .text.mpz_deinit
                0x080214e0       0x18 build-PYBV10/py/mpz.o
                0x080214e0                mpz_deinit
 .text.mpz_free
                0x080214f8       0x22 build-PYBV10/py/mpz.o
                0x080214f8                mpz_free
 .text.mpz_clone
                0x0802151a       0x4e build-PYBV10/py/mpz.o
                0x0802151a                mpz_clone
 .text.mpz_set  0x08021568       0x2a build-PYBV10/py/mpz.o
                0x08021568                mpz_set
 .text.mpz_set_from_int
                0x08021592        0xc build-PYBV10/py/mpz.o
                0x08021592                mpz_set_from_int
 .text.mpz_init_from_int
                0x0802159e       0x16 build-PYBV10/py/mpz.o
                0x0802159e                mpz_init_from_int
 .text.mpz_init_fixed_from_int
                0x080215b4       0x26 build-PYBV10/py/mpz.o
                0x080215b4                mpz_init_fixed_from_int
 .text.mpz_set_from_ll
                0x080215da       0x6e build-PYBV10/py/mpz.o
                0x080215da                mpz_set_from_ll
 .text.mpz_set_from_float
                0x08021648       0xae build-PYBV10/py/mpz.o
                0x08021648                mpz_set_from_float
 .text.mpz_set_from_str
                0x080216f6       0x9e build-PYBV10/py/mpz.o
                0x080216f6                mpz_set_from_str
 .text.mpz_is_zero
                0x08021794        0xc build-PYBV10/py/mpz.o
                0x08021794                mpz_is_zero
 .text.mpz_is_odd
                0x080217a0       0x16 build-PYBV10/py/mpz.o
                0x080217a0                mpz_is_odd
 .text.mpz_cmp  0x080217b6       0x2e build-PYBV10/py/mpz.o
                0x080217b6                mpz_cmp
 .text.mpz_neg_inpl
                0x080217e4       0x1e build-PYBV10/py/mpz.o
                0x080217e4                mpz_neg_inpl
 .text.mpz_not_inpl
                0x08021802       0x72 build-PYBV10/py/mpz.o
                0x08021802                mpz_not_inpl
 .text.mpz_shr_inpl
                0x08021874       0xb4 build-PYBV10/py/mpz.o
                0x08021874                mpz_shr_inpl
 .text.mpz_shl_inpl
                0x08021928       0xc6 build-PYBV10/py/mpz.o
                0x08021928                mpz_shl_inpl
 .text.mpz_add_inpl
                0x080219ee       0x72 build-PYBV10/py/mpz.o
                0x080219ee                mpz_add_inpl
 .text.mpz_sub_inpl
                0x08021a60       0x82 build-PYBV10/py/mpz.o
                0x08021a60                mpz_sub_inpl
 .text.mpz_and_inpl
                0x08021ae2      0x10a build-PYBV10/py/mpz.o
                0x08021ae2                mpz_and_inpl
 .text.mpz_or_inpl
                0x08021bec       0x98 build-PYBV10/py/mpz.o
                0x08021bec                mpz_or_inpl
 .text.mpz_xor_inpl
                0x08021c84       0x92 build-PYBV10/py/mpz.o
                0x08021c84                mpz_xor_inpl
 .text.mpz_mul_inpl
                0x08021d16      0x116 build-PYBV10/py/mpz.o
                0x08021d16                mpz_mul_inpl
 .text.mpz_pow_inpl
                0x08021e2c       0x7e build-PYBV10/py/mpz.o
                0x08021e2c                mpz_pow_inpl
 .text.mpz_divmod_inpl
                0x08021eaa      0x2b8 build-PYBV10/py/mpz.o
                0x08021eaa                mpz_divmod_inpl
 .text.mpz_hash
                0x08022162       0x26 build-PYBV10/py/mpz.o
                0x08022162                mpz_hash
 .text.mpz_as_int_checked
                0x08022188       0x32 build-PYBV10/py/mpz.o
                0x08022188                mpz_as_int_checked
 *fill*         0x080221ba        0x2 
 .text.mpz_as_float
                0x080221bc       0x40 build-PYBV10/py/mpz.o
                0x080221bc                mpz_as_float
 .text.mpz_as_str_size
                0x080221fc       0x3c build-PYBV10/py/mpz.o
                0x080221fc                mpz_as_str_size
 .text.mpz_as_str_inpl
                0x08022238      0x120 build-PYBV10/py/mpz.o
                0x08022238                mpz_as_str_inpl
 .text.next_char
                0x08022358       0x68 build-PYBV10/py/lexer.o
 .text.mp_lexer_next_token_into
                0x080223c0      0x67c build-PYBV10/py/lexer.o
 .text.mp_lexer_free
                0x08022a3c       0x2e build-PYBV10/py/lexer.o
                0x08022a3c                mp_lexer_free
 .text.mp_lexer_new
                0x08022a6a       0xb8 build-PYBV10/py/lexer.o
                0x08022a6a                mp_lexer_new
 .text.mp_lexer_to_next
                0x08022b22        0x6 build-PYBV10/py/lexer.o
                0x08022b22                mp_lexer_to_next
 .text.str_buf_next_byte
                0x08022b28       0x14 build-PYBV10/py/lexerstr.o
 .text.str_buf_free
                0x08022b3c       0x1a build-PYBV10/py/lexerstr.o
 *fill*         0x08022b56        0x2 
 .text.mp_lexer_new_from_str_len
                0x08022b58       0x3c build-PYBV10/py/lexerstr.o
                0x08022b58                mp_lexer_new_from_str_len
 .text.pop_result
                0x08022b94       0x16 build-PYBV10/py/parse.o
 .text.peek_result
                0x08022baa       0x1a build-PYBV10/py/parse.o
 .text.push_result_node
                0x08022bc4       0x3c build-PYBV10/py/parse.o
 .text.push_result_rule
                0x08022c00       0x4e build-PYBV10/py/parse.o
 .text.push_rule
                0x08022c4e       0x5a build-PYBV10/py/parse.o
 .text.push_rule_from_arg
                0x08022ca8       0x18 build-PYBV10/py/parse.o
 .text.mp_parse_node_new_leaf
                0x08022cc0       0x10 build-PYBV10/py/parse.o
                0x08022cc0                mp_parse_node_new_leaf
 .text.push_result_token
                0x08022cd0       0xf8 build-PYBV10/py/parse.o
 .text.mp_parse_node_free
                0x08022dc8       0x64 build-PYBV10/py/parse.o
                0x08022dc8                mp_parse_node_free
 .text.mp_parse_node_extract_list
                0x08022e2c       0x26 build-PYBV10/py/parse.o
                0x08022e2c                mp_parse_node_extract_list
 *fill*         0x08022e52        0x2 
 .text.mp_parse
                0x08022e54      0x3b4 build-PYBV10/py/parse.o
                0x08022e54                mp_parse
 .text.scope_new
                0x08023208       0x70 build-PYBV10/py/scope.o
                0x08023208                scope_new
 .text.scope_free
                0x08023278       0x1a build-PYBV10/py/scope.o
                0x08023278                scope_free
 .text.scope_find
                0x08023292       0x20 build-PYBV10/py/scope.o
                0x08023292                scope_find
 .text.scope_find_or_add_id
                0x080232b2       0x4c build-PYBV10/py/scope.o
                0x080232b2                scope_find_or_add_id
 .text.scope_find_global
                0x080232fe        0xc build-PYBV10/py/scope.o
                0x080232fe                scope_find_global
 .text.scope_find_local_in_parent
                0x0802330a       0x1e build-PYBV10/py/scope.o
                0x0802330a                scope_find_local_in_parent
 .text.scope_close_over_in_parents
                0x08023328       0x32 build-PYBV10/py/scope.o
                0x08023328                scope_close_over_in_parents
 .text.compile_increase_except_level
                0x0802335a       0x14 build-PYBV10/py/compile.o
 .text.apply_to_single_or_list
                0x0802336e       0x3e build-PYBV10/py/compile.o
 .text.node_is_const_false
                0x080233ac       0x1c build-PYBV10/py/compile.o
 .text.node_is_const_true
                0x080233c8       0x1e build-PYBV10/py/compile.o
 .text.close_over_variables_etc
                0x080233e6       0x98 build-PYBV10/py/compile.o
 *fill*         0x0802347e        0x2 
 .text.compile_del_stmt
                0x08023480       0x10 build-PYBV10/py/compile.o
 .text.compile_import_name
                0x08023490       0x10 build-PYBV10/py/compile.o
 .text.compile_trailer_period
                0x080234a0       0x10 build-PYBV10/py/compile.o
 .text.compile_const_object
                0x080234b0        0xe build-PYBV10/py/compile.o
 *fill*         0x080234be        0x2 
 .text.compile_syntax_error
                0x080234c0       0x34 build-PYBV10/py/compile.o
 .text.fold_constants
                0x080234f4      0x304 build-PYBV10/py/compile.o
 .text.compile_star_expr
                0x080237f8        0xc build-PYBV10/py/compile.o
 .text.compile_continue_stmt
                0x08023804       0x28 build-PYBV10/py/compile.o
 .text.compile_break_stmt
                0x0802382c       0x28 build-PYBV10/py/compile.o
 .text.scope_new_and_link
                0x08023854       0x2a build-PYBV10/py/compile.o
 .text.compile_lambdef
                0x0802387e       0x2a build-PYBV10/py/compile.o
 .text.compile_funcdef_helper
                0x080238a8       0x7c build-PYBV10/py/compile.o
 .text.compile_funcdef
                0x08023924       0x18 build-PYBV10/py/compile.o
 .text.compile_scope_inline_asm
                0x0802393c      0x1fc build-PYBV10/py/compile.o
 .text.compile_atom_string
                0x08023b38       0xe8 build-PYBV10/py/compile.o
 .text.do_import_name
                0x08023c20       0xe0 build-PYBV10/py/compile.o
 .text.compile_import_from
                0x08023d00      0x116 build-PYBV10/py/compile.o
 .text.compile_dotted_as_name
                0x08023e16       0x32 build-PYBV10/py/compile.o
 .text.compile_node
                0x08023e48       0x88 build-PYBV10/py/compile.o
 .text.c_assign
                0x08023ed0      0x1e4 build-PYBV10/py/compile.o
 .text.c_assign_tuple
                0x080240b4       0xe0 build-PYBV10/py/compile.o
 .text.c_if_cond
                0x08024194       0xfa build-PYBV10/py/compile.o
 .text.compile_scope_comp_iter
                0x0802428e       0xda build-PYBV10/py/compile.o
 .text.compile_dictorsetmaker_item
                0x08024368       0x18 build-PYBV10/py/compile.o
 .text.compile_subscript_3_helper
                0x08024380       0x62 build-PYBV10/py/compile.o
 .text.compile_subscript_3
                0x080243e2       0x1c build-PYBV10/py/compile.o
 .text.compile_subscript_2
                0x080243fe       0x18 build-PYBV10/py/compile.o
 .text.compile_trailer_bracket
                0x08024416       0x14 build-PYBV10/py/compile.o
 .text.c_tuple  0x0802442a       0x42 build-PYBV10/py/compile.o
 .text.compile_generic_tuple
                0x0802446c        0x8 build-PYBV10/py/compile.o
 .text.compile_power_dbl_star
                0x08024474       0x18 build-PYBV10/py/compile.o
 .text.compile_term
                0x0802448c       0x62 build-PYBV10/py/compile.o
 .text.compile_arith_expr
                0x080244ee       0x40 build-PYBV10/py/compile.o
 .text.compile_shift_expr
                0x0802452e       0x40 build-PYBV10/py/compile.o
 .text.c_binary_op
                0x0802456e       0x3a build-PYBV10/py/compile.o
 .text.compile_and_expr
                0x080245a8        0x6 build-PYBV10/py/compile.o
 .text.compile_xor_expr
                0x080245ae        0x6 build-PYBV10/py/compile.o
 .text.compile_expr
                0x080245b4        0x6 build-PYBV10/py/compile.o
 *fill*         0x080245ba        0x2 
 .text.compile_comparison
                0x080245bc      0x110 build-PYBV10/py/compile.o
 .text.compile_not_test_2
                0x080246cc       0x18 build-PYBV10/py/compile.o
 .text.compile_or_and_test
                0x080246e4       0x4a build-PYBV10/py/compile.o
 .text.compile_and_test
                0x0802472e        0x6 build-PYBV10/py/compile.o
 .text.compile_or_test
                0x08024734        0x6 build-PYBV10/py/compile.o
 .text.compile_test_if_expr
                0x0802473a       0x5e build-PYBV10/py/compile.o
 .text.compile_with_stmt_helper
                0x08024798       0xbc build-PYBV10/py/compile.o
 .text.compile_with_stmt
                0x08024854       0x22 build-PYBV10/py/compile.o
 .text.compile_while_stmt
                0x08024876       0x92 build-PYBV10/py/compile.o
 .text.compile_assert_stmt
                0x08024908       0x52 build-PYBV10/py/compile.o
 .text.compile_raise_stmt
                0x0802495a       0x4e build-PYBV10/py/compile.o
 .text.compile_yield_stmt
                0x080249a8       0x16 build-PYBV10/py/compile.o
 *fill*         0x080249be        0x2 
 .text.compile_expr_stmt
                0x080249c0      0x228 build-PYBV10/py/compile.o
 .text.compile_generic_all_nodes
                0x08024be8       0x22 build-PYBV10/py/compile.o
 .text.compile_power
                0x08024c0a       0x1e build-PYBV10/py/compile.o
 .text.compile_try_except
                0x08024c28      0x1f4 build-PYBV10/py/compile.o
 .text.compile_try_finally
                0x08024e1c       0x92 build-PYBV10/py/compile.o
 .text.compile_try_stmt
                0x08024eae       0x66 build-PYBV10/py/compile.o
 .text.c_del_stmt
                0x08024f14      0x118 build-PYBV10/py/compile.o
 .text.compile_funcdef_param
                0x0802502c       0xa8 build-PYBV10/py/compile.o
 .text.compile_comprehension
                0x080250d4       0x4c build-PYBV10/py/compile.o
 .text.compile_atom_bracket
                0x08025120       0x94 build-PYBV10/py/compile.o
 .text.compile_atom_paren
                0x080251b4       0x60 build-PYBV10/py/compile.o
 .text.compile_trailer_paren_helper
                0x08025214      0x15c build-PYBV10/py/compile.o
 .text.compile_classdef_helper
                0x08025370       0x5a build-PYBV10/py/compile.o
 .text.compile_classdef
                0x080253ca       0x18 build-PYBV10/py/compile.o
 .text.compile_trailer_paren
                0x080253e2        0xa build-PYBV10/py/compile.o
 .text.compile_power_trailers
                0x080253ec       0x78 build-PYBV10/py/compile.o
 .text.compile_atom_brace
                0x08025464      0x150 build-PYBV10/py/compile.o
 .text.compile_for_stmt
                0x080255b4      0x27e build-PYBV10/py/compile.o
 .text.compile_if_stmt
                0x08025832       0xec build-PYBV10/py/compile.o
 *fill*         0x0802591e        0x2 
 .text.compile_decorated
                0x08025920      0x100 build-PYBV10/py/compile.o
 .text.compile_scope
                0x08025a20      0x250 build-PYBV10/py/compile.o
 .text.compile_factor_2
                0x08025c70       0x38 build-PYBV10/py/compile.o
 .text.compile_yield_expr
                0x08025ca8       0x6c build-PYBV10/py/compile.o
 .text.compile_return_stmt
                0x08025d14       0x7c build-PYBV10/py/compile.o
 .text.compile_scope_func_lambda_param.isra.7
                0x08025d90       0x9c build-PYBV10/py/compile.o
 .text.compile_scope_lambda_param
                0x08025e2c        0x8 build-PYBV10/py/compile.o
 .text.compile_scope_func_param
                0x08025e34        0x8 build-PYBV10/py/compile.o
 .text.compile_scope_func_annotations
                0x08025e3c       0x6c build-PYBV10/py/compile.o
 .text.compile_bytes
                0x08025ea8       0x2c build-PYBV10/py/compile.o
 .text.compile_string
                0x08025ed4       0x30 build-PYBV10/py/compile.o
 .text.compile_nonlocal_stmt
                0x08025f04       0x98 build-PYBV10/py/compile.o
 .text.compile_global_stmt
                0x08025f9c       0x6c build-PYBV10/py/compile.o
 .text.mp_compile
                0x08026008      0x334 build-PYBV10/py/compile.o
                0x08026008                mp_compile
 .text.emit_common_load_id
                0x0802633c       0x44 build-PYBV10/py/emitcommon.o
                0x0802633c                emit_common_load_id
 .text.emit_common_store_id
                0x08026380       0x44 build-PYBV10/py/emitcommon.o
                0x08026380                emit_common_store_id
 .text.emit_common_delete_id
                0x080263c4       0x4c build-PYBV10/py/emitcommon.o
                0x080263c4                emit_common_delete_id
 .text.emit_pass1_dummy
                0x08026410        0x2 build-PYBV10/py/emitpass1.o
 .text.emit_pass1_start_pass
                0x08026412        0x4 build-PYBV10/py/emitpass1.o
 .text.emit_pass1_end_pass
                0x08026416        0x2 build-PYBV10/py/emitpass1.o
 .text.emit_pass1_last_emit_was_return_value
                0x08026418        0x4 build-PYBV10/py/emitpass1.o
 .text.get_id_for_modification
                0x0802641c       0x30 build-PYBV10/py/emitpass1.o
 .text.emit_pass1_delete_id
                0x0802644c        0x6 build-PYBV10/py/emitpass1.o
 .text.emit_pass1_store_id
                0x08026452        0x6 build-PYBV10/py/emitpass1.o
 .text.emit_pass1_load_id
                0x08026458       0x40 build-PYBV10/py/emitpass1.o
 .text.emit_pass1_new
                0x08026498        0x6 build-PYBV10/py/emitpass1.o
                0x08026498                emit_pass1_new
 .text.emit_pass1_free
                0x0802649e        0x6 build-PYBV10/py/emitpass1.o
                0x0802649e                emit_pass1_free
 .text.emit_write_uint
                0x080264a4       0x42 build-PYBV10/py/emitbc.o
 .text.emit_bc_set_native_type
                0x080264e6        0x2 build-PYBV10/py/emitbc.o
 .text.emit_bc_last_emit_was_return_value
                0x080264e8        0xa build-PYBV10/py/emitbc.o
 .text.emit_bc_adjust_stack_size
                0x080264f2        0x8 build-PYBV10/py/emitbc.o
 .text.emit_bc_pre
                0x080264fa       0x1a build-PYBV10/py/emitbc.o
 .text.emit_bc_for_iter_end
                0x08026514        0x8 build-PYBV10/py/emitbc.o
 .text.emit_bc_start_except_handler
                0x0802651c        0x8 build-PYBV10/py/emitbc.o
 .text.emit_bc_end_except_handler
                0x08026524        0x8 build-PYBV10/py/emitbc.o
 .text.emit_bc_delete_id
                0x0802652c       0x10 build-PYBV10/py/emitbc.o
 .text.emit_bc_store_id
                0x0802653c       0x10 build-PYBV10/py/emitbc.o
 .text.emit_bc_load_id
                0x0802654c       0x10 build-PYBV10/py/emitbc.o
 .text.emit_get_cur_to_write_code_info
                0x0802655c       0x1a build-PYBV10/py/emitbc.o
 .text.emit_get_cur_to_write_bytecode
                0x08026576       0x20 build-PYBV10/py/emitbc.o
 .text.emit_write_bytecode_byte
                0x08026596        0xe build-PYBV10/py/emitbc.o
 .text.emit_write_bytecode_byte_uint
                0x080265a4       0x1c build-PYBV10/py/emitbc.o
 .text.emit_bc_import_name
                0x080265c0       0x1c build-PYBV10/py/emitbc.o
 .text.emit_bc_import_from
                0x080265dc       0x1a build-PYBV10/py/emitbc.o
 .text.emit_bc_load_const_str
                0x080265f6       0x22 build-PYBV10/py/emitbc.o
 .text.emit_bc_load_deref
                0x08026618       0x1a build-PYBV10/py/emitbc.o
 .text.emit_bc_load_name
                0x08026632       0x1a build-PYBV10/py/emitbc.o
 .text.emit_bc_load_global
                0x0802664c       0x1a build-PYBV10/py/emitbc.o
 .text.emit_bc_load_attr
                0x08026666       0x1a build-PYBV10/py/emitbc.o
 .text.emit_bc_load_method
                0x08026680       0x1a build-PYBV10/py/emitbc.o
 .text.emit_bc_store_deref
                0x0802669a       0x1c build-PYBV10/py/emitbc.o
 .text.emit_bc_store_name
                0x080266b6       0x1c build-PYBV10/py/emitbc.o
 .text.emit_bc_store_global
                0x080266d2       0x1c build-PYBV10/py/emitbc.o
 .text.emit_bc_store_attr
                0x080266ee       0x1c build-PYBV10/py/emitbc.o
 .text.emit_bc_delete_fast
                0x0802670a        0x6 build-PYBV10/py/emitbc.o
 .text.emit_bc_delete_deref
                0x08026710        0x6 build-PYBV10/py/emitbc.o
 .text.emit_bc_delete_name
                0x08026716       0x1a build-PYBV10/py/emitbc.o
 .text.emit_bc_delete_global
                0x08026730       0x1a build-PYBV10/py/emitbc.o
 .text.emit_bc_build_tuple
                0x0802674a       0x1c build-PYBV10/py/emitbc.o
 .text.emit_bc_build_list
                0x08026766       0x1c build-PYBV10/py/emitbc.o
 .text.emit_bc_list_append
                0x08026782       0x1c build-PYBV10/py/emitbc.o
 .text.emit_bc_build_map
                0x0802679e       0x1a build-PYBV10/py/emitbc.o
 .text.emit_bc_map_add
                0x080267b8       0x1c build-PYBV10/py/emitbc.o
 .text.emit_bc_build_set
                0x080267d4       0x1c build-PYBV10/py/emitbc.o
 .text.emit_bc_set_add
                0x080267f0       0x1c build-PYBV10/py/emitbc.o
 .text.emit_bc_build_slice
                0x0802680c       0x1c build-PYBV10/py/emitbc.o
 .text.emit_bc_unpack_sequence
                0x08026828       0x1a build-PYBV10/py/emitbc.o
 .text.emit_bc_unpack_ex
                0x08026842       0x1e build-PYBV10/py/emitbc.o
 .text.emit_bc_import_star
                0x08026860       0x18 build-PYBV10/py/emitbc.o
 .text.emit_bc_load_const_tok
                0x08026878       0x30 build-PYBV10/py/emitbc.o
 .text.emit_bc_load_null
                0x080268a8       0x16 build-PYBV10/py/emitbc.o
 .text.emit_bc_load_fast
                0x080268be       0x2e build-PYBV10/py/emitbc.o
 .text.emit_bc_load_build_class
                0x080268ec       0x16 build-PYBV10/py/emitbc.o
 .text.emit_bc_load_subscr
                0x08026902       0x18 build-PYBV10/py/emitbc.o
 .text.emit_bc_store_fast
                0x0802691a       0x30 build-PYBV10/py/emitbc.o
 .text.emit_bc_store_subscr
                0x0802694a       0x18 build-PYBV10/py/emitbc.o
 .text.emit_bc_dup_top
                0x08026962       0x16 build-PYBV10/py/emitbc.o
 .text.emit_bc_dup_top_two
                0x08026978       0x16 build-PYBV10/py/emitbc.o
 .text.emit_bc_pop_top
                0x0802698e       0x18 build-PYBV10/py/emitbc.o
 .text.emit_bc_rot_two
                0x080269a6       0x16 build-PYBV10/py/emitbc.o
 .text.emit_bc_delete_attr
                0x080269bc       0x1c build-PYBV10/py/emitbc.o
 .text.emit_bc_rot_three
                0x080269d8       0x16 build-PYBV10/py/emitbc.o
 .text.emit_bc_delete_subscr
                0x080269ee       0x18 build-PYBV10/py/emitbc.o
 .text.emit_bc_with_cleanup
                0x08026a06       0x18 build-PYBV10/py/emitbc.o
 .text.emit_bc_end_finally
                0x08026a1e       0x18 build-PYBV10/py/emitbc.o
 .text.emit_bc_get_iter
                0x08026a36       0x16 build-PYBV10/py/emitbc.o
 .text.emit_bc_pop_block
                0x08026a4c       0x16 build-PYBV10/py/emitbc.o
 .text.emit_bc_pop_except
                0x08026a62       0x16 build-PYBV10/py/emitbc.o
 .text.emit_bc_store_map
                0x08026a78       0x18 build-PYBV10/py/emitbc.o
 .text.emit_bc_return_value
                0x08026a90       0x1c build-PYBV10/py/emitbc.o
 .text.emit_bc_yield_value
                0x08026aac       0x20 build-PYBV10/py/emitbc.o
 .text.emit_bc_yield_from
                0x08026acc       0x22 build-PYBV10/py/emitbc.o
 .text.emit_write_bytecode_byte_unsigned_label
                0x08026aee       0x2e build-PYBV10/py/emitbc.o
 .text.emit_bc_setup_with
                0x08026b1c       0x1a build-PYBV10/py/emitbc.o
 .text.emit_bc_setup_except
                0x08026b36       0x1a build-PYBV10/py/emitbc.o
 .text.emit_bc_setup_finally
                0x08026b50       0x1a build-PYBV10/py/emitbc.o
 .text.emit_bc_for_iter
                0x08026b6a       0x1a build-PYBV10/py/emitbc.o
 .text.emit_write_bytecode_byte_signed_label
                0x08026b84       0x2e build-PYBV10/py/emitbc.o
 .text.emit_bc_jump
                0x08026bb2       0x1a build-PYBV10/py/emitbc.o
 .text.emit_bc_pop_jump_if
                0x08026bcc       0x24 build-PYBV10/py/emitbc.o
 .text.emit_bc_jump_if_or_pop
                0x08026bf0       0x24 build-PYBV10/py/emitbc.o
 .text.emit_write_bytecode_byte_ptr
                0x08026c14       0x20 build-PYBV10/py/emitbc.o
 .text.emit_bc_load_const_obj
                0x08026c34       0x1a build-PYBV10/py/emitbc.o
 *fill*         0x08026c4e        0x2 
 .text.emit_bc_set_source_line
                0x08026c50       0x90 build-PYBV10/py/emitbc.o
 .text.emit_bc_label_assign
                0x08026ce0       0x1c build-PYBV10/py/emitbc.o
 .text.emit_bc_unwind_jump
                0x08026cfc       0x4e build-PYBV10/py/emitbc.o
 .text.emit_bc_unary_op
                0x08026d4a       0x3c build-PYBV10/py/emitbc.o
 .text.emit_bc_binary_op
                0x08026d86       0x4a build-PYBV10/py/emitbc.o
 .text.emit_bc_make_function
                0x08026dd0       0x2e build-PYBV10/py/emitbc.o
 .text.emit_bc_make_closure
                0x08026dfe       0x3a build-PYBV10/py/emitbc.o
 .text.emit_bc_call_function_method_helper
                0x08026e38       0x5e build-PYBV10/py/emitbc.o
 .text.emit_bc_call_function
                0x08026e96       0x16 build-PYBV10/py/emitbc.o
 .text.emit_bc_call_method
                0x08026eac       0x18 build-PYBV10/py/emitbc.o
 .text.emit_bc_load_const_small_int
                0x08026ec4       0x8e build-PYBV10/py/emitbc.o
 .text.emit_bc_raise_varargs
                0x08026f52       0x1c build-PYBV10/py/emitbc.o
 *fill*         0x08026f6e        0x2 
 .text.emit_bc_end_pass
                0x08026f70       0x70 build-PYBV10/py/emitbc.o
 .text.emit_bc_start_pass
                0x08026fe0       0xec build-PYBV10/py/emitbc.o
 .text.emit_bc_new
                0x080270cc       0x1a build-PYBV10/py/emitbc.o
                0x080270cc                emit_bc_new
 .text.emit_bc_free
                0x080270e6       0x1a build-PYBV10/py/emitbc.o
                0x080270e6                emit_bc_free
 .text.asm_thumb_new
                0x08027100       0x1a build-PYBV10/py/asmthumb.o
                0x08027100                asm_thumb_new
 .text.asm_thumb_free
                0x0802711a       0x24 build-PYBV10/py/asmthumb.o
                0x0802711a                asm_thumb_free
 .text.asm_thumb_start_pass
                0x0802713e       0x32 build-PYBV10/py/asmthumb.o
                0x0802713e                asm_thumb_start_pass
 .text.asm_thumb_end_pass
                0x08027170        0x2 build-PYBV10/py/asmthumb.o
                0x08027170                asm_thumb_end_pass
 .text.asm_thumb_get_code_size
                0x08027172        0x4 build-PYBV10/py/asmthumb.o
                0x08027172                asm_thumb_get_code_size
 .text.asm_thumb_get_code
                0x08027176        0x4 build-PYBV10/py/asmthumb.o
                0x08027176                asm_thumb_get_code
 .text.asm_thumb_label_assign
                0x0802717a       0x10 build-PYBV10/py/asmthumb.o
                0x0802717a                asm_thumb_label_assign
 .text.asm_thumb_align
                0x0802718a        0xe build-PYBV10/py/asmthumb.o
                0x0802718a                asm_thumb_align
 .text.asm_thumb_data
                0x08027198       0x2c build-PYBV10/py/asmthumb.o
                0x08027198                asm_thumb_data
 .text.asm_thumb_op16
                0x080271c4       0x22 build-PYBV10/py/asmthumb.o
                0x080271c4                asm_thumb_op16
 .text.asm_thumb_entry
                0x080271e6       0x46 build-PYBV10/py/asmthumb.o
                0x080271e6                asm_thumb_entry
 .text.asm_thumb_exit
                0x0802722c       0x20 build-PYBV10/py/asmthumb.o
                0x0802722c                asm_thumb_exit
 .text.asm_thumb_op32
                0x0802724c       0x28 build-PYBV10/py/asmthumb.o
                0x0802724c                asm_thumb_op32
 .text.asm_thumb_format_4
                0x08027274        0xa build-PYBV10/py/asmthumb.o
                0x08027274                asm_thumb_format_4
 .text.asm_thumb_mov_reg_reg
                0x0802727e       0x22 build-PYBV10/py/asmthumb.o
                0x0802727e                asm_thumb_mov_reg_reg
 .text.asm_thumb_mov_reg_i16
                0x080272a0       0x26 build-PYBV10/py/asmthumb.o
                0x080272a0                asm_thumb_mov_reg_i16
 .text.asm_thumb_b_n_label
                0x080272c6       0x32 build-PYBV10/py/asmthumb.o
                0x080272c6                asm_thumb_b_n_label
 .text.asm_thumb_bcc_n_label
                0x080272f8       0x32 build-PYBV10/py/asmthumb.o
                0x080272f8                asm_thumb_bcc_n_label
 .text.asm_thumb_bl_label
                0x0802732a       0x36 build-PYBV10/py/asmthumb.o
                0x0802732a                asm_thumb_bl_label
 .text.asm_thumb_mov_reg_i32
                0x08027360       0x26 build-PYBV10/py/asmthumb.o
                0x08027360                asm_thumb_mov_reg_i32
 .text.asm_thumb_mov_reg_i32_optimised
                0x08027386       0x44 build-PYBV10/py/asmthumb.o
                0x08027386                asm_thumb_mov_reg_i32_optimised
 .text.asm_thumb_mov_reg_i32_aligned
                0x080273ca       0x38 build-PYBV10/py/asmthumb.o
                0x080273ca                asm_thumb_mov_reg_i32_aligned
 .text.asm_thumb_mov_local_reg
                0x08027402        0xe build-PYBV10/py/asmthumb.o
                0x08027402                asm_thumb_mov_local_reg
 .text.asm_thumb_mov_reg_local
                0x08027410        0xe build-PYBV10/py/asmthumb.o
                0x08027410                asm_thumb_mov_reg_local
 .text.asm_thumb_mov_reg_local_addr
                0x0802741e        0xe build-PYBV10/py/asmthumb.o
                0x0802741e                asm_thumb_mov_reg_local_addr
 .text.asm_thumb_b_label
                0x0802742c       0x54 build-PYBV10/py/asmthumb.o
                0x0802742c                asm_thumb_b_label
 .text.asm_thumb_bcc_label
                0x08027480       0x64 build-PYBV10/py/asmthumb.o
                0x08027480                asm_thumb_bcc_label
 .text.asm_thumb_bl_ind
                0x080274e4       0x3a build-PYBV10/py/asmthumb.o
                0x080274e4                asm_thumb_bl_ind
 .text.emit_native_last_emit_was_return_value
                0x0802751e        0x6 build-PYBV10/py/emitnthumb.o
 .text.adjust_stack
                0x08027524       0x18 build-PYBV10/py/emitnthumb.o
 .text.emit_native_adjust_stack_size
                0x0802753c       0x2c build-PYBV10/py/emitnthumb.o
 .text.emit_native_set_source_line
                0x08027568        0x2 build-PYBV10/py/emitnthumb.o
 .text.emit_pre_pop_discard
                0x0802756a        0xe build-PYBV10/py/emitnthumb.o
 .text.emit_post_push_reg
                0x08027578       0x1c build-PYBV10/py/emitnthumb.o
 .text.emit_post_push_imm
                0x08027594       0x1e build-PYBV10/py/emitnthumb.o
 *fill*         0x080275b2        0x2 
 .text.emit_native_load_const_tok
                0x080275b4       0x64 build-PYBV10/py/emitnthumb.o
 .text.emit_native_load_null
                0x08027618        0xc build-PYBV10/py/emitnthumb.o
 .text.emit_native_load_deref
                0x08027624        0x2 build-PYBV10/py/emitnthumb.o
 .text.emit_native_store_deref
                0x08027626        0x2 build-PYBV10/py/emitnthumb.o
 .text.emit_native_delete_fast
                0x08027628        0x2 build-PYBV10/py/emitnthumb.o
 .text.emit_native_delete_deref
                0x0802762a        0x2 build-PYBV10/py/emitnthumb.o
 .text.emit_native_pop_top
                0x0802762c        0x4 build-PYBV10/py/emitnthumb.o
 .text.emit_native_setup_with
                0x08027630        0x2 build-PYBV10/py/emitnthumb.o
 .text.emit_native_with_cleanup
                0x08027632        0x2 build-PYBV10/py/emitnthumb.o
 .text.emit_native_for_iter_end
                0x08027634        0xe build-PYBV10/py/emitnthumb.o
 .text.emit_native_pop_except
                0x08027642        0x2 build-PYBV10/py/emitnthumb.o
 .text.emit_native_make_closure
                0x08027644        0x2 build-PYBV10/py/emitnthumb.o
 .text.emit_native_yield_value
                0x08027646        0x2 build-PYBV10/py/emitnthumb.o
 .text.emit_native_yield_from
                0x08027648        0x2 build-PYBV10/py/emitnthumb.o
 .text.emit_native_end_except_handler
                0x0802764a        0x8 build-PYBV10/py/emitnthumb.o
 .text.need_reg_single
                0x08027652       0x40 build-PYBV10/py/emitnthumb.o
 .text.emit_access_stack
                0x08027692       0x6c build-PYBV10/py/emitnthumb.o
 .text.emit_pre_pop_reg
                0x080276fe       0x24 build-PYBV10/py/emitnthumb.o
 .text.emit_pre_pop_reg_reg
                0x08027722       0x1a build-PYBV10/py/emitnthumb.o
 .text.emit_pre_pop_reg_reg_reg
                0x0802773c       0x2a build-PYBV10/py/emitnthumb.o
 .text.need_reg_all
                0x08027766       0x30 build-PYBV10/py/emitnthumb.o
 .text.need_stack_settled
                0x08027796       0x64 build-PYBV10/py/emitnthumb.o
 *fill*         0x080277fa        0x2 
 .text.emit_call
                0x080277fc       0x24 build-PYBV10/py/emitnthumb.o
 .text.emit_native_raise_varargs
                0x08027820       0x28 build-PYBV10/py/emitnthumb.o
 .text.emit_native_set_add
                0x08027848       0x26 build-PYBV10/py/emitnthumb.o
 .text.emit_native_map_add
                0x0802786e       0x2e build-PYBV10/py/emitnthumb.o
 .text.emit_native_store_map
                0x0802789c       0x32 build-PYBV10/py/emitnthumb.o
 .text.emit_native_list_append
                0x080278ce       0x26 build-PYBV10/py/emitnthumb.o
 .text.emit_native_pop_block
                0x080278f4       0x1e build-PYBV10/py/emitnthumb.o
 .text.emit_native_get_iter
                0x08027912       0x22 build-PYBV10/py/emitnthumb.o
 .text.emit_native_end_finally
                0x08027934       0x18 build-PYBV10/py/emitnthumb.o
 .text.emit_native_load_build_class
                0x0802794c       0x1e build-PYBV10/py/emitnthumb.o
 .text.emit_native_import_star
                0x0802796a       0x18 build-PYBV10/py/emitnthumb.o
 *fill*         0x08027982        0x2 
 .text.emit_call_with_imm_arg
                0x08027984       0x34 build-PYBV10/py/emitnthumb.o
 .text.emit_native_build_map
                0x080279b8       0x22 build-PYBV10/py/emitnthumb.o
 .text.emit_native_unary_op
                0x080279da       0x42 build-PYBV10/py/emitnthumb.o
 .text.emit_native_delete_subscr
                0x08027a1c       0x24 build-PYBV10/py/emitnthumb.o
 .text.emit_native_delete_global
                0x08027a40       0x14 build-PYBV10/py/emitnthumb.o
 .text.emit_native_delete_name
                0x08027a54       0x14 build-PYBV10/py/emitnthumb.o
 .text.emit_native_store_attr
                0x08027a68       0x26 build-PYBV10/py/emitnthumb.o
 .text.emit_native_store_name
                0x08027a8e       0x1e build-PYBV10/py/emitnthumb.o
 .text.emit_native_load_attr
                0x08027aac       0x28 build-PYBV10/py/emitnthumb.o
 .text.emit_native_load_global
                0x08027ad4       0x60 build-PYBV10/py/emitnthumb.o
 .text.emit_native_load_name
                0x08027b34       0x22 build-PYBV10/py/emitnthumb.o
 .text.emit_native_load_const_str
                0x08027b56       0x2e build-PYBV10/py/emitnthumb.o
 .text.emit_native_import_from
                0x08027b84       0x30 build-PYBV10/py/emitnthumb.o
 .text.emit_native_import_name
                0x08027bb4       0x30 build-PYBV10/py/emitnthumb.o
 .text.emit_get_stack_pointer_to_reg_for_pop
                0x08027be4      0x114 build-PYBV10/py/emitnthumb.o
 .text.emit_native_call_method
                0x08027cf8       0x54 build-PYBV10/py/emitnthumb.o
 .text.emit_native_build_set
                0x08027d4c       0x2e build-PYBV10/py/emitnthumb.o
 .text.emit_native_build_list
                0x08027d7a       0x2e build-PYBV10/py/emitnthumb.o
 .text.emit_native_build_tuple
                0x08027da8       0x2e build-PYBV10/py/emitnthumb.o
 .text.emit_get_stack_pointer_to_reg_for_push
                0x08027dd6       0x42 build-PYBV10/py/emitnthumb.o
 .text.emit_native_unpack_ex
                0x08027e18       0x2e build-PYBV10/py/emitnthumb.o
 .text.emit_native_unpack_sequence
                0x08027e46       0x28 build-PYBV10/py/emitnthumb.o
 .text.emit_native_load_method
                0x08027e6e       0x28 build-PYBV10/py/emitnthumb.o
 .text.emit_native_load_const_obj
                0x08027e96       0x2c build-PYBV10/py/emitnthumb.o
 .text.asm_thumb_add_rlo_rlo_rlo
                0x08027ec2       0x10 build-PYBV10/py/emitnthumb.o
 .text.emit_native_jump
                0x08027ed2       0x1c build-PYBV10/py/emitnthumb.o
 .text.emit_native_continue_loop
                0x08027eee        0x4 build-PYBV10/py/emitnthumb.o
 .text.emit_native_break_loop
                0x08027ef2        0x8 build-PYBV10/py/emitnthumb.o
 *fill*         0x08027efa        0x2 
 .text.emit_native_store_fast
                0x08027efc       0x68 build-PYBV10/py/emitnthumb.o
 .text.emit_native_load_fast
                0x08027f64       0x68 build-PYBV10/py/emitnthumb.o
 .text.emit_native_label_assign
                0x08027fcc       0x1c build-PYBV10/py/emitnthumb.o
 .text.emit_native_delete_id
                0x08027fe8       0x10 build-PYBV10/py/emitnthumb.o
 .text.emit_native_store_id
                0x08027ff8       0x10 build-PYBV10/py/emitnthumb.o
 .text.emit_native_load_id
                0x08028008       0x10 build-PYBV10/py/emitnthumb.o
 .text.emit_native_start_pass
                0x08028018      0x10c build-PYBV10/py/emitnthumb.o
 .text.emit_native_load_const_small_int
                0x08028124       0x1a build-PYBV10/py/emitnthumb.o
 *fill*         0x0802813e        0x2 
 .text.emit_native_build_slice
                0x08028140       0x58 build-PYBV10/py/emitnthumb.o
 .text.emit_native_set_native_type
                0x08028198       0x6c build-PYBV10/py/emitnthumb.o
 .text.emit_native_end_pass
                0x08028204       0x7c build-PYBV10/py/emitnthumb.o
 .text.emit_native_make_function
                0x08028280       0x7c build-PYBV10/py/emitnthumb.o
 .text.emit_native_dup_top_two
                0x080282fc       0x44 build-PYBV10/py/emitnthumb.o
 .text.emit_native_start_except_handler
                0x08028340       0x3c build-PYBV10/py/emitnthumb.o
 .text.emit_native_setup_except
                0x0802837c       0x3a build-PYBV10/py/emitnthumb.o
 .text.emit_native_setup_finally
                0x080283b6        0x4 build-PYBV10/py/emitnthumb.o
 .text.peek_vtype
                0x080283ba       0x12 build-PYBV10/py/emitnthumb.o
 .text.emit_native_store_global
                0x080283cc       0x4c build-PYBV10/py/emitnthumb.o
 .text.emit_native_return_value
                0x08028418       0x64 build-PYBV10/py/emitnthumb.o
 .text.emit_native_jump_helper
                0x0802847c       0x68 build-PYBV10/py/emitnthumb.o
 .text.emit_native_jump_if_or_pop
                0x080284e4       0x3c build-PYBV10/py/emitnthumb.o
 .text.emit_native_pop_jump_if
                0x08028520       0x32 build-PYBV10/py/emitnthumb.o
 .text.emit_pre_pop_reg_flexible
                0x08028552       0x60 build-PYBV10/py/emitnthumb.o
 .text.emit_native_dup_top
                0x080285b2       0x32 build-PYBV10/py/emitnthumb.o
 .text.emit_native_binary_op
                0x080285e4      0x190 build-PYBV10/py/emitnthumb.o
 .text.emit_native_call_function
                0x08028774       0xfe build-PYBV10/py/emitnthumb.o
 .text.emit_native_for_iter
                0x08028872       0x4e build-PYBV10/py/emitnthumb.o
 .text.emit_native_rot_two
                0x080288c0       0x2c build-PYBV10/py/emitnthumb.o
 .text.emit_native_rot_three
                0x080288ec       0x48 build-PYBV10/py/emitnthumb.o
 .text.emit_native_delete_attr
                0x08028934       0x40 build-PYBV10/py/emitnthumb.o
 .text.emit_native_store_subscr
                0x08028974      0x17c build-PYBV10/py/emitnthumb.o
 .text.emit_native_load_subscr
                0x08028af0      0x164 build-PYBV10/py/emitnthumb.o
 .text.emit_native_thumb_new
                0x08028c54       0x18 build-PYBV10/py/emitnthumb.o
                0x08028c54                emit_native_thumb_new
 .text.emit_native_thumb_free
                0x08028c6c       0x2e build-PYBV10/py/emitnthumb.o
                0x08028c6c                emit_native_thumb_free
 *fill*         0x08028c9a        0x2 
 .text.get_arg_addr
                0x08028c9c       0x50 build-PYBV10/py/emitinlinethumb.o
 .text.emit_inline_thumb_data
                0x08028cec        0x6 build-PYBV10/py/emitinlinethumb.o
 .text.emit_inline_thumb_align
                0x08028cf2        0x6 build-PYBV10/py/emitinlinethumb.o
 .text.emit_inline_thumb_label
                0x08028cf8        0xc build-PYBV10/py/emitinlinethumb.o
 .text.emit_inline_thumb_start_pass
                0x08028d04       0x24 build-PYBV10/py/emitinlinethumb.o
 .text.get_arg_label
                0x08028d28       0x60 build-PYBV10/py/emitinlinethumb.o
 .text.get_arg_i
                0x08028d88       0x4c build-PYBV10/py/emitinlinethumb.o
 .text.emit_inline_thumb_end_pass
                0x08028dd4       0x42 build-PYBV10/py/emitinlinethumb.o
 *fill*         0x08028e16        0x2 
 .text.get_arg_reg
                0x08028e18       0x90 build-PYBV10/py/emitinlinethumb.o
 .text.get_arg_reglist
                0x08028ea8       0xa8 build-PYBV10/py/emitinlinethumb.o
 .text.emit_inline_thumb_count_params
                0x08028f50       0x70 build-PYBV10/py/emitinlinethumb.o
 .text.emit_inline_thumb_op
                0x08028fc0      0x6f8 build-PYBV10/py/emitinlinethumb.o
 .text.emit_inline_thumb_new
                0x080296b8       0x2c build-PYBV10/py/emitinlinethumb.o
                0x080296b8                emit_inline_thumb_new
 .text.emit_inline_thumb_free
                0x080296e4       0x22 build-PYBV10/py/emitinlinethumb.o
                0x080296e4                emit_inline_thumb_free
 *fill*         0x08029706        0x2 
 .text.mp_format_float
                0x08029708      0x3d0 build-PYBV10/py/formatfloat.o
                0x08029708                mp_format_float
 .text.mp_parse_num_base
                0x08029ad8       0x70 build-PYBV10/py/parsenumbase.o
                0x08029ad8                mp_parse_num_base
 .text.raise    0x08029b48       0x20 build-PYBV10/py/parsenum.o
 .text.mp_parse_num_integer
                0x08029b68      0x118 build-PYBV10/py/parsenum.o
                0x08029b68                mp_parse_num_integer
 .text.mp_parse_num_decimal
                0x08029c80      0x244 build-PYBV10/py/parsenum.o
                0x08029c80                mp_parse_num_decimal
 .text.mp_emit_glue_new_raw_code
                0x08029ec4       0x14 build-PYBV10/py/emitglue.o
                0x08029ec4                mp_emit_glue_new_raw_code
 .text.mp_emit_glue_assign_bytecode
                0x08029ed8       0x2e build-PYBV10/py/emitglue.o
                0x08029ed8                mp_emit_glue_assign_bytecode
 .text.mp_emit_glue_assign_native
                0x08029f06       0x22 build-PYBV10/py/emitglue.o
                0x08029f06                mp_emit_glue_assign_native
 .text.mp_make_function_from_raw_code
                0x08029f28       0x6e build-PYBV10/py/emitglue.o
                0x08029f28                mp_make_function_from_raw_code
 .text.mp_make_closure_from_raw_code
                0x08029f96       0x26 build-PYBV10/py/emitglue.o
                0x08029f96                mp_make_closure_from_raw_code
 .text.mp_init  0x08029fbc       0x40 build-PYBV10/py/runtime.o
                0x08029fbc                mp_init
 .text.mp_load_const_str
                0x08029ffc        0x8 build-PYBV10/py/runtime.o
                0x08029ffc                mp_load_const_str
 .text.mp_load_const_bytes
                0x0802a004       0x14 build-PYBV10/py/runtime.o
                0x0802a004                mp_load_const_bytes
 .text.mp_load_global
                0x0802a018       0x64 build-PYBV10/py/runtime.o
                0x0802a018                mp_load_global
 .text.mp_load_name
                0x0802a07c       0x30 build-PYBV10/py/runtime.o
                0x0802a07c                mp_load_name
 .text.mp_load_build_class
                0x0802a0ac       0x28 build-PYBV10/py/runtime.o
                0x0802a0ac                mp_load_build_class
 .text.mp_store_name
                0x0802a0d4       0x14 build-PYBV10/py/runtime.o
                0x0802a0d4                mp_store_name
 .text.mp_delete_name
                0x0802a0e8       0x14 build-PYBV10/py/runtime.o
                0x0802a0e8                mp_delete_name
 .text.mp_store_global
                0x0802a0fc       0x14 build-PYBV10/py/runtime.o
                0x0802a0fc                mp_store_global
 .text.mp_delete_global
                0x0802a110       0x14 build-PYBV10/py/runtime.o
                0x0802a110                mp_delete_global
 .text.mp_unary_op
                0x0802a124       0x98 build-PYBV10/py/runtime.o
                0x0802a124                mp_unary_op
 .text.mp_call_function_n_kw
                0x0802a1bc       0x3c build-PYBV10/py/runtime.o
                0x0802a1bc                mp_call_function_n_kw
 .text.mp_call_function_0
                0x0802a1f8        0xa build-PYBV10/py/runtime.o
                0x0802a1f8                mp_call_function_0
 .text.mp_call_function_1
                0x0802a202       0x16 build-PYBV10/py/runtime.o
                0x0802a202                mp_call_function_1
 .text.mp_call_function_2
                0x0802a218       0x16 build-PYBV10/py/runtime.o
                0x0802a218                mp_call_function_2
 .text.mp_call_method_n_kw
                0x0802a22e       0x20 build-PYBV10/py/runtime.o
                0x0802a22e                mp_call_method_n_kw
 *fill*         0x0802a24e        0x2 
 .text.mp_load_method_maybe
                0x0802a250       0x9c build-PYBV10/py/runtime.o
                0x0802a250                mp_load_method_maybe
 .text.mp_load_method
                0x0802a2ec       0x64 build-PYBV10/py/runtime.o
                0x0802a2ec                mp_load_method
 .text.mp_load_attr
                0x0802a350       0x18 build-PYBV10/py/runtime.o
                0x0802a350                mp_load_attr
 .text.mp_store_attr
                0x0802a368       0x44 build-PYBV10/py/runtime.o
                0x0802a368                mp_store_attr
 .text.mp_getiter
                0x0802a3ac       0x4c build-PYBV10/py/runtime.o
                0x0802a3ac                mp_getiter
 .text.mp_iternext_allow_raise
                0x0802a3f8       0x4c build-PYBV10/py/runtime.o
                0x0802a3f8                mp_iternext_allow_raise
 .text.mp_iternext
                0x0802a444       0x74 build-PYBV10/py/runtime.o
                0x0802a444                mp_iternext
 .text.mp_binary_op
                0x0802a4b8      0x338 build-PYBV10/py/runtime.o
                0x0802a4b8                mp_binary_op
 .text.mp_call_method_n_kw_var
                0x0802a7f0      0x244 build-PYBV10/py/runtime.o
                0x0802a7f0                mp_call_method_n_kw_var
 .text.mp_unpack_sequence
                0x0802aa34       0xb0 build-PYBV10/py/runtime.o
                0x0802aa34                mp_unpack_sequence
 .text.mp_unpack_ex
                0x0802aae4      0x130 build-PYBV10/py/runtime.o
                0x0802aae4                mp_unpack_ex
 .text.mp_resume
                0x0802ac14       0xd0 build-PYBV10/py/runtime.o
                0x0802ac14                mp_resume
 .text.mp_make_raise_obj
                0x0802ace4       0x3c build-PYBV10/py/runtime.o
                0x0802ace4                mp_make_raise_obj
 .text.mp_import_name
                0x0802ad20       0x28 build-PYBV10/py/runtime.o
                0x0802ad20                mp_import_name
 .text.mp_import_from
                0x0802ad48       0xe0 build-PYBV10/py/runtime.o
                0x0802ad48                mp_import_from
 .text.mp_import_all
                0x0802ae28       0x4c build-PYBV10/py/runtime.o
                0x0802ae28                mp_import_all
 .text.mp_parse_compile_execute
                0x0802ae74       0x64 build-PYBV10/py/runtime.o
                0x0802ae74                mp_parse_compile_execute
 .text.m_malloc_fail
                0x0802aed8       0x30 build-PYBV10/py/runtime.o
                0x0802aed8                m_malloc_fail
 .text.mp_not_implemented
                0x0802af08       0x14 build-PYBV10/py/runtime.o
                0x0802af08                mp_not_implemented
 .text.mp_convert_native_to_obj
                0x0802af1c       0x30 build-PYBV10/py/nativeglue.o
                0x0802af1c                mp_convert_native_to_obj
 .text.mp_native_call_function_n_kw
                0x0802af4c       0x14 build-PYBV10/py/nativeglue.o
                0x0802af4c                mp_native_call_function_n_kw
 .text.mp_convert_obj_to_native
                0x0802af60       0x2c build-PYBV10/py/nativeglue.o
                0x0802af60                mp_convert_obj_to_native
 .text.mp_native_raise
                0x0802af8c       0x18 build-PYBV10/py/nativeglue.o
                0x0802af8c                mp_native_raise
 .text.mp_stack_ctrl_init
                0x0802afa4       0x14 build-PYBV10/py/stackctrl.o
                0x0802afa4                mp_stack_ctrl_init
 .text.mp_stack_usage
                0x0802afb8       0x14 build-PYBV10/py/stackctrl.o
                0x0802afb8                mp_stack_usage
 .text.mp_stack_set_limit
                0x0802afcc        0xc build-PYBV10/py/stackctrl.o
                0x0802afcc                mp_stack_set_limit
 .text.mp_stack_check
                0x0802afd8       0x30 build-PYBV10/py/stackctrl.o
                0x0802afd8                mp_stack_check
 .text.mp_arg_check_num
                0x0802b008       0x60 build-PYBV10/py/argcheck.o
                0x0802b008                mp_arg_check_num
 .text.mp_arg_parse_all
                0x0802b068       0xdc build-PYBV10/py/argcheck.o
                0x0802b068                mp_arg_parse_all
 .text.mp_arg_parse_all_kw_array
                0x0802b144       0x2c build-PYBV10/py/argcheck.o
                0x0802b144                mp_arg_parse_all_kw_array
 .text.mp_arg_error_unimpl_kw
                0x0802b170       0x18 build-PYBV10/py/argcheck.o
                0x0802b170                mp_arg_error_unimpl_kw
 .text.mp_map_init
                0x0802b188       0x2a build-PYBV10/py/map.o
                0x0802b188                mp_map_init
 .text.mp_map_init_fixed_table
                0x0802b1b2       0x16 build-PYBV10/py/map.o
                0x0802b1b2                mp_map_init_fixed_table
 .text.mp_map_deinit
                0x0802b1c8       0x22 build-PYBV10/py/map.o
                0x0802b1c8                mp_map_deinit
 .text.mp_map_clear
                0x0802b1ea       0x30 build-PYBV10/py/map.o
                0x0802b1ea                mp_map_clear
 *fill*         0x0802b21a        0x2 
 .text.mp_map_lookup
                0x0802b21c      0x17c build-PYBV10/py/map.o
                0x0802b21c                mp_map_lookup
 .text.mp_map_rehash
                0x0802b398       0x74 build-PYBV10/py/map.o
 .text.mp_set_init
                0x0802b40c       0x14 build-PYBV10/py/map.o
                0x0802b40c                mp_set_init
 .text.mp_set_lookup
                0x0802b420       0xe0 build-PYBV10/py/map.o
                0x0802b420                mp_set_lookup
 .text.mp_set_rehash
                0x0802b500       0x5c build-PYBV10/py/map.o
 .text.mp_set_remove_first
                0x0802b55c       0x4a build-PYBV10/py/map.o
                0x0802b55c                mp_set_remove_first
 .text.mp_set_clear
                0x0802b5a6       0x18 build-PYBV10/py/map.o
                0x0802b5a6                mp_set_clear
 .text.mp_identity
                0x0802b5be        0x2 build-PYBV10/py/obj.o
                0x0802b5be                mp_identity
 .text.mp_obj_get_type
                0x0802b5c0       0x20 build-PYBV10/py/obj.o
                0x0802b5c0                mp_obj_get_type
 .text.mp_obj_get_type_str
                0x0802b5e0       0x10 build-PYBV10/py/obj.o
                0x0802b5e0                mp_obj_get_type_str
 .text.mp_obj_print_helper
                0x0802b5f0       0x40 build-PYBV10/py/obj.o
                0x0802b5f0                mp_obj_print_helper
 .text.mp_obj_print
                0x0802b630       0x28 build-PYBV10/py/obj.o
                0x0802b630                mp_obj_print
 .text.mp_obj_print_exception
                0x0802b658       0xa0 build-PYBV10/py/obj.o
                0x0802b658                mp_obj_print_exception
 .text.mp_obj_is_callable
                0x0802b6f8       0x28 build-PYBV10/py/obj.o
                0x0802b6f8                mp_obj_is_callable
 .text.mp_obj_hash
                0x0802b720       0xdc build-PYBV10/py/obj.o
                0x0802b720                mp_obj_hash
 .text.mp_obj_equal
                0x0802b7fc       0x98 build-PYBV10/py/obj.o
                0x0802b7fc                mp_obj_equal
 .text.mp_obj_get_int
                0x0802b894       0x5c build-PYBV10/py/obj.o
                0x0802b894                mp_obj_get_int
 .text.mp_obj_get_int_maybe
                0x0802b8f0       0x54 build-PYBV10/py/obj.o
                0x0802b8f0                mp_obj_get_int_maybe
 .text.mp_obj_get_float
                0x0802b944       0x80 build-PYBV10/py/obj.o
                0x0802b944                mp_obj_get_float
 .text.mp_obj_get_complex
                0x0802b9c4       0x9c build-PYBV10/py/obj.o
                0x0802b9c4                mp_obj_get_complex
 .text.mp_obj_get_array
                0x0802ba60       0x4c build-PYBV10/py/obj.o
                0x0802ba60                mp_obj_get_array
 .text.mp_obj_get_array_fixed_n
                0x0802baac       0x2c build-PYBV10/py/obj.o
                0x0802baac                mp_obj_get_array_fixed_n
 .text.mp_get_index
                0x0802bad8       0x8c build-PYBV10/py/obj.o
                0x0802bad8                mp_get_index
 .text.mp_obj_id
                0x0802bb64       0x18 build-PYBV10/py/obj.o
                0x0802bb64                mp_obj_id
 .text.mp_obj_len_maybe
                0x0802bb7c       0x38 build-PYBV10/py/obj.o
                0x0802bb7c                mp_obj_len_maybe
 .text.mp_obj_is_true
                0x0802bbb4       0x68 build-PYBV10/py/obj.o
                0x0802bbb4                mp_obj_is_true
 .text.mp_obj_len
                0x0802bc1c       0x28 build-PYBV10/py/obj.o
                0x0802bc1c                mp_obj_len
 .text.mp_obj_subscr
                0x0802bc44       0x60 build-PYBV10/py/obj.o
                0x0802bc44                mp_obj_subscr
 .text.mp_get_buffer
                0x0802bca4       0x26 build-PYBV10/py/obj.o
                0x0802bca4                mp_get_buffer
 *fill*         0x0802bcca        0x2 
 .text.mp_get_buffer_raise
                0x0802bccc       0x20 build-PYBV10/py/obj.o
                0x0802bccc                mp_get_buffer_raise
 .text.array_unary_op
                0x0802bcec       0x2c build-PYBV10/py/objarray.o
 .text.array_get_buffer
                0x0802bd18       0x50 build-PYBV10/py/objarray.o
 .text.array_extend
                0x0802bd68       0x70 build-PYBV10/py/objarray.o
 .text.array_append
                0x0802bdd8       0x70 build-PYBV10/py/objarray.o
 .text.array_iterator_new
                0x0802be48       0x2c build-PYBV10/py/objarray.o
 .text.array_it_iternext
                0x0802be74       0x28 build-PYBV10/py/objarray.o
 .text.memoryview_make_new
                0x0802be9c       0x68 build-PYBV10/py/objarray.o
 .text.array_print
                0x0802bf04       0x84 build-PYBV10/py/objarray.o
 .text.array_new
                0x0802bf88       0x60 build-PYBV10/py/objarray.o
 .text.array_subscr
                0x0802bfe8       0xfc build-PYBV10/py/objarray.o
 .text.array_binary_op
                0x0802c0e4       0xc8 build-PYBV10/py/objarray.o
 .text.array_construct
                0x0802c1ac       0xb0 build-PYBV10/py/objarray.o
 .text.array_make_new
                0x0802c25c       0x36 build-PYBV10/py/objarray.o
 *fill*         0x0802c292        0x2 
 .text.bytearray_make_new
                0x0802c294       0x6c build-PYBV10/py/objarray.o
 .text.mp_obj_new_bytearray_by_ref
                0x0802c300       0x2c build-PYBV10/py/objarray.o
                0x0802c300                mp_obj_new_bytearray_by_ref
 .text.bool_unary_op
                0x0802c32c       0x3c build-PYBV10/py/objbool.o
 .text.bool_binary_op
                0x0802c368       0x26 build-PYBV10/py/objbool.o
 *fill*         0x0802c38e        0x2 
 .text.bool_print
                0x0802c390       0x34 build-PYBV10/py/objbool.o
 .text.bool_make_new
                0x0802c3c4       0x3c build-PYBV10/py/objbool.o
 .text.bound_meth_call
                0x0802c400       0x70 build-PYBV10/py/objboundmeth.o
 .text.mp_obj_new_bound_meth
                0x0802c470       0x18 build-PYBV10/py/objboundmeth.o
                0x0802c470                mp_obj_new_bound_meth
 .text.mp_obj_cell_get
                0x0802c488        0x4 build-PYBV10/py/objcell.o
                0x0802c488                mp_obj_cell_get
 .text.mp_obj_cell_set
                0x0802c48c        0x4 build-PYBV10/py/objcell.o
                0x0802c48c                mp_obj_cell_set
 .text.mp_obj_new_cell
                0x0802c490       0x18 build-PYBV10/py/objcell.o
                0x0802c490                mp_obj_new_cell
 .text.closure_call
                0x0802c4a8       0x94 build-PYBV10/py/objclosure.o
 .text.mp_obj_new_closure
                0x0802c53c       0x34 build-PYBV10/py/objclosure.o
                0x0802c53c                mp_obj_new_closure
 .text.complex_print
                0x0802c570       0x8c build-PYBV10/py/objcomplex.o
 .text.complex_load_attr
                0x0802c5fc       0x1e build-PYBV10/py/objcomplex.o
 *fill*         0x0802c61a        0x2 
 .text.mp_obj_new_complex
                0x0802c61c       0x2c build-PYBV10/py/objcomplex.o
                0x0802c61c                mp_obj_new_complex
 .text.complex_unary_op
                0x0802c648       0x58 build-PYBV10/py/objcomplex.o
 .text.complex_make_new
                0x0802c6a0       0xd8 build-PYBV10/py/objcomplex.o
 .text.mp_obj_complex_get
                0x0802c778        0xa build-PYBV10/py/objcomplex.o
                0x0802c778                mp_obj_complex_get
 *fill*         0x0802c782        0x2 
 .text.mp_obj_complex_binary_op
                0x0802c784      0x1c8 build-PYBV10/py/objcomplex.o
                0x0802c784                mp_obj_complex_binary_op
 .text.complex_binary_op
                0x0802c94c        0xe build-PYBV10/py/objcomplex.o
 *fill*         0x0802c95a        0x2 
 .text.dict_unary_op
                0x0802c95c       0x30 build-PYBV10/py/objdict.o
 .text.dict_items
                0x0802c98c       0x1c build-PYBV10/py/objdict.o
 .text.dict_view_getiter
                0x0802c9a8       0x20 build-PYBV10/py/objdict.o
 .text.dict_getiter
                0x0802c9c8       0x1c build-PYBV10/py/objdict.o
 .text.dict_clear
                0x0802c9e4       0x10 build-PYBV10/py/objdict.o
 .text.dict_iter_next
                0x0802c9f4       0x32 build-PYBV10/py/objdict.o
 .text.dict_it_iternext
                0x0802ca26       0x12 build-PYBV10/py/objdict.o
 .text.dict_view_it_iternext
                0x0802ca38       0x36 build-PYBV10/py/objdict.o
 *fill*         0x0802ca6e        0x2 
 .text.dict_view_print
                0x0802ca70       0x64 build-PYBV10/py/objdict.o
 .text.dict_print
                0x0802cad4       0x78 build-PYBV10/py/objdict.o
 .text.dict_get_helper
                0x0802cb4c       0x4c build-PYBV10/py/objdict.o
 .text.dict_setdefault
                0x0802cb98       0x20 build-PYBV10/py/objdict.o
 .text.dict_pop
                0x0802cbb8       0x20 build-PYBV10/py/objdict.o
 .text.dict_get
                0x0802cbd8       0x20 build-PYBV10/py/objdict.o
 .text.dict_popitem
                0x0802cbf8       0x48 build-PYBV10/py/objdict.o
 .text.dict_binary_op
                0x0802cc40       0x88 build-PYBV10/py/objdict.o
 .text.dict_view_binary_op
                0x0802ccc8       0x1a build-PYBV10/py/objdict.o
 *fill*         0x0802cce2        0x2 
 .text.dict_update
                0x0802cce4       0xec build-PYBV10/py/objdict.o
 .text.dict_values
                0x0802cdd0       0x1c build-PYBV10/py/objdict.o
 .text.dict_keys
                0x0802cdec       0x1c build-PYBV10/py/objdict.o
 .text.mp_obj_dict_get
                0x0802ce08       0x24 build-PYBV10/py/objdict.o
                0x0802ce08                mp_obj_dict_get
 .text.mp_obj_dict_init
                0x0802ce2c       0x10 build-PYBV10/py/objdict.o
                0x0802ce2c                mp_obj_dict_init
 .text.mp_obj_new_dict
                0x0802ce3c       0x16 build-PYBV10/py/objdict.o
                0x0802ce3c                mp_obj_new_dict
 *fill*         0x0802ce52        0x2 
 .text.dict_fromkeys
                0x0802ce54       0x44 build-PYBV10/py/objdict.o
 .text.dict_copy
                0x0802ce98       0x38 build-PYBV10/py/objdict.o
 .text.dict_make_new
                0x0802ced0       0x38 build-PYBV10/py/objdict.o
 .text.mp_obj_dict_len
                0x0802cf08        0x6 build-PYBV10/py/objdict.o
                0x0802cf08                mp_obj_dict_len
 .text.mp_obj_dict_store
                0x0802cf0e       0x14 build-PYBV10/py/objdict.o
                0x0802cf0e                mp_obj_dict_store
 .text.mp_obj_dict_delete
                0x0802cf22       0x12 build-PYBV10/py/objdict.o
                0x0802cf22                mp_obj_dict_delete
 .text.dict_subscr
                0x0802cf34       0x3c build-PYBV10/py/objdict.o
 .text.mp_obj_dict_get_map
                0x0802cf70        0x4 build-PYBV10/py/objdict.o
                0x0802cf70                mp_obj_dict_get_map
 .text.enumerate_iternext
                0x0802cf74       0x28 build-PYBV10/py/objenumerate.o
 .text.enumerate_make_new
                0x0802cf9c       0x3c build-PYBV10/py/objenumerate.o
 .text.mp_obj_exception_make_new
                0x0802cfd8       0x4c build-PYBV10/py/objexcept.o
                0x0802cfd8                mp_obj_exception_make_new
 .text.exc___init__
                0x0802d024       0x18 build-PYBV10/py/objexcept.o
 .text.mp_obj_exception_print
                0x0802d03c       0x84 build-PYBV10/py/objexcept.o
 .text.mp_init_emergency_exception_buf
                0x0802d0c0       0x10 build-PYBV10/py/objexcept.o
                0x0802d0c0                mp_init_emergency_exception_buf
 .text.mp_alloc_emergency_exception_buf
                0x0802d0d0       0x40 build-PYBV10/py/objexcept.o
                0x0802d0d0                mp_alloc_emergency_exception_buf
 .text.mp_obj_exception_get_value
                0x0802d110       0x14 build-PYBV10/py/objexcept.o
                0x0802d110                mp_obj_exception_get_value
 .text.exception_load_attr
                0x0802d124       0x28 build-PYBV10/py/objexcept.o
 .text.mp_obj_new_exception_args
                0x0802d14c        0xc build-PYBV10/py/objexcept.o
                0x0802d14c                mp_obj_new_exception_args
 .text.mp_obj_new_exception
                0x0802d158        0x8 build-PYBV10/py/objexcept.o
                0x0802d158                mp_obj_new_exception
 .text.mp_obj_new_exception_arg1
                0x0802d160       0x14 build-PYBV10/py/objexcept.o
                0x0802d160                mp_obj_new_exception_arg1
 .text.mp_obj_new_exception_msg_varg
                0x0802d174      0x104 build-PYBV10/py/objexcept.o
                0x0802d174                mp_obj_new_exception_msg_varg
 .text.mp_obj_new_exception_msg
                0x0802d278        0x4 build-PYBV10/py/objexcept.o
                0x0802d278                mp_obj_new_exception_msg
 .text.mp_obj_is_exception_type
                0x0802d27c       0x2c build-PYBV10/py/objexcept.o
                0x0802d27c                mp_obj_is_exception_type
 .text.mp_obj_is_exception_instance
                0x0802d2a8        0xe build-PYBV10/py/objexcept.o
                0x0802d2a8                mp_obj_is_exception_instance
 .text.mp_obj_exception_match
                0x0802d2b6       0x20 build-PYBV10/py/objexcept.o
                0x0802d2b6                mp_obj_exception_match
 *fill*         0x0802d2d6        0x2 
 .text.mp_obj_exception_clear_traceback
                0x0802d2d8       0x1c build-PYBV10/py/objexcept.o
                0x0802d2d8                mp_obj_exception_clear_traceback
 .text.mp_obj_exception_add_traceback
                0x0802d2f4       0x70 build-PYBV10/py/objexcept.o
                0x0802d2f4                mp_obj_exception_add_traceback
 .text.mp_obj_exception_get_traceback
                0x0802d364       0x2c build-PYBV10/py/objexcept.o
                0x0802d364                mp_obj_exception_get_traceback
 .text.filter_iternext
                0x0802d390       0x34 build-PYBV10/py/objfilter.o
 .text.filter_make_new
                0x0802d3c4       0x32 build-PYBV10/py/objfilter.o
 *fill*         0x0802d3f6        0x2 
 .text.float_print
                0x0802d3f8       0x4c build-PYBV10/py/objfloat.o
 .text.mp_obj_new_float
                0x0802d444       0x24 build-PYBV10/py/objfloat.o
                0x0802d444                mp_obj_new_float
 .text.float_unary_op
                0x0802d468       0x3c build-PYBV10/py/objfloat.o
 .text.float_make_new
                0x0802d4a4       0x64 build-PYBV10/py/objfloat.o
 .text.mp_obj_float_get
                0x0802d508        0x6 build-PYBV10/py/objfloat.o
                0x0802d508                mp_obj_float_get
 *fill*         0x0802d50e        0x2 
 .text.mp_obj_float_divmod
                0x0802d510       0xd4 build-PYBV10/py/objfloat.o
                0x0802d510                mp_obj_float_divmod
 .text.mp_obj_float_binary_op
                0x0802d5e4      0x198 build-PYBV10/py/objfloat.o
                0x0802d5e4                mp_obj_float_binary_op
 .text.float_binary_op
                0x0802d77c       0x3c build-PYBV10/py/objfloat.o
 .text.fun_native_call
                0x0802d7b8       0x50 build-PYBV10/py/objfun.o
 .text.fun_builtin_call
                0x0802d808       0x7e build-PYBV10/py/objfun.o
 *fill*         0x0802d886        0x2 
 .text.fun_bc_call
                0x0802d888       0xf0 build-PYBV10/py/objfun.o
 .text.fun_viper_call
                0x0802d978       0x9c build-PYBV10/py/objfun.o
 .text.convert_obj_for_inline_asm
                0x0802da14       0xc4 build-PYBV10/py/objfun.o
 .text.fun_asm_call
                0x0802dad8       0x7c build-PYBV10/py/objfun.o
 .text.mp_obj_code_get_name
                0x0802db54       0x1c build-PYBV10/py/objfun.o
                0x0802db54                mp_obj_code_get_name
 .text.mp_obj_fun_get_name
                0x0802db70        0x6 build-PYBV10/py/objfun.o
                0x0802db70                mp_obj_fun_get_name
 *fill*         0x0802db76        0x2 
 .text.fun_bc_print
                0x0802db78       0x20 build-PYBV10/py/objfun.o
 .text.mp_obj_new_fun_bc
                0x0802db98       0x8c build-PYBV10/py/objfun.o
                0x0802db98                mp_obj_new_fun_bc
 .text.mp_obj_new_fun_native
                0x0802dc24       0x18 build-PYBV10/py/objfun.o
                0x0802dc24                mp_obj_new_fun_native
 .text.mp_obj_new_fun_viper
                0x0802dc3c       0x1c build-PYBV10/py/objfun.o
                0x0802dc3c                mp_obj_new_fun_viper
 .text.mp_obj_new_fun_asm
                0x0802dc58       0x18 build-PYBV10/py/objfun.o
                0x0802dc58                mp_obj_new_fun_asm
 .text.gen_wrap_call
                0x0802dc70       0x7c build-PYBV10/py/objgenerator.o
 .text.gen_instance_print
                0x0802dcec       0x20 build-PYBV10/py/objgenerator.o
 .text.mp_obj_new_gen_wrap
                0x0802dd0c       0x18 build-PYBV10/py/objgenerator.o
                0x0802dd0c                mp_obj_new_gen_wrap
 .text.mp_obj_gen_resume
                0x0802dd24       0x70 build-PYBV10/py/objgenerator.o
                0x0802dd24                mp_obj_gen_resume
 .text.gen_resume_and_raise
                0x0802dd94       0x74 build-PYBV10/py/objgenerator.o
 .text.gen_instance_throw
                0x0802de08       0x30 build-PYBV10/py/objgenerator.o
 .text.gen_instance_send
                0x0802de38       0x1c build-PYBV10/py/objgenerator.o
 .text.gen_instance_iternext
                0x0802de54        0xc build-PYBV10/py/objgenerator.o
 .text.gen_instance_close
                0x0802de60       0x64 build-PYBV10/py/objgenerator.o
 .text.it_iternext
                0x0802dec4       0x50 build-PYBV10/py/objgetitemiter.o
 .text.mp_obj_new_getitem_iter
                0x0802df14       0x20 build-PYBV10/py/objgetitemiter.o
                0x0802df14                mp_obj_new_getitem_iter
 .text.int_to_bytes
                0x0802df34       0x48 build-PYBV10/py/objint.o
 .text.int_from_bytes
                0x0802df7c       0x2e build-PYBV10/py/objint.o
 *fill*         0x0802dfaa        0x2 
 .text.mp_obj_int_make_new
                0x0802dfac       0xa0 build-PYBV10/py/objint.o
 .text.mp_classify_fp_as_int
                0x0802e04c       0x1c build-PYBV10/py/objint.o
                0x0802e04c                mp_classify_fp_as_int
 .text.mp_obj_int_formatted
                0x0802e068      0x17c build-PYBV10/py/objint.o
                0x0802e068                mp_obj_int_formatted
 .text.mp_obj_int_print
                0x0802e1e4       0x44 build-PYBV10/py/objint.o
                0x0802e1e4                mp_obj_int_print
 .text.mp_obj_int_binary_op_extra_cases
                0x0802e228       0x6c build-PYBV10/py/objint.o
                0x0802e228                mp_obj_int_binary_op_extra_cases
 .text.mp_obj_int_new_mpz
                0x0802e294       0x1c build-PYBV10/py/objint_mpz.o
 .text.mp_obj_int_formatted_impl
                0x0802e2b0       0x58 build-PYBV10/py/objint_mpz.o
                0x0802e2b0                mp_obj_int_formatted_impl
 .text.mp_obj_int_hash
                0x0802e308        0xe build-PYBV10/py/objint_mpz.o
                0x0802e308                mp_obj_int_hash
 .text.mp_obj_int_is_positive
                0x0802e316       0x14 build-PYBV10/py/objint_mpz.o
                0x0802e316                mp_obj_int_is_positive
 *fill*         0x0802e32a        0x2 
 .text.mp_obj_int_unary_op
                0x0802e32c       0x58 build-PYBV10/py/objint_mpz.o
                0x0802e32c                mp_obj_int_unary_op
 .text.mp_obj_new_int_from_ll
                0x0802e384       0x20 build-PYBV10/py/objint_mpz.o
                0x0802e384                mp_obj_new_int_from_ll
 .text.mp_obj_new_int
                0x0802e3a4       0x14 build-PYBV10/py/objint_mpz.o
                0x0802e3a4                mp_obj_new_int
 .text.mp_obj_new_int_from_ull
                0x0802e3b8       0x20 build-PYBV10/py/objint_mpz.o
                0x0802e3b8                mp_obj_new_int_from_ull
 .text.mp_obj_new_int_from_uint
                0x0802e3d8       0x14 build-PYBV10/py/objint_mpz.o
                0x0802e3d8                mp_obj_new_int_from_uint
 .text.mp_obj_new_int_from_float
                0x0802e3ec       0x68 build-PYBV10/py/objint_mpz.o
                0x0802e3ec                mp_obj_new_int_from_float
 .text.mp_obj_new_int_from_str_len
                0x0802e454       0x30 build-PYBV10/py/objint_mpz.o
                0x0802e454                mp_obj_new_int_from_str_len
 .text.mp_obj_int_get_truncated
                0x0802e484        0xe build-PYBV10/py/objint_mpz.o
                0x0802e484                mp_obj_int_get_truncated
 *fill*         0x0802e492        0x2 
 .text.mp_obj_int_get_checked
                0x0802e494       0x34 build-PYBV10/py/objint_mpz.o
                0x0802e494                mp_obj_int_get_checked
 .text.mp_obj_int_binary_op
                0x0802e4c8      0x298 build-PYBV10/py/objint_mpz.o
                0x0802e4c8                mp_obj_int_binary_op
 .text.mp_obj_int_as_float
                0x0802e760       0x16 build-PYBV10/py/objint_mpz.o
                0x0802e760                mp_obj_int_as_float
 *fill*         0x0802e776        0x2 
 .text.list_unary_op
                0x0802e778       0x2c build-PYBV10/py/objlist.o
 .text.list_reverse
                0x0802e7a4       0x38 build-PYBV10/py/objlist.o
 .text.list_it_iternext
                0x0802e7dc       0x1c build-PYBV10/py/objlist.o
 .text.mp_obj_list_append
                0x0802e7f8       0x4c build-PYBV10/py/objlist.o
                0x0802e7f8                mp_obj_list_append
 .text.list_insert
                0x0802e844       0x4c build-PYBV10/py/objlist.o
 .text.list_clear
                0x0802e890       0x2c build-PYBV10/py/objlist.o
 .text.mp_quicksort
                0x0802e8bc       0xc6 build-PYBV10/py/objlist.o
 *fill*         0x0802e982        0x2 
 .text.mp_obj_list_sort
                0x0802e984       0x60 build-PYBV10/py/objlist.o
                0x0802e984                mp_obj_list_sort
 .text.list_index
                0x0802e9e4        0xe build-PYBV10/py/objlist.o
 *fill*         0x0802e9f2        0x2 
 .text.list_pop
                0x0802e9f4       0x80 build-PYBV10/py/objlist.o
 .text.mp_obj_list_remove
                0x0802ea74       0x24 build-PYBV10/py/objlist.o
                0x0802ea74                mp_obj_list_remove
 .text.list_extend_from_iter
                0x0802ea98       0x20 build-PYBV10/py/objlist.o
 .text.list_count
                0x0802eab8        0xc build-PYBV10/py/objlist.o
 .text.list_print
                0x0802eac4       0x58 build-PYBV10/py/objlist.o
 .text.list_extend
                0x0802eb1c       0x74 build-PYBV10/py/objlist.o
 .text.list_getiter
                0x0802eb90       0x1c build-PYBV10/py/objlist.o
 .text.mp_obj_list_init
                0x0802ebac       0x38 build-PYBV10/py/objlist.o
                0x0802ebac                mp_obj_list_init
 .text.list_new
                0x0802ebe4       0x16 build-PYBV10/py/objlist.o
 *fill*         0x0802ebfa        0x2 
 .text.list_binary_op
                0x0802ebfc       0xe4 build-PYBV10/py/objlist.o
 .text.list_make_new
                0x0802ece0       0x36 build-PYBV10/py/objlist.o
 .text.mp_obj_new_list
                0x0802ed16       0x20 build-PYBV10/py/objlist.o
                0x0802ed16                mp_obj_new_list
 .text.list_copy
                0x0802ed36        0xa build-PYBV10/py/objlist.o
 .text.mp_obj_list_get
                0x0802ed40        0xa build-PYBV10/py/objlist.o
                0x0802ed40                mp_obj_list_get
 .text.mp_obj_list_set_len
                0x0802ed4a        0x4 build-PYBV10/py/objlist.o
                0x0802ed4a                mp_obj_list_set_len
 .text.mp_obj_list_store
                0x0802ed4e       0x1c build-PYBV10/py/objlist.o
                0x0802ed4e                mp_obj_list_store
 *fill*         0x0802ed6a        0x2 
 .text.list_subscr
                0x0802ed6c      0x188 build-PYBV10/py/objlist.o
 .text.map_iternext
                0x0802eef4       0x4c build-PYBV10/py/objmap.o
 .text.map_make_new
                0x0802ef40       0x50 build-PYBV10/py/objmap.o
 .text.module_store_attr
                0x0802ef90       0x48 build-PYBV10/py/objmodule.o
 .text.module_load_attr
                0x0802efd8       0x1c build-PYBV10/py/objmodule.o
 .text.module_print
                0x0802eff4       0x44 build-PYBV10/py/objmodule.o
 .text.mp_obj_new_module
                0x0802f038       0x48 build-PYBV10/py/objmodule.o
                0x0802f038                mp_obj_new_module
 .text.mp_obj_module_get_globals
                0x0802f080        0x4 build-PYBV10/py/objmodule.o
                0x0802f080                mp_obj_module_get_globals
 .text.mp_module_init
                0x0802f084        0xc build-PYBV10/py/objmodule.o
                0x0802f084                mp_module_init
 .text.mp_module_get
                0x0802f090       0x30 build-PYBV10/py/objmodule.o
                0x0802f090                mp_module_get
 .text.object___init__
                0x0802f0c0        0x8 build-PYBV10/py/objobject.o
 .text.object___new__
                0x0802f0c8       0x18 build-PYBV10/py/objobject.o
 .text.object_make_new
                0x0802f0e0       0x1e build-PYBV10/py/objobject.o
 .text.property_deleter
                0x0802f0fe       0x1c build-PYBV10/py/objproperty.o
 .text.property_setter
                0x0802f11a       0x1c build-PYBV10/py/objproperty.o
 .text.property_getter