Archive member included because of file (symbol)

/home/dhylands/gcc-arm-none-eabi/bin/../lib/gcc/arm-none-eabi/4.8.3/../../../../arm-none-eabi/lib/armv7e-m//libm.a(lib_a-sf_asinh.o)
                              build/py/modmath.o (asinhf)
/home/dhylands/gcc-arm-none-eabi/bin/../lib/gcc/arm-none-eabi/4.8.3/../../../../arm-none-eabi/lib/armv7e-m//libm.a(lib_a-sf_atan.o)
                              build/py/modmath.o (atanf)
/home/dhylands/gcc-arm-none-eabi/bin/../lib/gcc/arm-none-eabi/4.8.3/../../../../arm-none-eabi/lib/armv7e-m//libm.a(lib_a-sf_ceil.o)
                              build/py/modmath.o (ceilf)
/home/dhylands/gcc-arm-none-eabi/bin/../lib/gcc/arm-none-eabi/4.8.3/../../../../arm-none-eabi/lib/armv7e-m//libm.a(lib_a-sf_cos.o)
                              build/py/objcomplex.o (cosf)
/home/dhylands/gcc-arm-none-eabi/bin/../lib/gcc/arm-none-eabi/4.8.3/../../../../arm-none-eabi/lib/armv7e-m//libm.a(lib_a-sf_expm1.o)
                              build/py/modmath.o (expm1f)
/home/dhylands/gcc-arm-none-eabi/bin/../lib/gcc/arm-none-eabi/4.8.3/../../../../arm-none-eabi/lib/armv7e-m//libm.a(lib_a-sf_fabs.o)
                              /home/dhylands/gcc-arm-none-eabi/bin/../lib/gcc/arm-none-eabi/4.8.3/../../../../arm-none-eabi/lib/armv7e-m//libm.a(lib_a-sf_asinh.o) (fabsf)
/home/dhylands/gcc-arm-none-eabi/bin/../lib/gcc/arm-none-eabi/4.8.3/../../../../arm-none-eabi/lib/armv7e-m//libm.a(lib_a-sf_floor.o)
                              build/py/objfloat.o (floorf)
/home/dhylands/gcc-arm-none-eabi/bin/../lib/gcc/arm-none-eabi/4.8.3/../../../../arm-none-eabi/lib/armv7e-m//libm.a(lib_a-sf_fpclassify.o)
                              build/py/objint_mpz.o (__fpclassifyf)
/home/dhylands/gcc-arm-none-eabi/bin/../lib/gcc/arm-none-eabi/4.8.3/../../../../arm-none-eabi/lib/armv7e-m//libm.a(lib_a-sf_frexp.o)
                              build/py/modmath.o (frexpf)
/home/dhylands/gcc-arm-none-eabi/bin/../lib/gcc/arm-none-eabi/4.8.3/../../../../arm-none-eabi/lib/armv7e-m//libm.a(lib_a-sf_ldexp.o)
                              build/py/modmath.o (ldexpf)
/home/dhylands/gcc-arm-none-eabi/bin/../lib/gcc/arm-none-eabi/4.8.3/../../../../arm-none-eabi/lib/armv7e-m//libm.a(lib_a-sf_log1p.o)
                              /home/dhylands/gcc-arm-none-eabi/bin/../lib/gcc/arm-none-eabi/4.8.3/../../../../arm-none-eabi/lib/armv7e-m//libm.a(lib_a-sf_asinh.o) (log1pf)
/home/dhylands/gcc-arm-none-eabi/bin/../lib/gcc/arm-none-eabi/4.8.3/../../../../arm-none-eabi/lib/armv7e-m//libm.a(lib_a-sf_log2.o)
                              build/py/modmath.o (log2f)
/home/dhylands/gcc-arm-none-eabi/bin/../lib/gcc/arm-none-eabi/4.8.3/../../../../arm-none-eabi/lib/armv7e-m//libm.a(lib_a-sf_modf.o)
                              build/py/modmath.o (modff)
/home/dhylands/gcc-arm-none-eabi/bin/../lib/gcc/arm-none-eabi/4.8.3/../../../../arm-none-eabi/lib/armv7e-m//libm.a(lib_a-sf_round.o)
                              build/py/modbuiltins.o (roundf)
/home/dhylands/gcc-arm-none-eabi/bin/../lib/gcc/arm-none-eabi/4.8.3/../../../../arm-none-eabi/lib/armv7e-m//libm.a(lib_a-sf_scalbn.o)
                              /home/dhylands/gcc-arm-none-eabi/bin/../lib/gcc/arm-none-eabi/4.8.3/../../../../arm-none-eabi/lib/armv7e-m//libm.a(lib_a-sf_ldexp.o) (scalbnf)
/home/dhylands/gcc-arm-none-eabi/bin/../lib/gcc/arm-none-eabi/4.8.3/../../../../arm-none-eabi/lib/armv7e-m//libm.a(lib_a-sf_sin.o)
                              build/py/objcomplex.o (sinf)
/home/dhylands/gcc-arm-none-eabi/bin/../lib/gcc/arm-none-eabi/4.8.3/../../../../arm-none-eabi/lib/armv7e-m//libm.a(lib_a-sf_tan.o)
                              build/py/modmath.o (tanf)
/home/dhylands/gcc-arm-none-eabi/bin/../lib/gcc/arm-none-eabi/4.8.3/../../../../arm-none-eabi/lib/armv7e-m//libm.a(lib_a-sf_tanh.o)
                              build/py/modmath.o (tanhf)
/home/dhylands/gcc-arm-none-eabi/bin/../lib/gcc/arm-none-eabi/4.8.3/../../../../arm-none-eabi/lib/armv7e-m//libm.a(lib_a-wf_acos.o)
                              build/py/modmath.o (acosf)
/home/dhylands/gcc-arm-none-eabi/bin/../lib/gcc/arm-none-eabi/4.8.3/../../../../arm-none-eabi/lib/armv7e-m//libm.a(lib_a-wf_acosh.o)
                              build/py/modmath.o (acoshf)
/home/dhylands/gcc-arm-none-eabi/bin/../lib/gcc/arm-none-eabi/4.8.3/../../../../arm-none-eabi/lib/armv7e-m//libm.a(lib_a-wf_asin.o)
                              build/py/modmath.o (asinf)
/home/dhylands/gcc-arm-none-eabi/bin/../lib/gcc/arm-none-eabi/4.8.3/../../../../arm-none-eabi/lib/armv7e-m//libm.a(lib_a-wf_atan2.o)
                              build/py/objcomplex.o (atan2f)
/home/dhylands/gcc-arm-none-eabi/bin/../lib/gcc/arm-none-eabi/4.8.3/../../../../arm-none-eabi/lib/armv7e-m//libm.a(lib_a-wf_atanh.o)
                              build/py/modmath.o (atanhf)
/home/dhylands/gcc-arm-none-eabi/bin/../lib/gcc/arm-none-eabi/4.8.3/../../../../arm-none-eabi/lib/armv7e-m//libm.a(lib_a-wf_cosh.o)
                              build/py/modmath.o (coshf)
[...]
Memory Configuration

Name             Origin             Length             Attributes
FLASH            0x00000000         0x00040000         xr
RAM              0x1fff8000         0x00010000         xrw
*default*        0x00000000         0xffffffff

Linker script and memory map

LOAD build/py/mpstate.o
LOAD build/py/nlrx86.o
LOAD build/py/nlrx64.o
LOAD build/py/nlrthumb.o
LOAD build/py/nlrxtensa.o
LOAD build/py/nlrsetjmp.o
LOAD build/py/malloc.o
LOAD build/py/gc.o
LOAD build/py/qstr.o
LOAD build/py/vstr.o
LOAD build/py/unicode.o
LOAD build/py/mpz.o
LOAD build/py/lexer.o
LOAD build/py/lexerstr.o
LOAD build/py/lexerunix.o
LOAD build/py/parse.o
LOAD build/py/scope.o
LOAD build/py/compile.o
LOAD build/py/emitcommon.o
LOAD build/py/emitpass1.o
LOAD build/py/emitcpy.o
LOAD build/py/emitbc.o
LOAD build/py/asmx64.o
LOAD build/py/emitnx64.o
LOAD build/py/asmx86.o
LOAD build/py/emitnx86.o
LOAD build/py/asmthumb.o
LOAD build/py/emitnthumb.o
LOAD build/py/emitinlinethumb.o
LOAD build/py/asmarm.o
LOAD build/py/emitnarm.o
LOAD build/py/formatfloat.o
LOAD build/py/parsenumbase.o
LOAD build/py/parsenum.o
LOAD build/py/emitglue.o
LOAD build/py/runtime.o
LOAD build/py/nativeglue.o
LOAD build/py/stackctrl.o
LOAD build/py/argcheck.o
LOAD build/py/warning.o
LOAD build/py/map.o
LOAD build/py/obj.o
LOAD build/py/objarray.o
LOAD build/py/objbool.o
LOAD build/py/objboundmeth.o
LOAD build/py/objcell.o
LOAD build/py/objclosure.o
LOAD build/py/objcomplex.o
LOAD build/py/objdict.o
LOAD build/py/objenumerate.o
LOAD build/py/objexcept.o
LOAD build/py/objfilter.o
LOAD build/py/objfloat.o
LOAD build/py/objfun.o
LOAD build/py/objgenerator.o
LOAD build/py/objgetitemiter.o
LOAD build/py/objint.o
LOAD build/py/objint_longlong.o
LOAD build/py/objint_mpz.o
LOAD build/py/objlist.o
LOAD build/py/objmap.o
LOAD build/py/objmodule.o
LOAD build/py/objobject.o
LOAD build/py/objproperty.o
LOAD build/py/objnone.o
LOAD build/py/objnamedtuple.o
LOAD build/py/objrange.o
LOAD build/py/objreversed.o
LOAD build/py/objset.o
LOAD build/py/objslice.o
LOAD build/py/objstr.o
LOAD build/py/objstrunicode.o
LOAD build/py/objstringio.o
LOAD build/py/objtuple.o
LOAD build/py/objtype.o
LOAD build/py/objzip.o
LOAD build/py/opmethods.o
LOAD build/py/sequence.o
LOAD build/py/stream.o
LOAD build/py/binary.o
LOAD build/py/builtinimport.o
LOAD build/py/builtinevex.o
LOAD build/py/modarray.o
LOAD build/py/modbuiltins.o
LOAD build/py/modcollections.o
LOAD build/py/modgc.o
LOAD build/py/modio.o
LOAD build/py/modmath.o
LOAD build/py/modcmath.o
LOAD build/py/modmicropython.o
LOAD build/py/modstruct.o
LOAD build/py/modsys.o
LOAD build/py/vm.o
LOAD build/py/bc.o
LOAD build/py/showbc.o
LOAD build/py/repl.o
LOAD build/py/smallint.o
LOAD build/py/pfenv.o
LOAD build/py/pfenv_printf.o
LOAD build/py/frozenmod.o
LOAD build/py/../extmod/moductypes.o
LOAD build/py/../extmod/modujson.o
LOAD build/py/../extmod/modure.o
LOAD build/py/../extmod/moduzlib.o
LOAD build/py/../extmod/moduheapq.o
LOAD build/py/../extmod/moduhashlib.o
LOAD build/py/../extmod/modubinascii.o
LOAD build/hal_ftm.o
LOAD build/hal_gpio.o
LOAD build/help.o
LOAD build/import.o
LOAD build/main.o
LOAD build/lcd.o
LOAD build/led.o
LOAD build/lexermemzip.o
LOAD build/memzip.o
LOAD build/modpyb.o
LOAD build/pin_defs_teensy.o
LOAD build/reg.o
LOAD build/teensy_hal.o
LOAD build/timer.o
LOAD build/uart.o
LOAD build/usb.o
LOAD build/stmhal/gccollect.o
LOAD build/stmhal/input.o
LOAD build/stmhal/irq.o
LOAD build/stmhal/pin.o
LOAD build/stmhal/pin_named_pins.o
LOAD build/stmhal/printf.o
LOAD build/stmhal/pyexec.o
LOAD build/stmhal/pybstdio.o
LOAD build/stmhal/string0.o
LOAD build/stmhal/gchelper.o
LOAD build/core/mk20dx128.o
LOAD build/core/pins_teensy.o
LOAD build/core/analog.o
LOAD build/core/usb_desc.o
LOAD build/core/usb_dev.o
LOAD build/core/usb_mem.o
LOAD build/core/usb_serial.o
LOAD build/core/yield.o
LOAD build/lib/mp-readline/readline.o
LOAD build/pins_gen.o
LOAD /home/dhylands/gcc-arm-none-eabi/bin/../lib/gcc/arm-none-eabi/4.8.3/../../../../arm-none-eabi/lib/armv7e-m//libm.a
LOAD /home/dhylands/gcc-arm-none-eabi/bin/../lib/gcc/arm-none-eabi/4.8.3/../../../../arm-none-eabi/lib/armv7e-m//libc.a
LOAD /home/dhylands/gcc-arm-none-eabi/bin/../lib/gcc/arm-none-eabi/4.8.3/armv7e-m//libgcc.a
                0x00000800                _minimum_stack_size = 0x800
                0x00004000                _minimum_heap_size = 0x4000

.text           0x00000000    0x2e824
                0x00000000                . = 0x0
 *(.vectors)
 .vectors       0x00000000      0x1bc build/core/mk20dx128.o
                0x00000000                gVectors
 *(.startup*)
 .startup       0x000001bc      0x1b0 build/core/mk20dx128.o
                0x000001bc                ResetHandler
                0x00000400                . = 0x400
 *fill*         0x0000036c       0x94 ff
 *(.flashconfig*)
 .flashconfig   0x00000400       0x10 build/core/mk20dx128.o
                0x00000400                flashconfigbytes
 *(.text*)
 .text          0x00000410       0x74 build/py/nlrthumb.o
                0x00000410                nlr_push
                0x00000440                nlr_pop
                0x0000044c                nlr_jump
 .text.m_malloc
                0x00000484       0x1a build/py/malloc.o
                0x00000484                m_malloc
 .text.m_malloc_maybe
                0x0000049e        0x6 build/py/malloc.o
                0x0000049e                m_malloc_maybe
 .text.m_malloc0
                0x000004a4       0x26 build/py/malloc.o
                0x000004a4                m_malloc0
 .text.m_realloc
                0x000004ca       0x1a build/py/malloc.o
                0x000004ca                m_realloc
 .text.m_realloc_maybe
                0x000004e4        0x6 build/py/malloc.o
                0x000004e4                m_realloc_maybe
 .text.m_free   0x000004ea        0x4 build/py/malloc.o
                0x000004ea                m_free
 *fill*         0x000004ee        0x2 ff
 .text.gc_drain_stack
                0x000004f0       0xd8 build/py/gc.o
 .text.gc_free.part.0
                0x000005c8       0xa8 build/py/gc.o
 .text.gc_init  0x00000670       0x8c build/py/gc.o
                0x00000670                gc_init
 .text.gc_lock  0x000006fc       0x14 build/py/gc.o
                0x000006fc                gc_lock
 .text.gc_unlock
                0x00000710       0x14 build/py/gc.o
                0x00000710                gc_unlock
 .text.gc_is_locked
                0x00000724       0x14 build/py/gc.o
                0x00000724                gc_is_locked
 .text.gc_collect_start
                0x00000738       0x9c build/py/gc.o
                0x00000738                gc_collect_start
 .text.gc_collect_root
                0x000007d4       0x84 build/py/gc.o
                0x000007d4                gc_collect_root
 .text.gc_collect_end
                0x00000858      0x160 build/py/gc.o
                0x00000858                gc_collect_end
 .text.gc_info  0x000009b8       0xb4 build/py/gc.o
                0x000009b8                gc_info
 .text.gc_alloc
                0x00000a6c      0x16c build/py/gc.o
                0x00000a6c                gc_alloc
 .text.gc_free  0x00000bd8       0xac build/py/gc.o
                0x00000bd8                gc_free
 .text.gc_nbytes
                0x00000c84       0x6c build/py/gc.o
                0x00000c84                gc_nbytes
 .text.gc_realloc
                0x00000cf0      0x1dc build/py/gc.o
                0x00000cf0                gc_realloc
 .text.gc_dump_info
                0x00000ecc       0x2c build/py/gc.o
                0x00000ecc                gc_dump_info
 .text.gc_dump_alloc_table
                0x00000ef8      0x168 build/py/gc.o
                0x00000ef8                gc_dump_alloc_table
 .text.find_qstr
                0x00001060       0x24 build/py/qstr.o
 .text.qstr_add
                0x00001084       0x4c build/py/qstr.o
 .text.qstr_compute_hash
                0x000010d0       0x20 build/py/qstr.o
                0x000010d0                qstr_compute_hash
 .text.qstr_init
                0x000010f0       0x10 build/py/qstr.o
                0x000010f0                qstr_init
 .text.qstr_find_strn
                0x00001100       0x68 build/py/qstr.o
                0x00001100                qstr_find_strn
 .text.qstr_from_strn
                0x00001168       0x64 build/py/qstr.o
                0x00001168                qstr_from_strn
 .text.qstr_from_str
                0x000011cc       0x14 build/py/qstr.o
                0x000011cc                qstr_from_str
 .text.qstr_build_start
                0x000011e0       0x34 build/py/qstr.o
                0x000011e0                qstr_build_start
 .text.qstr_build_end
                0x00001214       0x3c build/py/qstr.o
                0x00001214                qstr_build_end
 .text.qstr_hash
                0x00001250       0x10 build/py/qstr.o
                0x00001250                qstr_hash
 .text.qstr_len
                0x00001260        0xa build/py/qstr.o
                0x00001260                qstr_len
 .text.qstr_str
                0x0000126a        0xa build/py/qstr.o
                0x0000126a                qstr_str
 .text.qstr_data
                0x00001274       0x10 build/py/qstr.o
                0x00001274                qstr_data
 .text.qstr_pool_info
                0x00001284       0x7c build/py/qstr.o
                0x00001284                qstr_pool_info
 .text.vstr_ensure_extra
                0x00001300       0x40 build/py/vstr.o
 .text.vstr_ins_blank_bytes.constprop.0
                0x00001340       0x3c build/py/vstr.o
 .text.vstr_init
                0x0000137c       0x2e build/py/vstr.o
                0x0000137c                vstr_init
 .text.vstr_init_len
                0x000013aa        0xe build/py/vstr.o
                0x000013aa                vstr_init_len
 .text.vstr_init_fixed_buf
                0x000013b8       0x16 build/py/vstr.o
                0x000013b8                vstr_init_fixed_buf
 .text.vstr_clear
                0x000013ce       0x18 build/py/vstr.o
                0x000013ce                vstr_clear
 .text.vstr_new
                0x000013e6       0x16 build/py/vstr.o
                0x000013e6                vstr_new
 .text.vstr_free
                0x000013fc       0x22 build/py/vstr.o
                0x000013fc                vstr_free
 .text.vstr_reset
                0x0000141e        0xe build/py/vstr.o
                0x0000141e                vstr_reset
 .text.vstr_had_error
                0x0000142c        0x8 build/py/vstr.o
                0x0000142c                vstr_had_error
 .text.vstr_str
                0x00001434        0xc build/py/vstr.o
                0x00001434                vstr_str
 .text.vstr_len
                0x00001440        0xc build/py/vstr.o
                0x00001440                vstr_len
 .text.vstr_extend
                0x0000144c       0x32 build/py/vstr.o
                0x0000144c                vstr_extend
 .text.vstr_add_len
                0x0000147e       0x24 build/py/vstr.o
                0x0000147e                vstr_add_len
 .text.vstr_null_terminated_str
                0x000014a2       0x26 build/py/vstr.o
                0x000014a2                vstr_null_terminated_str
 .text.vstr_add_byte
                0x000014c8       0x10 build/py/vstr.o
                0x000014c8                vstr_add_byte
 .text.vstr_add_char
                0x000014d8        0x6 build/py/vstr.o
                0x000014d8                vstr_add_char
 .text.vstr_add_strn
                0x000014de       0x44 build/py/vstr.o
                0x000014de                vstr_add_strn
 .text.vstr_add_str
                0x00001522       0x1a build/py/vstr.o
                0x00001522                vstr_add_str
 .text.vstr_ins_char
                0x0000153c        0xe build/py/vstr.o
                0x0000153c                vstr_ins_char
 .text.vstr_cut_tail_bytes
                0x0000154a       0x18 build/py/vstr.o
                0x0000154a                vstr_cut_tail_bytes
 .text.vstr_cut_out_bytes
                0x00001562       0x32 build/py/vstr.o
                0x00001562                vstr_cut_out_bytes
 .text.vstr_vprintf
                0x00001594       0x5a build/py/vstr.o
                0x00001594                vstr_vprintf
 .text.vstr_printf
                0x000015ee       0x1a build/py/vstr.o
                0x000015ee                vstr_printf
 .text.utf8_next_char
                0x00001608        0x4 build/py/unicode.o
                0x00001608                utf8_next_char
 .text.unichar_charlen
                0x0000160c        0x4 build/py/unicode.o
                0x0000160c                unichar_charlen
 .text.unichar_isspace
                0x00001610       0x14 build/py/unicode.o
                0x00001610                unichar_isspace
 .text.unichar_isalpha
                0x00001624       0x14 build/py/unicode.o
                0x00001624                unichar_isalpha
 .text.unichar_isdigit
                0x00001638       0x14 build/py/unicode.o
                0x00001638                unichar_isdigit
 .text.unichar_isxdigit
                0x0000164c       0x1e build/py/unicode.o
                0x0000164c                unichar_isxdigit
 *fill*         0x0000166a        0x2 ff
 .text.unichar_isupper
                0x0000166c       0x14 build/py/unicode.o
                0x0000166c                unichar_isupper
 .text.unichar_islower
                0x00001680       0x14 build/py/unicode.o
                0x00001680                unichar_islower
 .text.unichar_tolower
                0x00001694       0x14 build/py/unicode.o
                0x00001694                unichar_tolower
 .text.unichar_toupper
                0x000016a8       0x14 build/py/unicode.o
                0x000016a8                unichar_toupper
 .text.mpn_shr  0x000016bc       0x46 build/py/mpz.o
 .text.mpn_add  0x00001702       0x5a build/py/mpz.o
 .text.mpn_sub  0x0000175c       0x62 build/py/mpz.o
 .text.mpn_cmp  0x000017be       0x32 build/py/mpz.o
 .text.mpz_need_dig
                0x000017f0       0x54 build/py/mpz.o
 .text.mpz_set_from_int.part.3
                0x00001844       0x3c build/py/mpz.o
 .text.mpz_init_zero
                0x00001880       0x1c build/py/mpz.o
                0x00001880                mpz_init_zero
 .text.mpz_deinit
                0x0000189c       0x18 build/py/mpz.o
                0x0000189c                mpz_deinit
 .text.mpz_free
                0x000018b4       0x22 build/py/mpz.o
                0x000018b4                mpz_free
 .text.mpz_clone
                0x000018d6       0x4e build/py/mpz.o
                0x000018d6                mpz_clone
 .text.mpz_set  0x00001924       0x2a build/py/mpz.o
                0x00001924                mpz_set
 .text.mpz_set_from_int
                0x0000194e        0xc build/py/mpz.o
                0x0000194e                mpz_set_from_int
 .text.mpz_init_from_int
                0x0000195a       0x16 build/py/mpz.o
                0x0000195a                mpz_init_from_int
 .text.mpz_init_fixed_from_int
                0x00001970       0x26 build/py/mpz.o
                0x00001970                mpz_init_fixed_from_int
 .text.mpz_set_from_ll
                0x00001996       0x6e build/py/mpz.o
                0x00001996                mpz_set_from_ll
 .text.mpz_set_from_float
                0x00001a04       0xaa build/py/mpz.o
                0x00001a04                mpz_set_from_float
 *fill*         0x00001aae        0x2 ff
 .text.mpz_set_from_str
                0x00001ab0       0xb8 build/py/mpz.o
                0x00001ab0                mpz_set_from_str
 .text.mpz_is_zero
                0x00001b68        0xc build/py/mpz.o
                0x00001b68                mpz_is_zero
 .text.mpz_is_odd
                0x00001b74       0x16 build/py/mpz.o
                0x00001b74                mpz_is_odd
 .text.mpz_cmp  0x00001b8a       0x2e build/py/mpz.o
                0x00001b8a                mpz_cmp
 .text.mpz_neg_inpl
                0x00001bb8       0x1e build/py/mpz.o
                0x00001bb8                mpz_neg_inpl
 .text.mpz_not_inpl
                0x00001bd6       0x72 build/py/mpz.o
                0x00001bd6                mpz_not_inpl
 .text.mpz_shr_inpl
                0x00001c48       0xb4 build/py/mpz.o
                0x00001c48                mpz_shr_inpl
 .text.mpz_shl_inpl
                0x00001cfc       0xc6 build/py/mpz.o
                0x00001cfc                mpz_shl_inpl
 .text.mpz_add_inpl
                0x00001dc2       0x72 build/py/mpz.o
                0x00001dc2                mpz_add_inpl
 .text.mpz_sub_inpl
                0x00001e34       0x82 build/py/mpz.o
                0x00001e34                mpz_sub_inpl
 *fill*         0x00001eb6        0x2 ff
 .text.mpz_and_inpl
                0x00001eb8      0x13c build/py/mpz.o
                0x00001eb8                mpz_and_inpl
 .text.mpz_or_inpl
                0x00001ff4       0xb0 build/py/mpz.o
                0x00001ff4                mpz_or_inpl
 .text.mpz_xor_inpl
                0x000020a4       0xac build/py/mpz.o
                0x000020a4                mpz_xor_inpl
 .text.mpz_mul_inpl
                0x00002150      0x116 build/py/mpz.o
                0x00002150                mpz_mul_inpl
 .text.mpz_pow_inpl
                0x00002266       0x7e build/py/mpz.o
                0x00002266                mpz_pow_inpl
 .text.mpz_divmod_inpl
                0x000022e4      0x2b8 build/py/mpz.o
                0x000022e4                mpz_divmod_inpl
 .text.mpz_hash
                0x0000259c       0x26 build/py/mpz.o
                0x0000259c                mpz_hash
 .text.mpz_as_int_checked
                0x000025c2       0x32 build/py/mpz.o
                0x000025c2                mpz_as_int_checked
 .text.mpz_as_float
                0x000025f4       0x3a build/py/mpz.o
                0x000025f4                mpz_as_float
 *fill*         0x0000262e        0x2 ff
 .text.mpz_as_str_size
                0x00002630       0x3c build/py/mpz.o
                0x00002630                mpz_as_str_size
 .text.mpz_as_str_inpl
                0x0000266c      0x120 build/py/mpz.o
                0x0000266c                mpz_as_str_inpl
 .text.next_char
                0x0000278c       0x68 build/py/lexer.o
 .text.mp_lexer_next_token_into
                0x000027f4      0x6bc build/py/lexer.o
 .text.mp_lexer_free
                0x00002eb0       0x2e build/py/lexer.o
                0x00002eb0                mp_lexer_free
 .text.mp_lexer_new
                0x00002ede       0xb8 build/py/lexer.o
                0x00002ede                mp_lexer_new
 .text.mp_lexer_to_next
                0x00002f96        0x6 build/py/lexer.o
                0x00002f96                mp_lexer_to_next
 .text.str_buf_next_byte
                0x00002f9c       0x14 build/py/lexerstr.o
 .text.str_buf_free
                0x00002fb0       0x1a build/py/lexerstr.o
 *fill*         0x00002fca        0x2 ff
 .text.mp_lexer_new_from_str_len
                0x00002fcc       0x3c build/py/lexerstr.o
                0x00002fcc                mp_lexer_new_from_str_len
 .text.peek_result
                0x00003008       0x3c build/py/parse.o
 .text.pop_result
                0x00003044       0x34 build/py/parse.o
 .text.push_result_node
                0x00003078       0x3c build/py/parse.o
 .text.push_result_rule
                0x000030b4       0x4e build/py/parse.o
 .text.push_rule
                0x00003102       0x5a build/py/parse.o
 .text.push_rule_from_arg
                0x0000315c       0x58 build/py/parse.o
 .text.mp_parse_node_new_leaf
                0x000031b4       0x10 build/py/parse.o
                0x000031b4                mp_parse_node_new_leaf
 .text.push_result_token
                0x000031c4       0xfc build/py/parse.o
 .text.mp_parse_node_free
                0x000032c0       0x64 build/py/parse.o
                0x000032c0                mp_parse_node_free
 .text.mp_parse_node_extract_list
                0x00003324       0x26 build/py/parse.o
                0x00003324                mp_parse_node_extract_list
 *fill*         0x0000334a        0x2 ff
 .text.mp_parse
                0x0000334c      0x47c build/py/parse.o
                0x0000334c                mp_parse
 .text.scope_new
                0x000037c8       0x9c build/py/scope.o
                0x000037c8                scope_new
 .text.scope_free
                0x00003864       0x1a build/py/scope.o
                0x00003864                scope_free
 .text.scope_find
                0x0000387e       0x20 build/py/scope.o
                0x0000387e                scope_find
 .text.scope_find_or_add_id
                0x0000389e       0x4c build/py/scope.o
                0x0000389e                scope_find_or_add_id
 .text.scope_find_global
                0x000038ea        0xc build/py/scope.o
                0x000038ea                scope_find_global
 .text.scope_find_local_in_parent
                0x000038f6       0x1e build/py/scope.o
                0x000038f6                scope_find_local_in_parent
 .text.scope_close_over_in_parents
                0x00003914       0x70 build/py/scope.o
                0x00003914                scope_close_over_in_parents
 .text.compile_increase_except_level
                0x00003984       0x14 build/py/compile.o
 .text.apply_to_single_or_list
                0x00003998       0x3e build/py/compile.o
 .text.node_is_const_false
                0x000039d6       0x1c build/py/compile.o
 .text.node_is_const_true
                0x000039f2       0x1e build/py/compile.o
 .text.compile_del_stmt
                0x00003a10       0x10 build/py/compile.o
 .text.compile_import_name
                0x00003a20       0x10 build/py/compile.o
 .text.compile_trailer_period
                0x00003a30       0x10 build/py/compile.o
 .text.compile_const_object
                0x00003a40        0xe build/py/compile.o
 *fill*         0x00003a4e        0x2 ff
 .text.close_over_variables_etc
                0x00003a50       0xcc build/py/compile.o
 .text.compile_syntax_error
                0x00003b1c       0x34 build/py/compile.o
 .text.fold_constants
                0x00003b50      0x328 build/py/compile.o
 .text.compile_star_expr
                0x00003e78        0xc build/py/compile.o
 .text.scope_new_and_link
                0x00003e84       0x2a build/py/compile.o
 .text.compile_lambdef
                0x00003eae       0x2a build/py/compile.o
 .text.compile_funcdef_helper
                0x00003ed8       0x7c build/py/compile.o
 .text.compile_funcdef
                0x00003f54       0x18 build/py/compile.o
 .text.compile_scope_inline_asm
                0x00003f6c      0x284 build/py/compile.o
 .text.compile_scope_func_lambda_param
                0x000041f0       0xfc build/py/compile.o
 .text.compile_scope_lambda_param
                0x000042ec       0x14 build/py/compile.o
 .text.compile_scope_func_param
                0x00004300       0x14 build/py/compile.o
 .text.compile_atom_string
                0x00004314      0x130 build/py/compile.o
 .text.do_import_name
                0x00004444      0x104 build/py/compile.o
 .text.compile_import_from
                0x00004548      0x168 build/py/compile.o
 .text.compile_dotted_as_name
                0x000046b0       0x32 build/py/compile.o
 *fill*         0x000046e2        0x2 ff
 .text.compile_decrease_except_level.isra.2
                0x000046e4       0x28 build/py/compile.o
 .text.compile_node
                0x0000470c       0x8c build/py/compile.o
 .text.c_assign
                0x00004798      0x250 build/py/compile.o
 .text.c_assign_tuple
                0x000049e8       0xe0 build/py/compile.o
 .text.c_if_cond
                0x00004ac8       0xfa build/py/compile.o
 *fill*         0x00004bc2        0x2 ff
 .text.compile_scope_comp_iter
                0x00004bc4      0x100 build/py/compile.o
 .text.compile_dictorsetmaker_item
                0x00004cc4       0x18 build/py/compile.o
 .text.compile_subscript_3_helper
                0x00004cdc       0xb0 build/py/compile.o
 .text.compile_subscript_3
                0x00004d8c       0x1c build/py/compile.o
 .text.compile_trailer_bracket
                0x00004da8       0x14 build/py/compile.o
 .text.c_tuple  0x00004dbc       0x42 build/py/compile.o
 .text.compile_generic_tuple
                0x00004dfe        0x8 build/py/compile.o
 .text.compile_power_dbl_star
                0x00004e06       0x18 build/py/compile.o
 *fill*         0x00004e1e        0x2 ff
 .text.compile_term
                0x00004e20       0x94 build/py/compile.o
 .text.c_binary_op
                0x00004eb4       0x3a build/py/compile.o
 .text.compile_and_expr
                0x00004eee        0x6 build/py/compile.o
 .text.compile_xor_expr
                0x00004ef4        0x6 build/py/compile.o
 .text.compile_expr
                0x00004efa        0x6 build/py/compile.o
 .text.compile_comparison
                0x00004f00      0x148 build/py/compile.o
 .text.compile_not_test_2
                0x00005048       0x18 build/py/compile.o
 .text.compile_or_and_test
                0x00005060       0x4a build/py/compile.o
 .text.compile_and_test
                0x000050aa        0x6 build/py/compile.o
 .text.compile_or_test
                0x000050b0        0x6 build/py/compile.o
 *fill*         0x000050b6        0x2 ff
 .text.compile_test_if_expr
                0x000050b8       0x84 build/py/compile.o
 .text.compile_with_stmt_helper
                0x0000513c       0xbe build/py/compile.o
 .text.compile_while_stmt
                0x000051fa       0x92 build/py/compile.o
 .text.compile_assert_stmt
                0x0000528c       0x52 build/py/compile.o
 .text.compile_raise_stmt
                0x000052de       0x4e build/py/compile.o
 .text.compile_yield_stmt
                0x0000532c       0x16 build/py/compile.o
 *fill*         0x00005342        0x2 ff
 .text.compile_expr_stmt
                0x00005344      0x260 build/py/compile.o
 .text.compile_generic_all_nodes
                0x000055a4       0x22 build/py/compile.o
 .text.compile_power
                0x000055c6       0x1e build/py/compile.o
 .text.compile_try_except
                0x000055e4      0x230 build/py/compile.o
 .text.compile_try_finally
                0x00005814       0xb4 build/py/compile.o
 .text.compile_try_stmt
                0x000058c8       0x88 build/py/compile.o
 .text.c_del_stmt
                0x00005950      0x168 build/py/compile.o
 .text.compile_funcdef_param
                0x00005ab8       0xd0 build/py/compile.o
 .text.compile_comprehension
                0x00005b88       0x8c build/py/compile.o
 .text.compile_atom_bracket
                0x00005c14       0xb4 build/py/compile.o
 .text.compile_atom_paren
                0x00005cc8       0x88 build/py/compile.o
 .text.compile_trailer_paren_helper
                0x00005d50      0x194 build/py/compile.o
 .text.compile_classdef_helper
                0x00005ee4       0x5a build/py/compile.o
 .text.compile_classdef
                0x00005f3e       0x18 build/py/compile.o
 .text.compile_trailer_paren
                0x00005f56        0xa build/py/compile.o
 .text.compile_power_trailers
                0x00005f60       0x78 build/py/compile.o
 .text.compile_atom_brace
                0x00005fd8      0x188 build/py/compile.o
 .text.compile_for_stmt
                0x00006160      0x29c build/py/compile.o
 .text.compile_if_stmt
                0x000063fc      0x110 build/py/compile.o
 .text.compile_decorated
                0x0000650c      0x154 build/py/compile.o
 .text.compile_scope
                0x00006660      0x390 build/py/compile.o
 .text.compile_subscript_2
                0x000069f0       0x38 build/py/compile.o
 .text.compile_factor_2
                0x00006a28       0x68 build/py/compile.o
 .text.compile_arith_expr
                0x00006a90       0x6c build/py/compile.o
 .text.compile_shift_expr
                0x00006afc       0x6c build/py/compile.o
 .text.compile_yield_expr
                0x00006b68       0x6c build/py/compile.o
 .text.compile_return_stmt
                0x00006bd4       0x7c build/py/compile.o
 .text.compile_continue_stmt
                0x00006c50       0x44 build/py/compile.o
 .text.compile_break_stmt
                0x00006c94       0x44 build/py/compile.o
 .text.compile_with_stmt
                0x00006cd8       0x40 build/py/compile.o
 .text.compile_scope_func_annotations
                0x00006d18       0x8c build/py/compile.o
 .text.compile_bytes
                0x00006da4       0x2c build/py/compile.o
 .text.compile_string
                0x00006dd0       0x30 build/py/compile.o
 .text.compile_nonlocal_stmt
                0x00006e00       0x98 build/py/compile.o
 .text.compile_global_stmt
                0x00006e98       0x6c build/py/compile.o
 .text.mp_compile
                0x00006f04      0x354 build/py/compile.o
                0x00006f04                mp_compile
 .text.emit_common_load_id
                0x00007258       0x6c build/py/emitcommon.o
                0x00007258                emit_common_load_id
 .text.emit_common_store_id
                0x000072c4       0x6c build/py/emitcommon.o
                0x000072c4                emit_common_store_id
 .text.emit_common_delete_id
                0x00007330       0x74 build/py/emitcommon.o
                0x00007330                emit_common_delete_id
 .text.emit_pass1_dummy
                0x000073a4        0x2 build/py/emitpass1.o
 .text.emit_pass1_end_pass
                0x000073a6        0x2 build/py/emitpass1.o
 .text.emit_pass1_last_emit_was_return_value
                0x000073a8        0x4 build/py/emitpass1.o
 .text.emit_pass1_load_id
                0x000073ac       0x40 build/py/emitpass1.o
 .text.get_id_for_modification
                0x000073ec       0x4c build/py/emitpass1.o
 .text.emit_pass1_delete_id
                0x00007438        0x6 build/py/emitpass1.o
 .text.emit_pass1_store_id
                0x0000743e        0x6 build/py/emitpass1.o
 .text.emit_pass1_start_pass
                0x00007444       0x24 build/py/emitpass1.o
 .text.emit_pass1_new
                0x00007468        0x6 build/py/emitpass1.o
                0x00007468                emit_pass1_new
 .text.emit_pass1_free
                0x0000746e        0x6 build/py/emitpass1.o
                0x0000746e                emit_pass1_free
 .text.emit_write_uint
                0x00007474       0x42 build/py/emitbc.o
 .text.emit_bc_set_native_type
                0x000074b6        0x2 build/py/emitbc.o
 .text.emit_bc_last_emit_was_return_value
                0x000074b8        0xa build/py/emitbc.o
 .text.emit_bc_adjust_stack_size
                0x000074c2        0x8 build/py/emitbc.o
 .text.emit_bc_start_except_handler
                0x000074ca        0x8 build/py/emitbc.o
 .text.emit_bc_end_except_handler
                0x000074d2        0x8 build/py/emitbc.o
 *fill*         0x000074da        0x2 ff
 .text.emit_bc_delete_id
                0x000074dc       0x10 build/py/emitbc.o
 .text.emit_bc_store_id
                0x000074ec       0x10 build/py/emitbc.o
 .text.emit_bc_load_id
                0x000074fc       0x10 build/py/emitbc.o
 .text.emit_bc_pre
                0x0000750c       0x38 build/py/emitbc.o
 .text.emit_bc_for_iter_end
                0x00007544        0x8 build/py/emitbc.o
 .text.emit_get_cur_to_write_bytecode
                0x0000754c       0x3c build/py/emitbc.o
 .text.emit_write_bytecode_byte
                0x00007588        0xe build/py/emitbc.o
 .text.emit_bc_yield_from
                0x00007596       0x22 build/py/emitbc.o
 .text.emit_bc_yield_value
                0x000075b8       0x20 build/py/emitbc.o
 .text.emit_bc_return_value
                0x000075d8       0x1c build/py/emitbc.o
 .text.emit_write_bytecode_byte_uint
                0x000075f4       0x1c build/py/emitbc.o
 .text.emit_bc_unpack_ex
                0x00007610       0x1e build/py/emitbc.o
 .text.emit_bc_unpack_sequence
                0x0000762e       0x1a build/py/emitbc.o
 .text.emit_bc_build_slice
                0x00007648       0x1c build/py/emitbc.o
 .text.emit_bc_set_add
                0x00007664       0x1c build/py/emitbc.o
 .text.emit_bc_build_set
                0x00007680       0x1c build/py/emitbc.o
 .text.emit_bc_map_add
                0x0000769c       0x1c build/py/emitbc.o
 .text.emit_bc_build_map
                0x000076b8       0x1a build/py/emitbc.o
 .text.emit_bc_list_append
                0x000076d2       0x1c build/py/emitbc.o
 .text.emit_bc_build_list
                0x000076ee       0x1c build/py/emitbc.o
 .text.emit_bc_build_tuple
                0x0000770a       0x1c build/py/emitbc.o
 .text.emit_bc_delete_global
                0x00007726       0x1a build/py/emitbc.o
 .text.emit_bc_delete_name
                0x00007740       0x1a build/py/emitbc.o
 .text.emit_bc_store_attr
                0x0000775a       0x1c build/py/emitbc.o
 .text.emit_bc_store_global
                0x00007776       0x1c build/py/emitbc.o
 .text.emit_bc_store_name
                0x00007792       0x1c build/py/emitbc.o
 .text.emit_bc_load_method
                0x000077ae       0x1a build/py/emitbc.o
 .text.emit_bc_load_attr
                0x000077c8       0x1a build/py/emitbc.o
 .text.emit_bc_load_global
                0x000077e2       0x1a build/py/emitbc.o
 .text.emit_bc_load_name
                0x000077fc       0x1a build/py/emitbc.o
 .text.emit_bc_load_const_str
                0x00007816       0x22 build/py/emitbc.o
 .text.emit_bc_import_from
                0x00007838       0x1a build/py/emitbc.o
 .text.emit_bc_import_name
                0x00007852       0x1c build/py/emitbc.o
 .text.emit_bc_delete_deref
                0x0000786e        0x6 build/py/emitbc.o
 .text.emit_bc_delete_fast
                0x00007874        0x6 build/py/emitbc.o
 .text.emit_bc_store_deref
                0x0000787a       0x1c build/py/emitbc.o
 .text.emit_bc_load_deref
                0x00007896       0x1a build/py/emitbc.o
 .text.emit_bc_store_map
                0x000078b0       0x18 build/py/emitbc.o
 .text.emit_bc_pop_except
                0x000078c8       0x16 build/py/emitbc.o
 .text.emit_bc_pop_block
                0x000078de       0x16 build/py/emitbc.o
 .text.emit_bc_get_iter
                0x000078f4       0x16 build/py/emitbc.o
 .text.emit_bc_end_finally
                0x0000790a       0x18 build/py/emitbc.o
 .text.emit_bc_with_cleanup
                0x00007922       0x18 build/py/emitbc.o
 .text.emit_bc_rot_three
                0x0000793a       0x16 build/py/emitbc.o
 .text.emit_bc_rot_two
                0x00007950       0x16 build/py/emitbc.o
 .text.emit_bc_pop_top
                0x00007966       0x18 build/py/emitbc.o
 .text.emit_bc_dup_top_two
                0x0000797e       0x16 build/py/emitbc.o
 .text.emit_bc_dup_top
                0x00007994       0x16 build/py/emitbc.o
 .text.emit_bc_store_subscr
                0x000079aa       0x18 build/py/emitbc.o
 .text.emit_bc_store_fast
                0x000079c2       0x30 build/py/emitbc.o
 .text.emit_bc_load_subscr
                0x000079f2       0x18 build/py/emitbc.o
 .text.emit_bc_load_build_class
                0x00007a0a       0x16 build/py/emitbc.o
 .text.emit_bc_load_fast
                0x00007a20       0x2e build/py/emitbc.o
 .text.emit_bc_load_null
                0x00007a4e       0x16 build/py/emitbc.o
 .text.emit_bc_delete_subscr
                0x00007a64       0x18 build/py/emitbc.o
 .text.emit_bc_delete_attr
                0x00007a7c       0x1c build/py/emitbc.o
 .text.emit_bc_import_star
                0x00007a98       0x18 build/py/emitbc.o
 .text.emit_write_bytecode_byte_unsigned_label
                0x00007ab0       0x2e build/py/emitbc.o
 .text.emit_bc_for_iter
                0x00007ade       0x1a build/py/emitbc.o
 .text.emit_bc_setup_finally
                0x00007af8       0x1a build/py/emitbc.o
 .text.emit_bc_setup_except
                0x00007b12       0x1a build/py/emitbc.o
 .text.emit_bc_setup_with
                0x00007b2c       0x1a build/py/emitbc.o
 .text.emit_write_bytecode_byte_signed_label
                0x00007b46       0x2e build/py/emitbc.o
 .text.emit_bc_jump_if_or_pop
                0x00007b74       0x24 build/py/emitbc.o
 .text.emit_bc_pop_jump_if
                0x00007b98       0x24 build/py/emitbc.o
 .text.emit_bc_jump
                0x00007bbc       0x1a build/py/emitbc.o
 .text.emit_bc_binary_op
                0x00007bd6       0x4a build/py/emitbc.o
 .text.emit_bc_unary_op
                0x00007c20       0x3c build/py/emitbc.o
 .text.emit_bc_call_function_method_helper
                0x00007c5c       0x5e build/py/emitbc.o
 .text.emit_bc_call_method
                0x00007cba       0x18 build/py/emitbc.o
 .text.emit_bc_call_function
                0x00007cd2       0x16 build/py/emitbc.o
 .text.emit_bc_unwind_jump
                0x00007ce8       0x4e build/py/emitbc.o
 *fill*         0x00007d36        0x2 ff
 .text.emit_write_bytecode_byte_ptr
                0x00007d38       0x44 build/py/emitbc.o
 .text.emit_bc_load_const_obj
                0x00007d7c       0x1a build/py/emitbc.o
 *fill*         0x00007d96        0x2 ff
 .text.emit_bc_make_closure
                0x00007d98       0x58 build/py/emitbc.o
 .text.emit_bc_make_function
                0x00007df0       0x2e build/py/emitbc.o
 *fill*         0x00007e1e        0x2 ff
 .text.emit_bc_load_const_tok
                0x00007e20       0x54 build/py/emitbc.o
 .text.emit_bc_label_assign
                0x00007e74       0x6c build/py/emitbc.o
 .text.emit_get_cur_to_write_code_info
                0x00007ee0       0x38 build/py/emitbc.o
 .text.emit_bc_set_source_line
                0x00007f18       0xb0 build/py/emitbc.o
 .text.emit_bc_load_const_small_int
                0x00007fc8       0x8e build/py/emitbc.o
 *fill*         0x00008056        0x2 ff
 .text.emit_bc_raise_varargs
                0x00008058       0x3c build/py/emitbc.o
 .text.emit_bc_end_pass
                0x00008094       0x70 build/py/emitbc.o
 .text.emit_bc_start_pass
                0x00008104      0x128 build/py/emitbc.o
 .text.emit_bc_new
                0x0000822c       0x1a build/py/emitbc.o
                0x0000822c                emit_bc_new
 .text.emit_bc_free
                0x00008246       0x1a build/py/emitbc.o
                0x00008246                emit_bc_free
 .text.asm_thumb_get_cur_to_write_bytes
                0x00008260       0x38 build/py/asmthumb.o
 .text.get_label_dest
                0x00008298       0x28 build/py/asmthumb.o
 .text.asm_thumb_new
                0x000082c0       0x1a build/py/asmthumb.o
                0x000082c0                asm_thumb_new
 .text.asm_thumb_free
                0x000082da       0x24 build/py/asmthumb.o
                0x000082da                asm_thumb_free
 *fill*         0x000082fe        0x2 ff
 .text.asm_thumb_start_pass
                0x00008300       0x4c build/py/asmthumb.o
                0x00008300                asm_thumb_start_pass
 .text.asm_thumb_end_pass
                0x0000834c        0x2 build/py/asmthumb.o
                0x0000834c                asm_thumb_end_pass
 .text.asm_thumb_get_code_size
                0x0000834e        0x4 build/py/asmthumb.o
                0x0000834e                asm_thumb_get_code_size
 .text.asm_thumb_get_code
                0x00008352        0x4 build/py/asmthumb.o
                0x00008352                asm_thumb_get_code
 *fill*         0x00008356        0x2 ff
 .text.asm_thumb_label_assign
                0x00008358       0x5c build/py/asmthumb.o
                0x00008358                asm_thumb_label_assign
 .text.asm_thumb_align
                0x000083b4        0xe build/py/asmthumb.o
                0x000083b4                asm_thumb_align
 .text.asm_thumb_data
                0x000083c2       0x22 build/py/asmthumb.o
                0x000083c2                asm_thumb_data
 .text.asm_thumb_op16
                0x000083e4       0x12 build/py/asmthumb.o
                0x000083e4                asm_thumb_op16
 .text.asm_thumb_entry
                0x000083f6       0x46 build/py/asmthumb.o
                0x000083f6                asm_thumb_entry
 .text.asm_thumb_exit
                0x0000843c       0x20 build/py/asmthumb.o
                0x0000843c                asm_thumb_exit
 .text.asm_thumb_op32
                0x0000845c       0x1a build/py/asmthumb.o
                0x0000845c                asm_thumb_op32
 *fill*         0x00008476        0x2 ff
 .text.asm_thumb_format_4
                0x00008478       0x44 build/py/asmthumb.o
                0x00008478                asm_thumb_format_4
 .text.asm_thumb_mov_reg_reg
                0x000084bc       0x22 build/py/asmthumb.o
                0x000084bc                asm_thumb_mov_reg_reg
 *fill*         0x000084de        0x2 ff
 .text.asm_thumb_mov_reg_i16
                0x000084e0       0x44 build/py/asmthumb.o
                0x000084e0                asm_thumb_mov_reg_i16
 .text.asm_thumb_b_n_label
                0x00008524       0x34 build/py/asmthumb.o
                0x00008524                asm_thumb_b_n_label
 .text.asm_thumb_bcc_n_label
                0x00008558       0x38 build/py/asmthumb.o
                0x00008558                asm_thumb_bcc_n_label
 .text.asm_thumb_bl_label
                0x00008590       0x38 build/py/asmthumb.o
                0x00008590                asm_thumb_bl_label
 .text.asm_thumb_mov_reg_i32
                0x000085c8       0x26 build/py/asmthumb.o
                0x000085c8                asm_thumb_mov_reg_i32
 .text.asm_thumb_mov_reg_i32_optimised
                0x000085ee       0x44 build/py/asmthumb.o
                0x000085ee                asm_thumb_mov_reg_i32_optimised
 .text.asm_thumb_mov_reg_i32_aligned
                0x00008632       0x38 build/py/asmthumb.o
                0x00008632                asm_thumb_mov_reg_i32_aligned
 *fill*         0x0000866a        0x2 ff
 .text.asm_thumb_mov_local_reg
                0x0000866c       0x4c build/py/asmthumb.o
                0x0000866c                asm_thumb_mov_local_reg
 .text.asm_thumb_mov_reg_local
                0x000086b8       0x4c build/py/asmthumb.o
                0x000086b8                asm_thumb_mov_reg_local
 .text.asm_thumb_mov_reg_local_addr
                0x00008704       0x4c build/py/asmthumb.o
                0x00008704                asm_thumb_mov_reg_local_addr
 .text.asm_thumb_b_label
                0x00008750       0x54 build/py/asmthumb.o
                0x00008750                asm_thumb_b_label
 .text.asm_thumb_bcc_label
                0x000087a4       0x68 build/py/asmthumb.o
                0x000087a4                asm_thumb_bcc_label
 .text.asm_thumb_bl_ind
                0x0000880c       0x3a build/py/asmthumb.o
                0x0000880c                asm_thumb_bl_ind
 .text.emit_native_last_emit_was_return_value
                0x00008846        0x6 build/py/emitnthumb.o
 .text.emit_native_set_source_line
                0x0000884c        0x2 build/py/emitnthumb.o
 .text.emit_native_delete_fast
                0x0000884e        0x2 build/py/emitnthumb.o
 .text.emit_native_delete_deref
                0x00008850        0x2 build/py/emitnthumb.o
 .text.emit_native_pop_except
                0x00008852        0x2 build/py/emitnthumb.o
 .text.emit_native_yield_from
                0x00008854       0x1c build/py/emitnthumb.o
 .text.emit_native_yield_value
                0x00008870       0x1c build/py/emitnthumb.o
 .text.emit_native_make_closure
                0x0000888c       0x1c build/py/emitnthumb.o
 .text.emit_native_with_cleanup
                0x000088a8       0x1c build/py/emitnthumb.o
 .text.emit_native_setup_with
                0x000088c4       0x1c build/py/emitnthumb.o
 .text.emit_native_store_deref
                0x000088e0       0x1c build/py/emitnthumb.o
 .text.emit_native_load_deref
                0x000088fc       0x1c build/py/emitnthumb.o
 .text.need_reg_single
                0x00008918       0x3e build/py/emitnthumb.o
 .text.emit_access_stack
                0x00008956       0x6c build/py/emitnthumb.o
 .text.need_reg_all
                0x000089c2       0x2e build/py/emitnthumb.o
 .text.need_stack_settled
                0x000089f0       0x60 build/py/emitnthumb.o
 .text.emit_call
                0x00008a50       0x24 build/py/emitnthumb.o
 .text.emit_call_with_imm_arg
                0x00008a74       0x34 build/py/emitnthumb.o
 .text.emit_native_delete_global
                0x00008aa8       0x14 build/py/emitnthumb.o
 .text.emit_native_delete_name
                0x00008abc       0x14 build/py/emitnthumb.o
 .text.emit_native_jump
                0x00008ad0       0x1c build/py/emitnthumb.o
 .text.emit_native_continue_loop
                0x00008aec        0x4 build/py/emitnthumb.o
 .text.emit_native_break_loop
                0x00008af0        0x8 build/py/emitnthumb.o
 .text.emit_native_label_assign
                0x00008af8       0x1c build/py/emitnthumb.o
 .text.emit_native_delete_id
                0x00008b14       0x10 build/py/emitnthumb.o
 .text.emit_native_store_id
                0x00008b24       0x10 build/py/emitnthumb.o
 .text.emit_native_load_id
                0x00008b34       0x10 build/py/emitnthumb.o
 .text.emit_native_start_pass
                0x00008b44      0x114 build/py/emitnthumb.o
 .text.adjust_stack
                0x00008c58       0x38 build/py/emitnthumb.o
 .text.emit_native_end_except_handler
                0x00008c90        0x8 build/py/emitnthumb.o
 .text.emit_pre_pop_discard
                0x00008c98        0xe build/py/emitnthumb.o
 .text.emit_native_pop_top
                0x00008ca6        0x4 build/py/emitnthumb.o
 .text.emit_post_push_reg
                0x00008caa       0x1c build/py/emitnthumb.o
 .text.emit_native_load_build_class
                0x00008cc6       0x1e build/py/emitnthumb.o
 .text.emit_native_build_map
                0x00008ce4       0x22 build/py/emitnthumb.o
 .text.emit_native_load_name
                0x00008d06       0x22 build/py/emitnthumb.o
 .text.emit_native_load_const_str
                0x00008d28       0x2e build/py/emitnthumb.o
 .text.emit_native_load_const_obj
                0x00008d56       0x2c build/py/emitnthumb.o
 *fill*         0x00008d82        0x2 ff
 .text.emit_native_load_fast
                0x00008d84       0x64 build/py/emitnthumb.o
 .text.emit_native_for_iter_end
                0x00008de8        0xe build/py/emitnthumb.o
 .text.emit_post_push_imm
                0x00008df6       0x1e build/py/emitnthumb.o
 .text.emit_native_load_null
                0x00008e14        0xc build/py/emitnthumb.o
 .text.emit_native_load_global
                0x00008e20       0x60 build/py/emitnthumb.o
 .text.emit_native_adjust_stack_size
                0x00008e80       0x2c build/py/emitnthumb.o
 .text.emit_pre_pop_reg
                0x00008eac       0x24 build/py/emitnthumb.o
 .text.emit_pre_pop_reg_reg
                0x00008ed0       0x1a build/py/emitnthumb.o
 .text.emit_pre_pop_reg_reg_reg
                0x00008eea       0x2a build/py/emitnthumb.o
 .text.emit_native_build_slice
                0x00008f14       0xe4 build/py/emitnthumb.o
 .text.emit_native_end_finally
                0x00008ff8       0x1a build/py/emitnthumb.o
 *fill*         0x00009012        0x2 ff
 .text.emit_native_store_fast
                0x00009014       0x68 build/py/emitnthumb.o
 .text.emit_native_pop_block
                0x0000907c       0x1e build/py/emitnthumb.o
 *fill*         0x0000909a        0x2 ff
 .text.emit_get_stack_pointer_to_reg_for_pop
                0x0000909c      0x148 build/py/emitnthumb.o
 .text.emit_native_build_set
                0x000091e4       0x2e build/py/emitnthumb.o
 .text.emit_native_build_list
                0x00009212       0x2e build/py/emitnthumb.o
 .text.emit_native_build_tuple
                0x00009240       0x2e build/py/emitnthumb.o
 .text.emit_get_stack_pointer_to_reg_for_push
                0x0000926e       0x42 build/py/emitnthumb.o
 .text.emit_native_load_const_small_int
                0x000092b0       0x1a build/py/emitnthumb.o
 *fill*         0x000092ca        0x2 ff
 .text.emit_native_load_const_tok
                0x000092cc       0x80 build/py/emitnthumb.o
 .text.emit_native_raise_varargs
                0x0000934c       0x48 build/py/emitnthumb.o
 .text.emit_native_set_add
                0x00009394       0x60 build/py/emitnthumb.o
 .text.emit_native_map_add
                0x000093f4       0x80 build/py/emitnthumb.o
 .text.emit_native_store_map
                0x00009474       0x84 build/py/emitnthumb.o
 .text.emit_native_list_append
                0x000094f8       0x60 build/py/emitnthumb.o
 .text.emit_native_get_iter
                0x00009558       0x44 build/py/emitnthumb.o
 .text.emit_native_import_star
                0x0000959c       0x3c build/py/emitnthumb.o
 .text.emit_native_unary_op
                0x000095d8       0x64 build/py/emitnthumb.o
 .text.emit_native_delete_subscr
                0x0000963c       0x5c build/py/emitnthumb.o
 .text.emit_native_store_attr
                0x00009698       0x60 build/py/emitnthumb.o
 .text.emit_native_store_name
                0x000096f8       0x40 build/py/emitnthumb.o
 .text.emit_native_load_attr
                0x00009738       0x4c build/py/emitnthumb.o
 .text.emit_native_import_from
                0x00009784       0x50 build/py/emitnthumb.o
 .text.emit_native_import_name
                0x000097d4       0x68 build/py/emitnthumb.o
 .text.emit_native_call_method
                0x0000983c       0x70 build/py/emitnthumb.o
 .text.emit_native_unpack_ex
                0x000098ac       0x50 build/py/emitnthumb.o
 .text.emit_native_unpack_sequence
                0x000098fc       0x4c build/py/emitnthumb.o
 .text.emit_native_load_method
                0x00009948       0x4c build/py/emitnthumb.o
 .text.unlikely.asm_thumb_format_2.part.24
                0x00009994       0x1c build/py/emitnthumb.o
 .text.emit_native_set_native_type
                0x000099b0       0x8c build/py/emitnthumb.o
 .text.emit_native_end_pass
                0x00009a3c       0x7c build/py/emitnthumb.o
 .text.emit_native_make_function
                0x00009ab8       0xb8 build/py/emitnthumb.o
 .text.emit_native_dup_top_two
                0x00009b70       0x4c build/py/emitnthumb.o
 .text.emit_native_start_except_handler
                0x00009bbc       0x3e build/py/emitnthumb.o
 .text.emit_native_setup_except
                0x00009bfa       0x3a build/py/emitnthumb.o
 .text.emit_native_setup_finally
                0x00009c34        0x4 build/py/emitnthumb.o
 .text.peek_vtype
                0x00009c38       0x12 build/py/emitnthumb.o
 .text.emit_native_store_global
                0x00009c4a       0x4e build/py/emitnthumb.o
 .text.emit_native_return_value
                0x00009c98       0x88 build/py/emitnthumb.o
 .text.emit_native_call_function
                0x00009d20      0x150 build/py/emitnthumb.o
 .text.emit_native_jump_helper
                0x00009e70       0x84 build/py/emitnthumb.o
 .text.emit_native_jump_if_or_pop
                0x00009ef4       0x3c build/py/emitnthumb.o
 .text.emit_native_pop_jump_if
                0x00009f30       0x32 build/py/emitnthumb.o
 *fill*         0x00009f62        0x2 ff
 .text.asm_thumb_add_rlo_rlo_rlo
                0x00009f64       0x3c build/py/emitnthumb.o
 .text.emit_pre_pop_reg_flexible
                0x00009fa0       0x60 build/py/emitnthumb.o
 .text.emit_native_dup_top
                0x0000a000       0x36 build/py/emitnthumb.o
 *fill*         0x0000a036        0x2 ff
 .text.emit_native_binary_op
                0x0000a038      0x1bc build/py/emitnthumb.o
 .text.emit_native_for_iter
                0x0000a1f4       0x70 build/py/emitnthumb.o
 .text.emit_native_rot_two
                0x0000a264       0x34 build/py/emitnthumb.o
 .text.emit_native_load_subscr
                0x0000a298      0x1b8 build/py/emitnthumb.o
 .text.emit_native_store_subscr
                0x0000a450      0x1f4 build/py/emitnthumb.o
 .text.emit_native_rot_three
                0x0000a644       0x52 build/py/emitnthumb.o
 *fill*         0x0000a696        0x2 ff
 .text.emit_native_delete_attr
                0x0000a698       0x60 build/py/emitnthumb.o
 .text.emit_native_thumb_new
                0x0000a6f8       0x18 build/py/emitnthumb.o
                0x0000a6f8                emit_native_thumb_new
 .text.emit_native_thumb_free
                0x0000a710       0x2a build/py/emitnthumb.o
                0x0000a710                emit_native_thumb_free
 *fill*         0x0000a73a        0x2 ff
 .text.get_arg_addr
                0x0000a73c       0x50 build/py/emitinlinethumb.o
 .text.emit_inline_thumb_data
                0x0000a78c        0x6 build/py/emitinlinethumb.o
 .text.emit_inline_thumb_align
                0x0000a792        0x6 build/py/emitinlinethumb.o
 .text.emit_inline_thumb_start_pass
                0x0000a798       0x24 build/py/emitinlinethumb.o
 .text.get_arg_label
                0x0000a7bc       0x60 build/py/emitinlinethumb.o
 .text.get_arg_i
                0x0000a81c       0x4c build/py/emitinlinethumb.o
 .text.emit_inline_thumb_label
                0x0000a868       0x30 build/py/emitinlinethumb.o
 .text.emit_inline_thumb_end_pass
                0x0000a898       0x42 build/py/emitinlinethumb.o
 *fill*         0x0000a8da        0x2 ff
 .text.get_arg_reg
                0x0000a8dc       0x90 build/py/emitinlinethumb.o
 .text.get_arg_reglist
                0x0000a96c       0xdc build/py/emitinlinethumb.o
 .text.emit_inline_thumb_count_params
                0x0000aa48       0x70 build/py/emitinlinethumb.o
 .text.emit_inline_thumb_op
                0x0000aab8      0x74c build/py/emitinlinethumb.o
 .text.emit_inline_thumb_new
                0x0000b204       0x2c build/py/emitinlinethumb.o
                0x0000b204                emit_inline_thumb_new
 .text.emit_inline_thumb_free
                0x0000b230       0x22 build/py/emitinlinethumb.o
                0x0000b230                emit_inline_thumb_free
 *fill*         0x0000b252        0x2 ff
 .text.mp_format_float
                0x0000b254      0x400 build/py/formatfloat.o
                0x0000b254                mp_format_float
 .text.mp_parse_num_base
                0x0000b654       0x70 build/py/parsenumbase.o
                0x0000b654                mp_parse_num_base
 .text.raise    0x0000b6c4       0x20 build/py/parsenum.o
 .text.mp_parse_num_integer
                0x0000b6e4      0x118 build/py/parsenum.o
                0x0000b6e4                mp_parse_num_integer
 .text.mp_parse_num_decimal
                0x0000b7fc      0x294 build/py/parsenum.o
                0x0000b7fc                mp_parse_num_decimal
 .text.mp_emit_glue_new_raw_code
                0x0000ba90       0x14 build/py/emitglue.o
                0x0000ba90                mp_emit_glue_new_raw_code
 .text.mp_emit_glue_assign_bytecode
                0x0000baa4       0x2e build/py/emitglue.o
                0x0000baa4                mp_emit_glue_assign_bytecode
 *fill*         0x0000bad2        0x2 ff
 .text.mp_emit_glue_assign_native
                0x0000bad4       0x44 build/py/emitglue.o
                0x0000bad4                mp_emit_glue_assign_native
 .text.mp_make_function_from_raw_code
                0x0000bb18       0xe0 build/py/emitglue.o
                0x0000bb18                mp_make_function_from_raw_code
 .text.mp_make_closure_from_raw_code
                0x0000bbf8       0x26 build/py/emitglue.o
                0x0000bbf8                mp_make_closure_from_raw_code
 *fill*         0x0000bc1e        0x2 ff
 .text.mp_init  0x0000bc20       0x3c build/py/runtime.o
                0x0000bc20                mp_init
 .text.mp_load_const_str
                0x0000bc5c        0x8 build/py/runtime.o
                0x0000bc5c                mp_load_const_str
 .text.mp_load_const_bytes
                0x0000bc64       0x14 build/py/runtime.o
                0x0000bc64                mp_load_const_bytes
 .text.mp_load_global
                0x0000bc78       0x50 build/py/runtime.o
                0x0000bc78                mp_load_global
 .text.mp_load_name
                0x0000bcc8       0x30 build/py/runtime.o
                0x0000bcc8                mp_load_name
 .text.mp_load_build_class
                0x0000bcf8        0x8 build/py/runtime.o
                0x0000bcf8                mp_load_build_class
 .text.mp_store_name
                0x0000bd00       0x14 build/py/runtime.o
                0x0000bd00                mp_store_name
 .text.mp_delete_name
                0x0000bd14       0x14 build/py/runtime.o
                0x0000bd14                mp_delete_name
 .text.mp_store_global
                0x0000bd28       0x14 build/py/runtime.o
                0x0000bd28                mp_store_global
 .text.mp_delete_global
                0x0000bd3c       0x14 build/py/runtime.o
                0x0000bd3c                mp_delete_global
 .text.mp_unary_op
                0x0000bd50       0xb0 build/py/runtime.o
                0x0000bd50                mp_unary_op
 .text.mp_call_function_n_kw
                0x0000be00       0x3c build/py/runtime.o
                0x0000be00                mp_call_function_n_kw
 .text.mp_call_function_0
                0x0000be3c        0xa build/py/runtime.o
                0x0000be3c                mp_call_function_0
 .text.mp_call_function_1
                0x0000be46       0x16 build/py/runtime.o
                0x0000be46                mp_call_function_1
 .text.mp_call_method_n_kw
                0x0000be5c       0x20 build/py/runtime.o
                0x0000be5c                mp_call_method_n_kw
 .text.mp_load_method_maybe
                0x0000be7c       0xcc build/py/runtime.o
                0x0000be7c                mp_load_method_maybe
 .text.mp_load_method
                0x0000bf48       0x64 build/py/runtime.o
                0x0000bf48                mp_load_method
 .text.mp_load_attr
                0x0000bfac       0x18 build/py/runtime.o
                0x0000bfac                mp_load_attr
 .text.mp_store_attr
                0x0000bfc4       0x44 build/py/runtime.o
                0x0000bfc4                mp_store_attr
 .text.mp_getiter
                0x0000c008       0x68 build/py/runtime.o
                0x0000c008                mp_getiter
 .text.mp_iternext_allow_raise
                0x0000c070       0x4c build/py/runtime.o
                0x0000c070                mp_iternext_allow_raise
 .text.mp_iternext
                0x0000c0bc       0x74 build/py/runtime.o
                0x0000c0bc                mp_iternext
 .text.mp_binary_op
                0x0000c130      0x334 build/py/runtime.o
                0x0000c130                mp_binary_op
 .text.mp_call_method_n_kw_var
                0x0000c464      0x274 build/py/runtime.o
                0x0000c464                mp_call_method_n_kw_var
 .text.mp_unpack_sequence
                0x0000c6d8       0xb4 build/py/runtime.o
                0x0000c6d8                mp_unpack_sequence
 .text.mp_unpack_ex
                0x0000c78c      0x134 build/py/runtime.o
                0x0000c78c                mp_unpack_ex
 .text.mp_resume
                0x0000c8c0      0x114 build/py/runtime.o
                0x0000c8c0                mp_resume
 .text.mp_make_raise_obj
                0x0000c9d4       0x3c build/py/runtime.o
                0x0000c9d4                mp_make_raise_obj
 .text.mp_import_name
                0x0000ca10       0x28 build/py/runtime.o
                0x0000ca10                mp_import_name
 .text.mp_import_from
                0x0000ca38       0xe0 build/py/runtime.o
                0x0000ca38                mp_import_from
 .text.mp_import_all
                0x0000cb18       0x4e build/py/runtime.o
                0x0000cb18                mp_import_all
 *fill*         0x0000cb66        0x2 ff
 .text.mp_parse_compile_execute
                0x0000cb68       0x64 build/py/runtime.o
                0x0000cb68                mp_parse_compile_execute
 .text.m_malloc_fail
                0x0000cbcc       0x30 build/py/runtime.o
                0x0000cbcc                m_malloc_fail
 .text.mp_native_call_function_n_kw
                0x0000cbfc       0x14 build/py/nativeglue.o
                0x0000cbfc                mp_native_call_function_n_kw
 .text.mp_convert_obj_to_native
                0x0000cc10       0x2c build/py/nativeglue.o
                0x0000cc10                mp_convert_obj_to_native
 .text.mp_convert_native_to_obj
                0x0000cc3c       0x30 build/py/nativeglue.o
                0x0000cc3c                mp_convert_native_to_obj
 .text.mp_native_raise
                0x0000cc6c       0x18 build/py/nativeglue.o
                0x0000cc6c                mp_native_raise
 .text.mp_stack_ctrl_init
                0x0000cc84       0x14 build/py/stackctrl.o
                0x0000cc84                mp_stack_ctrl_init
 .text.mp_stack_set_limit
                0x0000cc98        0xc build/py/stackctrl.o
                0x0000cc98                mp_stack_set_limit
 .text.mp_stack_check
                0x0000cca4       0x30 build/py/stackctrl.o
                0x0000cca4                mp_stack_check
 .text.mp_arg_check_num
                0x0000ccd4       0x60 build/py/argcheck.o
                0x0000ccd4                mp_arg_check_num
 .text.mp_arg_parse_all
                0x0000cd34       0xf4 build/py/argcheck.o
                0x0000cd34                mp_arg_parse_all
 .text.mp_arg_parse_all_kw_array
                0x0000ce28       0x2c build/py/argcheck.o
                0x0000ce28                mp_arg_parse_all_kw_array
 .text.mp_arg_error_unimpl_kw
                0x0000ce54       0x18 build/py/argcheck.o
                0x0000ce54                mp_arg_error_unimpl_kw
 .text.mp_map_init
                0x0000ce6c       0x2a build/py/map.o
                0x0000ce6c                mp_map_init
 .text.mp_map_init_fixed_table
                0x0000ce96       0x16 build/py/map.o
                0x0000ce96                mp_map_init_fixed_table
 .text.mp_map_deinit
                0x0000ceac       0x22 build/py/map.o
                0x0000ceac                mp_map_deinit
 .text.mp_map_clear
                0x0000cece       0x30 build/py/map.o
                0x0000cece                mp_map_clear
 *fill*         0x0000cefe        0x2 ff
 .text.mp_map_lookup
                0x0000cf00      0x17c build/py/map.o
                0x0000cf00                mp_map_lookup
 .text.mp_map_rehash
                0x0000d07c       0x74 build/py/map.o
 .text.mp_set_init
                0x0000d0f0       0x14 build/py/map.o
                0x0000d0f0                mp_set_init
 .text.mp_set_lookup
                0x0000d104       0xe0 build/py/map.o
                0x0000d104                mp_set_lookup
 .text.mp_set_rehash
                0x0000d1e4       0x5c build/py/map.o
 .text.mp_set_remove_first
                0x0000d240       0x4c build/py/map.o
                0x0000d240                mp_set_remove_first
 .text.mp_set_clear
                0x0000d28c       0x18 build/py/map.o
                0x0000d28c                mp_set_clear
 .text.mp_identity
                0x0000d2a4        0x2 build/py/obj.o
                0x0000d2a4                mp_identity
 *fill*         0x0000d2a6        0x2 ff
 .text.mp_obj_get_type
                0x0000d2a8       0x20 build/py/obj.o
                0x0000d2a8                mp_obj_get_type
 .text.mp_obj_get_type_str
                0x0000d2c8       0x10 build/py/obj.o
                0x0000d2c8                mp_obj_get_type_str
 .text.mp_obj_print_helper
                0x0000d2d8       0x50 build/py/obj.o
                0x0000d2d8                mp_obj_print_helper
 .text.mp_obj_print
                0x0000d328       0x10 build/py/obj.o
                0x0000d328                mp_obj_print
 .text.mp_obj_print_exception
                0x0000d338       0xc8 build/py/obj.o
                0x0000d338                mp_obj_print_exception
 .text.mp_obj_is_callable
                0x0000d400       0x28 build/py/obj.o
                0x0000d400                mp_obj_is_callable
 .text.mp_obj_hash
                0x0000d428       0xdc build/py/obj.o
                0x0000d428                mp_obj_hash
 .text.mp_obj_equal
                0x0000d504       0x98 build/py/obj.o
                0x0000d504                mp_obj_equal
 .text.mp_obj_get_int
                0x0000d59c       0x5c build/py/obj.o
                0x0000d59c                mp_obj_get_int
 .text.mp_obj_get_int_maybe
                0x0000d5f8       0x54 build/py/obj.o
                0x0000d5f8                mp_obj_get_int_maybe
 .text.mp_obj_get_float
                0x0000d64c       0x74 build/py/obj.o
                0x0000d64c                mp_obj_get_float
 .text.mp_obj_get_complex
                0x0000d6c0       0x90 build/py/obj.o
                0x0000d6c0                mp_obj_get_complex
 .text.mp_obj_get_array
                0x0000d750       0x4c build/py/obj.o
                0x0000d750                mp_obj_get_array
 .text.mp_obj_get_array_fixed_n
                0x0000d79c       0x2c build/py/obj.o
                0x0000d79c                mp_obj_get_array_fixed_n
 .text.mp_get_index
                0x0000d7c8       0x8c build/py/obj.o
                0x0000d7c8                mp_get_index
 .text.mp_obj_id
                0x0000d854       0x18 build/py/obj.o
                0x0000d854                mp_obj_id
 .text.mp_obj_len_maybe
                0x0000d86c       0x48 build/py/obj.o
                0x0000d86c                mp_obj_len_maybe
 .text.mp_obj_is_true
                0x0000d8b4       0x68 build/py/obj.o
                0x0000d8b4                mp_obj_is_true
 .text.mp_obj_len
                0x0000d91c       0x28 build/py/obj.o
                0x0000d91c                mp_obj_len
 .text.mp_obj_subscr
                0x0000d944       0x60 build/py/obj.o
                0x0000d944                mp_obj_subscr
 .text.mp_get_buffer
                0x0000d9a4       0x26 build/py/obj.o
                0x0000d9a4                mp_get_buffer
 *fill*         0x0000d9ca        0x2 ff
 .text.mp_get_buffer_raise
                0x0000d9cc       0x20 build/py/obj.o
                0x0000d9cc                mp_get_buffer_raise
 .text.array_unary_op
                0x0000d9ec       0x2c build/py/objarray.o
 .text.array_get_buffer
                0x0000da18       0x2a build/py/objarray.o
 *fill*         0x0000da42        0x2 ff
 .text.array_extend
                0x0000da44       0xa4 build/py/objarray.o
 .text.array_append
                0x0000dae8       0xa4 build/py/objarray.o
 .text.array_iterator_new
                0x0000db8c       0x18 build/py/objarray.o
 .text.array_it_iternext
                0x0000dba4       0x28 build/py/objarray.o
 .text.array_print
                0x0000dbcc       0x84 build/py/objarray.o
 .text.array_new
                0x0000dc50       0x60 build/py/objarray.o
 .text.array_subscr
                0x0000dcb0       0xc8 build/py/objarray.o
 .text.array_binary_op
                0x0000dd78       0xbc build/py/objarray.o
 .text.array_construct
                0x0000de34       0xb0 build/py/objarray.o
 .text.array_make_new
                0x0000dee4       0x36 build/py/objarray.o
 *fill*         0x0000df1a        0x2 ff
 .text.bytearray_make_new
                0x0000df1c       0x6c build/py/objarray.o
 .text.bool_unary_op
                0x0000df88       0x3c build/py/objbool.o
 .text.bool_binary_op
                0x0000dfc4       0x26 build/py/objbool.o
 *fill*         0x0000dfea        0x2 ff
 .text.bool_print
                0x0000dfec       0x1c build/py/objbool.o
 .text.bool_make_new
                0x0000e008       0x3c build/py/objbool.o
 .text.bound_meth_call
                0x0000e044       0x70 build/py/objboundmeth.o
 .text.mp_obj_new_bound_meth
                0x0000e0b4       0x18 build/py/objboundmeth.o
                0x0000e0b4                mp_obj_new_bound_meth
 .text.mp_obj_cell_get
                0x0000e0cc        0x4 build/py/objcell.o
                0x0000e0cc                mp_obj_cell_get
 .text.mp_obj_cell_set
                0x0000e0d0        0x4 build/py/objcell.o
                0x0000e0d0                mp_obj_cell_set
 .text.mp_obj_new_cell
                0x0000e0d4       0x18 build/py/objcell.o
                0x0000e0d4                mp_obj_new_cell
 .text.closure_call
                0x0000e0ec       0x94 build/py/objclosure.o
 .text.mp_obj_new_closure
                0x0000e180       0x34 build/py/objclosure.o
                0x0000e180                mp_obj_new_closure
 .text.complex_print
                0x0000e1b4       0x88 build/py/objcomplex.o
 .text.complex_load_attr
                0x0000e23c       0x1a build/py/objcomplex.o
 *fill*         0x0000e256        0x2 ff
 .text.mp_obj_new_complex
                0x0000e258       0x1c build/py/objcomplex.o
                0x0000e258                mp_obj_new_complex
 .text.complex_unary_op
                0x0000e274       0x58 build/py/objcomplex.o
 .text.mp_obj_complex_get
                0x0000e2cc       0x34 build/py/objcomplex.o
                0x0000e2cc                mp_obj_complex_get
 .text.complex_make_new
                0x0000e300       0xd0 build/py/objcomplex.o
 .text.mp_obj_complex_binary_op
                0x0000e3d0      0x24c build/py/objcomplex.o
                0x0000e3d0                mp_obj_complex_binary_op
 .text.complex_binary_op
                0x0000e61c       0x12 build/py/objcomplex.o
 *fill*         0x0000e62e        0x2 ff
 .text.dict_unary_op
                0x0000e630       0x30 build/py/objdict.o
 .text.dict_getiter
                0x0000e660       0x1c build/py/objdict.o
 .text.dict_iter_next
                0x0000e67c       0x32 build/py/objdict.o
 .text.dict_it_iternext
                0x0000e6ae       0x16 build/py/objdict.o
 .text.dict_print
                0x0000e6c4       0x68 build/py/objdict.o
 .text.dict_get_helper
                0x0000e72c       0x4c build/py/objdict.o
 .text.dict_setdefault
                0x0000e778       0x60 build/py/objdict.o
 .text.dict_pop
                0x0000e7d8       0x60 build/py/objdict.o
 .text.dict_get
                0x0000e838       0x60 build/py/objdict.o
 .text.dict_view
                0x0000e898       0x44 build/py/objdict.o
 .text.dict_values
                0x0000e8dc        0x6 build/py/objdict.o
 .text.dict_keys
                0x0000e8e2        0x6 build/py/objdict.o
 .text.dict_items
                0x0000e8e8        0x6 build/py/objdict.o
 *fill*         0x0000e8ee        0x2 ff
 .text.dict_view_getiter
                0x0000e8f0       0x4c build/py/objdict.o
 .text.dict_view_it_iternext
                0x0000e93c       0x64 build/py/objdict.o
 .text.dict_view_print
                0x0000e9a0       0x90 build/py/objdict.o
 .text.dict_popitem
                0x0000ea30       0x74 build/py/objdict.o
 .text.dict_clear
                0x0000eaa4       0x38 build/py/objdict.o
 .text.dict_binary_op
                0x0000eadc       0x88 build/py/objdict.o
 .text.dict_view_binary_op
                0x0000eb64       0x1a build/py/objdict.o
 *fill*         0x0000eb7e        0x2 ff
 .text.dict_update
                0x0000eb80      0x11c build/py/objdict.o
 .text.mp_obj_dict_get
                0x0000ec9c       0x24 build/py/objdict.o
                0x0000ec9c                mp_obj_dict_get
 .text.mp_obj_dict_init
                0x0000ecc0       0x10 build/py/objdict.o
                0x0000ecc0                mp_obj_dict_init
 .text.mp_obj_new_dict
                0x0000ecd0       0x16 build/py/objdict.o
                0x0000ecd0                mp_obj_new_dict
 *fill*         0x0000ece6        0x2 ff
 .text.dict_fromkeys
                0x0000ece8       0x64 build/py/objdict.o
 .text.dict_copy
                0x0000ed4c       0x64 build/py/objdict.o
 .text.dict_make_new
                0x0000edb0       0x38 build/py/objdict.o
 .text.mp_obj_dict_len
                0x0000ede8        0x6 build/py/objdict.o
                0x0000ede8                mp_obj_dict_len
 *fill*         0x0000edee        0x2 ff
 .text.mp_obj_dict_store
                0x0000edf0       0x40 build/py/objdict.o
                0x0000edf0                mp_obj_dict_store
 .text.mp_obj_dict_delete
                0x0000ee30       0x3c build/py/objdict.o
                0x0000ee30                mp_obj_dict_delete
 .text.dict_subscr
                0x0000ee6c       0x3c build/py/objdict.o
 .text.mp_obj_dict_get_map
                0x0000eea8       0x30 build/py/objdict.o
                0x0000eea8                mp_obj_dict_get_map
 .text.enumerate_make_new
                0x0000eed8       0x3c build/py/objenumerate.o
 .text.enumerate_iternext
                0x0000ef14       0x54 build/py/objenumerate.o
 .text.mp_obj_exception_make_new
                0x0000ef68       0x4c build/py/objexcept.o
                0x0000ef68                mp_obj_exception_make_new
 .text.exc___init__
                0x0000efb4       0x18 build/py/objexcept.o
 .text.mp_obj_exception_print
                0x0000efcc       0x84 build/py/objexcept.o
 .text.mp_init_emergency_exception_buf
                0x0000f050       0x10 build/py/objexcept.o
                0x0000f050                mp_init_emergency_exception_buf
 .text.mp_alloc_emergency_exception_buf
                0x0000f060       0x40 build/py/objexcept.o
                0x0000f060                mp_alloc_emergency_exception_buf
 .text.mp_obj_exception_get_value
                0x0000f0a0       0x14 build/py/objexcept.o
                0x0000f0a0                mp_obj_exception_get_value
 .text.exception_load_attr
                0x0000f0b4       0x28 build/py/objexcept.o
 .text.mp_obj_new_exception_args
                0x0000f0dc       0x34 build/py/objexcept.o
                0x0000f0dc                mp_obj_new_exception_args
 .text.mp_obj_new_exception
                0x0000f110        0x8 build/py/objexcept.o
                0x0000f110                mp_obj_new_exception
 .text.mp_obj_new_exception_arg1
                0x0000f118       0x14 build/py/objexcept.o
                0x0000f118                mp_obj_new_exception_arg1
 .text.mp_obj_new_exception_msg_varg
                0x0000f12c      0x138 build/py/objexcept.o
                0x0000f12c                mp_obj_new_exception_msg_varg
 .text.mp_obj_new_exception_msg
                0x0000f264        0x4 build/py/objexcept.o
                0x0000f264                mp_obj_new_exception_msg
 .text.mp_obj_is_exception_type
                0x0000f268       0x2c build/py/objexcept.o
                0x0000f268                mp_obj_is_exception_type
 .text.mp_obj_is_exception_instance
                0x0000f294        0xe build/py/objexcept.o
                0x0000f294                mp_obj_is_exception_instance
 .text.mp_obj_exception_match
                0x0000f2a2       0x20 build/py/objexcept.o
                0x0000f2a2                mp_obj_exception_match
 *fill*         0x0000f2c2        0x2 ff
 .text.mp_obj_exception_add_traceback
                0x0000f2c4       0x90 build/py/objexcept.o
                0x0000f2c4                mp_obj_exception_add_traceback
 .text.mp_obj_exception_get_traceback
                0x0000f354       0x4c build/py/objexcept.o
                0x0000f354                mp_obj_exception_get_traceback
 .text.filter_make_new
                0x0000f3a0       0x32 build/py/objfilter.o
 *fill*         0x0000f3d2        0x2 ff
 .text.filter_iternext
                0x0000f3d4       0x60 build/py/objfilter.o
 .text.float_print
                0x0000f434       0x4c build/py/objfloat.o
 .text.mp_obj_new_float
                0x0000f480       0x18 build/py/objfloat.o
                0x0000f480                mp_obj_new_float
 .text.float_unary_op
                0x0000f498       0x40 build/py/objfloat.o
 .text.float_make_new
                0x0000f4d8       0x60 build/py/objfloat.o
 .text.mp_obj_float_get
                0x0000f538       0x30 build/py/objfloat.o
                0x0000f538                mp_obj_float_get
 .text.mp_obj_float_divmod
                0x0000f568       0xd0 build/py/objfloat.o
                0x0000f568                mp_obj_float_divmod
 .text.mp_obj_float_binary_op
                0x0000f638      0x154 build/py/objfloat.o
                0x0000f638                mp_obj_float_binary_op
 .text.float_binary_op
                0x0000f78c       0x30 build/py/objfloat.o
 .text.fun_native_call
                0x0000f7bc       0x60 build/py/objfun.o
 .text.fun_builtin_call
                0x0000f81c       0xa8 build/py/objfun.o
 .text.fun_bc_call
                0x0000f8c4       0xfc build/py/objfun.o
 .text.fun_viper_call
                0x0000f9c0       0xac build/py/objfun.o
 .text.convert_obj_for_inline_asm
                0x0000fa6c       0xc0 build/py/objfun.o
 .text.fun_asm_call
                0x0000fb2c       0x90 build/py/objfun.o
 .text.mp_obj_code_get_name
                0x0000fbbc       0x1c build/py/objfun.o
                0x0000fbbc                mp_obj_code_get_name
 .text.mp_obj_fun_get_name
                0x0000fbd8        0x6 build/py/objfun.o
                0x0000fbd8                mp_obj_fun_get_name
 *fill*         0x0000fbde        0x2 ff
 .text.fun_bc_print
                0x0000fbe0       0x20 build/py/objfun.o
 .text.mp_obj_new_fun_bc
                0x0000fc00       0xb4 build/py/objfun.o
                0x0000fc00                mp_obj_new_fun_bc
 .text.mp_obj_new_fun_native
                0x0000fcb4       0x38 build/py/objfun.o
                0x0000fcb4                mp_obj_new_fun_native
 .text.mp_obj_new_fun_viper
                0x0000fcec       0x1c build/py/objfun.o
                0x0000fcec                mp_obj_new_fun_viper
 .text.mp_obj_new_fun_asm
                0x0000fd08       0x18 build/py/objfun.o
                0x0000fd08                mp_obj_new_fun_asm
 .text.gen_wrap_call
                0x0000fd20       0xa4 build/py/objgenerator.o
 .text.gen_instance_print
                0x0000fdc4       0x20 build/py/objgenerator.o
 .text.mp_obj_new_gen_wrap
                0x0000fde4       0x18 build/py/objgenerator.o
                0x0000fde4                mp_obj_new_gen_wrap
 .text.mp_obj_gen_resume
                0x0000fdfc       0x94 build/py/objgenerator.o
                0x0000fdfc                mp_obj_gen_resume
 .text.gen_resume_and_raise
                0x0000fe90       0x78 build/py/objgenerator.o
 .text.gen_instance_throw
                0x0000ff08       0x34 build/py/objgenerator.o
 .text.gen_instance_send
                0x0000ff3c       0x1c build/py/objgenerator.o
 .text.gen_instance_iternext
                0x0000ff58        0xc build/py/objgenerator.o
 .text.gen_instance_close
                0x0000ff64       0x64 build/py/objgenerator.o
 .text.it_iternext
                0x0000ffc8       0x50 build/py/objgetitemiter.o
 .text.mp_obj_new_getitem_iter
                0x00010018       0x20 build/py/objgetitemiter.o
                0x00010018                mp_obj_new_getitem_iter
 .text.int_to_bytes
                0x00010038       0x48 build/py/objint.o
 .text.int_from_bytes
                0x00010080       0x2e build/py/objint.o
 *fill*         0x000100ae        0x2 ff
 .text.mp_obj_int_make_new
                0x000100b0       0xa0 build/py/objint.o
 .text.mp_classify_fp_as_int
                0x00010150       0x18 build/py/objint.o
                0x00010150                mp_classify_fp_as_int
 .text.mp_obj_int_formatted
                0x00010168      0x17c build/py/objint.o
                0x00010168                mp_obj_int_formatted
 .text.mp_obj_int_print
                0x000102e4       0x44 build/py/objint.o
                0x000102e4                mp_obj_int_print
 .text.mp_obj_int_binary_op_extra_cases
                0x00010328       0x6c build/py/objint.o
                0x00010328                mp_obj_int_binary_op_extra_cases
 .text.mp_obj_int_new_mpz
                0x00010394       0x1c build/py/objint_mpz.o
 .text.mp_obj_int_formatted_impl
                0x000103b0       0x80 build/py/objint_mpz.o
                0x000103b0                mp_obj_int_formatted_impl
 .text.mp_obj_int_hash
                0x00010430        0xe build/py/objint_mpz.o
                0x00010430                mp_obj_int_hash
 .text.mp_obj_int_is_positive
                0x0001043e       0x14 build/py/objint_mpz.o
                0x0001043e                mp_obj_int_is_positive
 *fill*         0x00010452        0x2 ff
 .text.mp_obj_int_unary_op
                0x00010454       0x58 build/py/objint_mpz.o
                0x00010454                mp_obj_int_unary_op
 .text.mp_obj_new_int_from_ll
                0x000104ac       0x20 build/py/objint_mpz.o
                0x000104ac                mp_obj_new_int_from_ll
 .text.mp_obj_new_int
                0x000104cc       0x14 build/py/objint_mpz.o
                0x000104cc                mp_obj_new_int
 .text.mp_obj_new_int_from_ull
                0x000104e0       0x20 build/py/objint_mpz.o
                0x000104e0                mp_obj_new_int_from_ull
 .text.mp_obj_new_int_from_uint
                0x00010500       0x14 build/py/objint_mpz.o
                0x00010500                mp_obj_new_int_from_uint
 .text.mp_obj_new_int_from_float
                0x00010514       0x58 build/py/objint_mpz.o
                0x00010514                mp_obj_new_int_from_float
 .text.mp_obj_new_int_from_str_len
                0x0001056c       0x30 build/py/objint_mpz.o
                0x0001056c                mp_obj_new_int_from_str_len
 .text.mp_obj_int_get_truncated
                0x0001059c        0xe build/py/objint_mpz.o
                0x0001059c                mp_obj_int_get_truncated
 *fill*         0x000105aa        0x2 ff
 .text.mp_obj_int_get_checked
                0x000105ac       0x34 build/py/objint_mpz.o
                0x000105ac                mp_obj_int_get_checked
 .text.mp_obj_int_binary_op
                0x000105e0      0x290 build/py/objint_mpz.o
                0x000105e0                mp_obj_int_binary_op
 .text.mp_obj_int_as_float
                0x00010870       0x18 build/py/objint_mpz.o
                0x00010870                mp_obj_int_as_float
 .text.list_unary_op
                0x00010888       0x2c build/py/objlist.o
 .text.list_it_iternext
                0x000108b4       0x1c build/py/objlist.o
 .text.mp_obj_list_append
                0x000108d0       0x78 build/py/objlist.o
                0x000108d0                mp_obj_list_append
 .text.mp_quicksort
                0x00010948       0xc6 build/py/objlist.o
 *fill*         0x00010a0e        0x2 ff
 .text.list_pop
                0x00010a10       0xc0 build/py/objlist.o
 .text.list_extend_from_iter
                0x00010ad0       0x22 build/py/objlist.o
 *fill*         0x00010af2        0x2 ff
 .text.list_print
                0x00010af4       0x48 build/py/objlist.o
 .text.list_reverse
                0x00010b3c       0x64 build/py/objlist.o
 .text.list_insert
                0x00010ba0       0x74 build/py/objlist.o
 .text.list_clear
                0x00010c14       0x54 build/py/objlist.o
 .text.mp_obj_list_sort
                0x00010c68       0x88 build/py/objlist.o
                0x00010c68                mp_obj_list_sort
 .text.list_index
                0x00010cf0       0x54 build/py/objlist.o
 .text.mp_obj_list_remove
                0x00010d44       0x50 build/py/objlist.o
                0x00010d44                mp_obj_list_remove
 .text.list_extend
                0x00010d94       0x98 build/py/objlist.o
 .text.list_count
                0x00010e2c       0x3c build/py/objlist.o
 .text.list_getiter
                0x00010e68       0x1c build/py/objlist.o
 .text.mp_obj_list_init
                0x00010e84       0x38 build/py/objlist.o
                0x00010e84                mp_obj_list_init
 .text.list_new
                0x00010ebc       0x16 build/py/objlist.o
 *fill*         0x00010ed2        0x2 ff
 .text.list_binary_op
                0x00010ed4      0x108 build/py/objlist.o
 .text.list_make_new
                0x00010fdc       0x36 build/py/objlist.o
 .text.mp_obj_new_list
                0x00011012       0x20 build/py/objlist.o
                0x00011012                mp_obj_new_list
 *fill*         0x00011032        0x2 ff
 .text.list_copy
                0x00011034       0x3c build/py/objlist.o
 .text.mp_obj_list_get
                0x00011070        0xa build/py/objlist.o
                0x00011070                mp_obj_list_get
 .text.mp_obj_list_set_len
                0x0001107a        0x4 build/py/objlist.o
                0x0001107a                mp_obj_list_set_len
 .text.mp_obj_list_store
                0x0001107e       0x1c build/py/objlist.o
                0x0001107e                mp_obj_list_store
 *fill*         0x0001109a        0x2 ff
 .text.list_subscr
                0x0001109c      0x1e0 build/py/objlist.o
 .text.map_make_new
                0x0001127c       0x50 build/py/objmap.o
 .text.map_iternext
                0x000112cc       0x78 build/py/objmap.o
 .text.module_store_attr
                0x00011344       0x24 build/py/objmodule.o
 .text.module_load_attr
                0x00011368       0x1c build/py/objmodule.o
 .text.module_print
                0x00011384       0x44 build/py/objmodule.o
 .text.mp_obj_new_module
                0x000113c8       0x48 build/py/objmodule.o
                0x000113c8                mp_obj_new_module
 .text.mp_obj_module_get_globals
                0x00011410       0x30 build/py/objmodule.o
                0x00011410                mp_obj_module_get_globals
 .text.mp_module_init
                0x00011440        0xc build/py/objmodule.o
                0x00011440                mp_module_init
 .text.mp_module_get
                0x0001144c       0x30 build/py/objmodule.o
                0x0001144c                mp_module_get
 .text.object___init__
                0x0001147c        0x8 build/py/objobject.o
 .text.object___new__
                0x00011484       0x18 build/py/objobject.o
 .text.object_make_new
                0x0001149c       0x1e build/py/objobject.o
 .text.property_deleter
                0x000114ba       0x1c build/py/objproperty.o
 .text.property_setter
                0x000114d6       0x1c build/py/objproperty.o
 .text.property_getter
                0x000114f2       0x1c build/py/objproperty.o
 *fill*         0x0001150e        0x2 ff
 .text.property_make_new
                0x00011510       0x48 build/py/objproperty.o
 .text.mp_obj_property_get
                0x00011558       0x30 build/py/objproperty.o
                0x00011558                mp_obj_property_get
 .text.none_print
                0x00011588       0x10 build/py/objnone.o
 .text.none_unary_op
                0x00011598       0x10 build/py/objnone.o
 .text.new_namedtuple_type
                0x000115a8       0xa8 build/py/objnamedtuple.o
 .text.namedtuple_store_attr
                0x00011650       0x18 build/py/objnamedtuple.o
 .text.namedtuple_make_new
                0x00011668       0xe0 build/py/objnamedtuple.o
 .text.namedtuple_print
                0x00011748       0x74 build/py/objnamedtuple.o
 .text.namedtuple_load_attr
                0x000117bc       0x2a build/py/objnamedtuple.o
 .text.range_it_iternext
                0x000117e6       0x2c build/py/objrange.o
 .text.range_len
                0x00011812       0x1e build/py/objrange.o
 .text.range_unary_op
                0x00011830       0x34 build/py/objrange.o
 .text.range_getiter
                0x00011864       0x20 build/py/objrange.o
 .text.range_make_new
                0x00011884       0x5c build/py/objrange.o
 .text.range_print
                0x000118e0       0x34 build/py/objrange.o
 .text.range_subscr
                0x00011914       0x68 build/py/objrange.o
 .text.reversed_iternext
                0x0001197c       0x48 build/py/objreversed.o
 .text.reversed_make_new
                0x000119c4       0x50 build/py/objreversed.o
 .text.set_unary_op
                0x00011a14       0x2c build/py/objset.o
 .text.set_update_int
                0x00011a40       0x24 build/py/objset.o
 .text.set_getiter
                0x00011a64       0x1c build/py/objset.o
 .text.set_copy_as_mutable
                0x00011a80       0x30 build/py/objset.o
 .text.set_update
                0x00011ab0       0x40 build/py/objset.o
 .text.check_set
                0x00011af0       0x28 build/py/objset.o
 .text.set_symmetric_difference_update
                0x00011b18       0x30 build/py/objset.o
 .text.set_isdisjoint
                0x00011b48       0x3c build/py/objset.o
 .text.set_add  0x00011b84       0x1c build/py/objset.o
 .text.set_discard
                0x00011ba0       0x1c build/py/objset.o
 .text.set_copy
                0x00011bbc       0x14 build/py/objset.o
 .text.set_union
                0x00011bd0       0x1c build/py/objset.o
 .text.set_symmetric_difference
                0x00011bec       0x20 build/py/objset.o
 .text.set_clear
                0x00011c0c       0x18 build/py/objset.o
 .text.set_diff_int
                0x00011c24       0x7c build/py/objset.o
 .text.set_diff_update
                0x00011ca0       0x10 build/py/objset.o
 .text.set_diff
                0x00011cb0        0x6 build/py/objset.o
 *fill*         0x00011cb6        0x2 ff
 .text.set_remove
                0x00011cb8       0x2c build/py/objset.o
 .text.set_pop  0x00011ce4       0x28 build/py/objset.o
 .text.set_print
                0x00011d0c       0x70 build/py/objset.o
 .text.set_it_iternext
                0x00011d7c       0x60 build/py/objset.o
 .text.mp_obj_new_set
                0x00011ddc       0x40 build/py/objset.o
                0x00011ddc                mp_obj_new_set
 .text.set_intersect_int
                0x00011e1c       0x88 build/py/objset.o
 .text.set_intersect_update
                0x00011ea4        0x6 build/py/objset.o
 .text.set_intersect
                0x00011eaa        0x6 build/py/objset.o
 .text.mp_obj_set_store
                0x00011eb0       0x38 build/py/objset.o
                0x00011eb0                mp_obj_set_store
 .text.set_make_new
                0x00011ee8       0x54 build/py/objset.o
 .text.set_issubset_internal
                0x00011f3c       0xc4 build/py/objset.o
 .text.set_issuperset
                0x00012000        0xc build/py/objset.o
 .text.set_issubset
                0x0001200c        0x6 build/py/objset.o
 *fill*         0x00012012        0x2 ff
 .text.set_binary_op
                0x00012014       0xc8 build/py/objset.o
 .text.ellipsis_print
                0x000120dc       0x10 build/py/objslice.o
 .text.slice_print
                0x000120ec       0x54 build/py/objslice.o
 .text.mp_obj_new_slice
                0x00012140       0x1c build/py/objslice.o
                0x00012140                mp_obj_new_slice
 .text.mp_obj_slice_get
                0x0001215c       0x38 build/py/objslice.o
                0x0001215c                mp_obj_slice_get
 .text.str_to_int
                0x00012194       0x36 build/py/objstr.o
 *fill*         0x000121ca        0x2 ff
 .text.arg_looks_integer
                0x000121cc       0x34 build/py/objstr.o
 .text.arg_looks_numeric
                0x00012200       0x28 build/py/objstr.o
 .text.bytes_it_iternext
                0x00012228       0x3a build/py/objstr.o
 .text.find_subbytes
                0x00012262       0x44 build/py/objstr.o
 *fill*         0x000122a6        0x2 ff
 .text.str_endswith
                0x000122a8       0x88 build/py/objstr.o
 .text.str_startswith
                0x00012330       0x90 build/py/objstr.o
 .text.unlikely.bad_implicit_conversion
                0x000123c0       0x1c build/py/objstr.o
 .text.str_finder
                0x000123dc      0x130 build/py/objstr.o
 .text.str_find
                0x0001250c        0x8 build/py/objstr.o
 .text.str_rfind
                0x00012514        0xa build/py/objstr.o
 .text.str_index
                0x0001251e        0x8 build/py/objstr.o
 .text.str_rindex
                0x00012526        0xa build/py/objstr.o
 .text.str_count
                0x00012530      0x134 build/py/objstr.o
 .text.str_uni_istype
                0x00012664       0x84 build/py/objstr.o
 .text.str_isspace
                0x000126e8        0xc build/py/objstr.o
 .text.str_isalpha
                0x000126f4        0xc build/py/objstr.o
 .text.str_isdigit
                0x00012700        0xc build/py/objstr.o
 .text.str_isupper
                0x0001270c        0xc build/py/objstr.o
 .text.str_islower
                0x00012718        0xc build/py/objstr.o
 .text.mp_obj_new_bytes_iterator
                0x00012724       0x1c build/py/objstr.o
 .text.mp_obj_new_str_iterator
                0x00012740       0x1c build/py/objstr.o
                0x00012740                mp_obj_new_str_iterator
 .text.mp_obj_str_get_buffer
                0x0001275c       0x40 build/py/objstr.o
                0x0001275c                mp_obj_str_get_buffer
 .text.mp_str_print_quoted
                0x0001279c       0xc0 build/py/objstr.o
                0x0001279c                mp_str_print_quoted
 .text.str_print
                0x0001285c       0x70 build/py/objstr.o
 .text.mp_obj_new_str_of_type
                0x000128cc       0x38 build/py/objstr.o
                0x000128cc                mp_obj_new_str_of_type
 .text.str_uni_strip
                0x00012904      0x194 build/py/objstr.o
 .text.str_strip
                0x00012a98        0xc build/py/objstr.o
 .text.str_lstrip
                0x00012aa4        0xc build/py/objstr.o
 .text.str_rstrip
                0x00012ab0        0xc build/py/objstr.o
 .text.str_partitioner
                0x00012abc      0x100 build/py/objstr.o
 .text.str_partition
                0x00012bbc        0x6 build/py/objstr.o
 .text.str_rpartition
                0x00012bc2        0x8 build/py/objstr.o
 *fill*         0x00012bca        0x2 ff
 .text.mp_obj_new_str_from_vstr
                0x00012bcc       0x60 build/py/objstr.o
                0x00012bcc                mp_obj_new_str_from_vstr
 .text.bytes_make_new.part.1
                0x00012c2c       0xf8 build/py/objstr.o
 .text.bytes_make_new