Archive member included to satisfy reference by file (symbol)

/usr/lib/x86_64-linux-gnu/libc_nonshared.a(elf-init.oS)
                              /usr/lib/gcc/x86_64-linux-gnu/4.8/../../../x86_64-linux-gnu/crt1.o (__libc_csu_init)
/usr/lib/x86_64-linux-gnu/libc_nonshared.a(stat.oS)
                              build/main.o (stat)

As-needed library included to satisfy reference by file (symbol)

libreadline.so.6              build/input.o (readline)
libdl.so.2                    build/modffi.o (dlclose@@GLIBC_2.2.5)
libffi.so.6                   build/modffi.o (ffi_type_void)
libm.so.6                     build/py/objfloat.o (fmod@@GLIBC_2.2.5)

Allocating common symbols
Common symbol       size              file

mp_showbc_code_start
                    0x8               build/py/showbc.o
mp_state_ctx        0x458             build/py/mpstate.o

Discarded input sections

 .note.GNU-stack
                0x0000000000000000        0x0 /usr/lib/gcc/x86_64-linux-gnu/4.8/../../../x86_64-linux-gnu/crt1.o
 .gnu_debuglink
                0x0000000000000000        0xc /usr/lib/gcc/x86_64-linux-gnu/4.8/../../../x86_64-linux-gnu/crt1.o
 .note.GNU-stack
                0x0000000000000000        0x0 /usr/lib/gcc/x86_64-linux-gnu/4.8/../../../x86_64-linux-gnu/crti.o
 .gnu_debuglink
                0x0000000000000000        0xc /usr/lib/gcc/x86_64-linux-gnu/4.8/../../../x86_64-linux-gnu/crti.o
 .note.GNU-stack
                0x0000000000000000        0x0 /usr/lib/gcc/x86_64-linux-gnu/4.8/crtbegin.o
 .note.GNU-stack
                0x0000000000000000        0x0 build/py/mpstate.o
 .note.GNU-stack
                0x0000000000000000        0x0 build/py/nlrsetjmp.o
 .note.GNU-stack
                0x0000000000000000        0x0 build/py/malloc.o
 .note.GNU-stack
                0x0000000000000000        0x0 build/py/gc.o
 .note.GNU-stack
                0x0000000000000000        0x0 build/py/qstr.o
 .note.GNU-stack
                0x0000000000000000        0x0 build/py/vstr.o
 .note.GNU-stack
                0x0000000000000000        0x0 build/py/unicode.o
 .note.GNU-stack
                0x0000000000000000        0x0 build/py/mpz.o
 .note.GNU-stack
                0x0000000000000000        0x0 build/py/lexer.o
 .note.GNU-stack
                0x0000000000000000        0x0 build/py/lexerstr.o
 .note.GNU-stack
                0x0000000000000000        0x0 build/py/lexerunix.o
 .note.GNU-stack
                0x0000000000000000        0x0 build/py/parse.o
 .note.GNU-stack
                0x0000000000000000        0x0 build/py/scope.o
 .note.GNU-stack
                0x0000000000000000        0x0 build/py/compile.o
 .note.GNU-stack
                0x0000000000000000        0x0 build/py/emitcommon.o
 .note.GNU-stack
                0x0000000000000000        0x0 build/py/emitpass1.o
 .note.GNU-stack
                0x0000000000000000        0x0 build/py/emitcpy.o
 .note.GNU-stack
                0x0000000000000000        0x0 build/py/emitbc.o
 .note.GNU-stack
                0x0000000000000000        0x0 build/py/asmx64.o
 .note.GNU-stack
                0x0000000000000000        0x0 build/py/emitnx64.o
 .note.GNU-stack
                0x0000000000000000        0x0 build/py/asmx86.o
 .note.GNU-stack
                0x0000000000000000        0x0 build/py/emitnx86.o
 .note.GNU-stack
                0x0000000000000000        0x0 build/py/asmthumb.o
 .note.GNU-stack
                0x0000000000000000        0x0 build/py/emitnthumb.o
 .note.GNU-stack
                0x0000000000000000        0x0 build/py/emitinlinethumb.o
 .note.GNU-stack
                0x0000000000000000        0x0 build/py/asmarm.o
 .note.GNU-stack
                0x0000000000000000        0x0 build/py/emitnarm.o
 .note.GNU-stack
                0x0000000000000000        0x0 build/py/formatfloat.o
 .note.GNU-stack
                0x0000000000000000        0x0 build/py/parsenumbase.o
 .note.GNU-stack
                0x0000000000000000        0x0 build/py/parsenum.o
 .note.GNU-stack
                0x0000000000000000        0x0 build/py/emitglue.o
 .note.GNU-stack
                0x0000000000000000        0x0 build/py/runtime.o
 .note.GNU-stack
                0x0000000000000000        0x0 build/py/nativeglue.o
 .note.GNU-stack
                0x0000000000000000        0x0 build/py/stackctrl.o
 .note.GNU-stack
                0x0000000000000000        0x0 build/py/argcheck.o
 .note.GNU-stack
                0x0000000000000000        0x0 build/py/warning.o
 .note.GNU-stack
                0x0000000000000000        0x0 build/py/map.o
 .note.GNU-stack
                0x0000000000000000        0x0 build/py/obj.o
 .note.GNU-stack
                0x0000000000000000        0x0 build/py/objarray.o
 .note.GNU-stack
                0x0000000000000000        0x0 build/py/objbool.o
 .note.GNU-stack
                0x0000000000000000        0x0 build/py/objboundmeth.o
 .note.GNU-stack
                0x0000000000000000        0x0 build/py/objcell.o
 .note.GNU-stack
[...]
Memory Configuration

Name             Origin             Length             Attributes
*default*        0x0000000000000000 0xffffffffffffffff

Linker script and memory map

LOAD /usr/lib/gcc/x86_64-linux-gnu/4.8/../../../x86_64-linux-gnu/crt1.o
LOAD /usr/lib/gcc/x86_64-linux-gnu/4.8/../../../x86_64-linux-gnu/crti.o
LOAD /usr/lib/gcc/x86_64-linux-gnu/4.8/crtbegin.o
LOAD build/py/mpstate.o
LOAD build/py/nlrx86.o
LOAD build/py/nlrx64.o
LOAD build/py/nlrthumb.o
LOAD build/py/nlrxtensa.o
LOAD build/py/nlrsetjmp.o
LOAD build/py/malloc.o
LOAD build/py/gc.o
LOAD build/py/qstr.o
LOAD build/py/vstr.o
LOAD build/py/unicode.o
LOAD build/py/mpz.o
LOAD build/py/lexer.o
LOAD build/py/lexerstr.o
LOAD build/py/lexerunix.o
LOAD build/py/parse.o
LOAD build/py/scope.o
LOAD build/py/compile.o
LOAD build/py/emitcommon.o
LOAD build/py/emitpass1.o
LOAD build/py/emitcpy.o
LOAD build/py/emitbc.o
LOAD build/py/asmx64.o
LOAD build/py/emitnx64.o
LOAD build/py/asmx86.o
LOAD build/py/emitnx86.o
LOAD build/py/asmthumb.o
LOAD build/py/emitnthumb.o
LOAD build/py/emitinlinethumb.o
LOAD build/py/asmarm.o
LOAD build/py/emitnarm.o
LOAD build/py/formatfloat.o
LOAD build/py/parsenumbase.o
LOAD build/py/parsenum.o
LOAD build/py/emitglue.o
LOAD build/py/runtime.o
LOAD build/py/nativeglue.o
LOAD build/py/stackctrl.o
LOAD build/py/argcheck.o
LOAD build/py/warning.o
LOAD build/py/map.o
LOAD build/py/obj.o
LOAD build/py/objarray.o
LOAD build/py/objbool.o
LOAD build/py/objboundmeth.o
LOAD build/py/objcell.o
LOAD build/py/objclosure.o
LOAD build/py/objcomplex.o
LOAD build/py/objdict.o
LOAD build/py/objenumerate.o
LOAD build/py/objexcept.o
LOAD build/py/objfilter.o
LOAD build/py/objfloat.o
LOAD build/py/objfun.o
LOAD build/py/objgenerator.o
LOAD build/py/objgetitemiter.o
LOAD build/py/objint.o
LOAD build/py/objint_longlong.o
LOAD build/py/objint_mpz.o
LOAD build/py/objlist.o
LOAD build/py/objmap.o
LOAD build/py/objmodule.o
LOAD build/py/objobject.o
LOAD build/py/objproperty.o
LOAD build/py/objnone.o
LOAD build/py/objnamedtuple.o
LOAD build/py/objrange.o
LOAD build/py/objreversed.o
LOAD build/py/objset.o
LOAD build/py/objslice.o
LOAD build/py/objstr.o
LOAD build/py/objstrunicode.o
LOAD build/py/objstringio.o
LOAD build/py/objtuple.o
LOAD build/py/objtype.o
LOAD build/py/objzip.o
LOAD build/py/opmethods.o
LOAD build/py/sequence.o
LOAD build/py/stream.o
LOAD build/py/binary.o
LOAD build/py/builtinimport.o
LOAD build/py/builtinevex.o
LOAD build/py/modarray.o
LOAD build/py/modbuiltins.o
LOAD build/py/modcollections.o
LOAD build/py/modgc.o
LOAD build/py/modio.o
LOAD build/py/modmath.o
LOAD build/py/modcmath.o
LOAD build/py/modmicropython.o
LOAD build/py/modstruct.o
LOAD build/py/modsys.o
LOAD build/py/vm.o
LOAD build/py/bc.o
LOAD build/py/showbc.o
LOAD build/py/repl.o
LOAD build/py/smallint.o
LOAD build/py/pfenv.o
LOAD build/py/pfenv_printf.o
LOAD build/py/frozenmod.o
LOAD build/py/../extmod/moductypes.o
LOAD build/py/../extmod/modujson.o
LOAD build/py/../extmod/modure.o
LOAD build/py/../extmod/moduzlib.o
LOAD build/py/../extmod/moduheapq.o
LOAD build/py/../extmod/moduhashlib.o
LOAD build/py/../extmod/modubinascii.o
LOAD build/main.o
LOAD build/gccollect.o
LOAD build/input.o
LOAD build/file.o
LOAD build/modos.o
LOAD build/alloc.o
LOAD build/modtime.o
LOAD build/modtermios.o
LOAD build/modsocket.o
LOAD build/modffi.o
LOAD /usr/lib/gcc/x86_64-linux-gnu/4.8/../../../x86_64-linux-gnu/libreadline.so
LOAD /usr/lib/gcc/x86_64-linux-gnu/4.8/../../../x86_64-linux-gnu/libdl.so
LOAD /usr/lib/gcc/x86_64-linux-gnu/4.8/../../../x86_64-linux-gnu/libffi.so
LOAD /usr/lib/gcc/x86_64-linux-gnu/4.8/../../../x86_64-linux-gnu/libm.so
LOAD /usr/lib/gcc/x86_64-linux-gnu/4.8/libgcc.a
LOAD /usr/lib/gcc/x86_64-linux-gnu/4.8/libgcc_s.so
LOAD /usr/lib/gcc/x86_64-linux-gnu/4.8/../../../x86_64-linux-gnu/libc.so
START GROUP
LOAD /lib/x86_64-linux-gnu/libc.so.6
LOAD /usr/lib/x86_64-linux-gnu/libc_nonshared.a
LOAD /lib/x86_64-linux-gnu/ld-linux-x86-64.so.2
END GROUP
LOAD /usr/lib/gcc/x86_64-linux-gnu/4.8/libgcc.a
LOAD /usr/lib/gcc/x86_64-linux-gnu/4.8/libgcc_s.so
LOAD /usr/lib/gcc/x86_64-linux-gnu/4.8/crtend.o
LOAD /usr/lib/gcc/x86_64-linux-gnu/4.8/../../../x86_64-linux-gnu/crtn.o
                0x0000000000400000                PROVIDE (__executable_start, 0x400000)
                0x0000000000400238                . = (0x400000 + SIZEOF_HEADERS)

.interp         0x0000000000400238       0x1c
 *(.interp)
 .interp        0x0000000000400238       0x1c /usr/lib/gcc/x86_64-linux-gnu/4.8/../../../x86_64-linux-gnu/crt1.o

.note.ABI-tag   0x0000000000400254       0x20
 .note.ABI-tag  0x0000000000400254       0x20 /usr/lib/gcc/x86_64-linux-gnu/4.8/../../../x86_64-linux-gnu/crt1.o

.note.gnu.build-id
                0x0000000000400274       0x24
 *(.note.gnu.build-id)
 .note.gnu.build-id
                0x0000000000400274       0x24 /usr/lib/gcc/x86_64-linux-gnu/4.8/../../../x86_64-linux-gnu/crt1.o

.hash
 *(.hash)

.gnu.hash       0x0000000000400298       0xac
 *(.gnu.hash)
 .gnu.hash      0x0000000000400298       0xac /usr/lib/gcc/x86_64-linux-gnu/4.8/../../../x86_64-linux-gnu/crt1.o

.dynsym         0x0000000000400348      0xc48
 *(.dynsym)
 .dynsym        0x0000000000400348      0xc48 /usr/lib/gcc/x86_64-linux-gnu/4.8/../../../x86_64-linux-gnu/crt1.o

.dynstr         0x0000000000400f90      0x502
 *(.dynstr)
 .dynstr        0x0000000000400f90      0x502 /usr/lib/gcc/x86_64-linux-gnu/4.8/../../../x86_64-linux-gnu/crt1.o

.gnu.version    0x0000000000401492      0x106
 *(.gnu.version)
 .gnu.version   0x0000000000401492      0x106 /usr/lib/gcc/x86_64-linux-gnu/4.8/../../../x86_64-linux-gnu/crt1.o

.gnu.version_d  0x0000000000401598        0x0
 *(.gnu.version_d)
 .gnu.version_d
                0x0000000000000000        0x0 /usr/lib/gcc/x86_64-linux-gnu/4.8/../../../x86_64-linux-gnu/crt1.o

.gnu.version_r  0x0000000000401598       0xa0
 *(.gnu.version_r)
 .gnu.version_r
                0x0000000000401598       0xa0 /usr/lib/gcc/x86_64-linux-gnu/4.8/../../../x86_64-linux-gnu/crt1.o

.rela.dyn       0x0000000000401638      0x150
 *(.rela.init)
 *(.rela.text .rela.text.* .rela.gnu.linkonce.t.*)
 .rela.text     0x0000000000000000        0x0 /usr/lib/gcc/x86_64-linux-gnu/4.8/../../../x86_64-linux-gnu/crt1.o
 .rela.text.unlikely
                0x0000000000000000        0x0 /usr/lib/gcc/x86_64-linux-gnu/4.8/../../../x86_64-linux-gnu/crt1.o
 .rela.text.startup
                0x0000000000000000        0x0 /usr/lib/gcc/x86_64-linux-gnu/4.8/../../../x86_64-linux-gnu/crt1.o
 *(.rela.fini)
 *(.rela.rodata .rela.rodata.* .rela.gnu.linkonce.r.*)
 .rela.rodata   0x0000000000000000        0x0 /usr/lib/gcc/x86_64-linux-gnu/4.8/../../../x86_64-linux-gnu/crt1.o
 *(.rela.data .rela.data.* .rela.gnu.linkonce.d.*)
 *(.rela.tdata .rela.tdata.* .rela.gnu.linkonce.td.*)
 *(.rela.tbss .rela.tbss.* .rela.gnu.linkonce.tb.*)
 *(.rela.ctors)
 *(.rela.dtors)
 *(.rela.got)
 .rela.got      0x0000000000401638       0x18 /usr/lib/gcc/x86_64-linux-gnu/4.8/../../../x86_64-linux-gnu/crt1.o
 *(.rela.bss .rela.bss.* .rela.gnu.linkonce.b.*)
 .rela.bss      0x0000000000401650      0x138 /usr/lib/gcc/x86_64-linux-gnu/4.8/../../../x86_64-linux-gnu/crt1.o
 *(.rela.ldata .rela.ldata.* .rela.gnu.linkonce.l.*)
 *(.rela.lbss .rela.lbss.* .rela.gnu.linkonce.lb.*)
 *(.rela.lrodata .rela.lrodata.* .rela.gnu.linkonce.lr.*)
 *(.rela.ifunc)

.rela.plt       0x0000000000401788      0xa38
 *(.rela.plt)
 .rela.plt      0x0000000000401788      0xa38 /usr/lib/gcc/x86_64-linux-gnu/4.8/../../../x86_64-linux-gnu/crt1.o
                0x00000000004021c0                PROVIDE (__rela_iplt_start, .)
 *(.rela.iplt)
 .rela.iplt     0x0000000000000000        0x0 /usr/lib/gcc/x86_64-linux-gnu/4.8/../../../x86_64-linux-gnu/crt1.o
                0x00000000004021c0                PROVIDE (__rela_iplt_end, .)

.init           0x00000000004021c0       0x1a
 *(SORT(.init))
 .init          0x00000000004021c0       0x15 /usr/lib/gcc/x86_64-linux-gnu/4.8/../../../x86_64-linux-gnu/crti.o
                0x00000000004021c0                _init
 .init          0x00000000004021d5        0x5 /usr/lib/gcc/x86_64-linux-gnu/4.8/../../../x86_64-linux-gnu/crtn.o

.plt            0x00000000004021e0      0x6e0
 *(.plt)
 .plt           0x00000000004021e0      0x6e0 /usr/lib/gcc/x86_64-linux-gnu/4.8/../../../x86_64-linux-gnu/crt1.o
                0x00000000004021f0                getenv@@GLIBC_2.2.5
                0x0000000000402200                erfc@@GLIBC_2.2.5
                0x0000000000402210                ffi_prep_closure_loc
                0x0000000000402220                __snprintf_chk@@GLIBC_2.3.4
                0x0000000000402230                ffi_prep_cif
                0x0000000000402240                free@@GLIBC_2.2.5
                0x0000000000402250                erf@@GLIBC_2.2.5
                0x0000000000402260                recv@@GLIBC_2.2.5
                0x0000000000402270                putchar@@GLIBC_2.2.5
                0x0000000000402280                __vfprintf_chk@@GLIBC_2.3.4
                0x0000000000402290                atanh@@GLIBC_2.2.5
                0x00000000004022a0                __errno_location@@GLIBC_2.2.5
                0x00000000004022b0                ldexp@@GLIBC_2.2.5
                0x00000000004022c0                unlink@@GLIBC_2.2.5
                0x00000000004022d0                round@@GLIBC_2.2.5
                0x00000000004022e0                strncmp@@GLIBC_2.2.5
                0x00000000004022f0                puts@@GLIBC_2.2.5
                0x0000000000402300                __isnan@@GLIBC_2.2.5
                0x0000000000402310                sigaction@@GLIBC_2.2.5
                0x0000000000402320                __finite@@GLIBC_2.2.5
                0x0000000000402330                setsockopt@@GLIBC_2.2.5
                0x0000000000402340                exp@@GLIBC_2.2.5
                0x0000000000402350                __vprintf_chk@@GLIBC_2.3.4
                0x0000000000402360                add_history
                0x0000000000402370                __fpclassify@@GLIBC_2.2.5
                0x0000000000402380                fcntl@@GLIBC_2.2.5
                0x0000000000402390                write@@GLIBC_2.2.5
                0x00000000004023a0                cfgetispeed@@GLIBC_2.2.5
                0x00000000004023b0                lround@@GLIBC_2.2.5
                0x00000000004023c0                atan@@GLIBC_2.2.5
                0x00000000004023d0                clock@@GLIBC_2.2.5
                0x00000000004023e0                __stack_chk_fail@@GLIBC_2.4
                0x00000000004023f0                mmap@@GLIBC_2.2.5
                0x0000000000402400                __isinf@@GLIBC_2.2.5
                0x0000000000402410                system@@GLIBC_2.2.5
                0x0000000000402420                send@@GLIBC_2.2.5
                0x0000000000402430                lgamma@@GLIBC_2.2.5
                0x0000000000402440                strchr@@GLIBC_2.2.5
                0x0000000000402450                modf@@GLIBC_2.2.5
                0x0000000000402460                strrchr@@GLIBC_2.2.5
                0x0000000000402470                lseek@@GLIBC_2.2.5
                0x0000000000402480                gettimeofday@@GLIBC_2.2.5
                0x0000000000402490                log2@@GLIBC_2.2.5
                0x00000000004024a0                __assert_fail@@GLIBC_2.2.5
                0x00000000004024b0                memset@@GLIBC_2.2.5
                0x00000000004024c0                pow@@GLIBC_2.2.5
                0x00000000004024d0                sincos@@GLIBC_2.2.5
                0x00000000004024e0                log@@GLIBC_2.2.5
                0x00000000004024f0                readline
                0x0000000000402500                close@@GLIBC_2.2.5
                0x0000000000402510                __realpath_chk@@GLIBC_2.4
                0x0000000000402520                fmod@@GLIBC_2.2.5
                0x0000000000402530                cos@@GLIBC_2.2.5
                0x0000000000402540                acos@@GLIBC_2.2.5
                0x0000000000402550                read@@GLIBC_2.2.5
                0x0000000000402560                __libc_start_main@@GLIBC_2.2.5
                0x0000000000402570                memcmp@@GLIBC_2.2.5
                0x0000000000402580                frexp@@GLIBC_2.2.5
                0x0000000000402590                tgamma@@GLIBC_2.2.5
                0x00000000004025a0                strcmp@@GLIBC_2.2.5
                0x00000000004025b0                log10@@GLIBC_2.2.5
                0x00000000004025c0                __memcpy_chk@@GLIBC_2.3.4
                0x00000000004025d0                sigemptyset@@GLIBC_2.2.5
                0x00000000004025f0                strtol@@GLIBC_2.2.5
                0x0000000000402600                memcpy@@GLIBC_2.14
                0x0000000000402610                expm1@@GLIBC_2.2.5
                0x0000000000402620                cosh@@GLIBC_2.2.5
                0x0000000000402630                select@@GLIBC_2.2.5
                0x0000000000402640                __xstat@@GLIBC_2.2.5
                0x0000000000402650                dlopen@@GLIBC_2.2.5
                0x0000000000402660                sinh@@GLIBC_2.2.5
                0x0000000000402670                malloc@@GLIBC_2.2.5
                0x0000000000402680                tan@@GLIBC_2.2.5
                0x0000000000402690                listen@@GLIBC_2.2.5
                0x00000000004026a0                ffi_closure_alloc
                0x00000000004026b0                atan2@@GLIBC_2.2.5
                0x00000000004026c0                __vsnprintf_chk@@GLIBC_2.3.4
                0x00000000004026d0                dlclose@@GLIBC_2.2.5
                0x00000000004026e0                munmap@@GLIBC_2.2.5
                0x00000000004026f0                cfgetospeed@@GLIBC_2.2.5
                0x0000000000402700                __printf_chk@@GLIBC_2.3.4
                0x0000000000402710                bind@@GLIBC_2.2.5
                0x0000000000402720                memmove@@GLIBC_2.2.5
                0x0000000000402730                fsync@@GLIBC_2.2.5
                0x0000000000402740                ffi_call
                0x0000000000402750                tcgetattr@@GLIBC_2.2.5
                0x0000000000402760                tcsetattr@@GLIBC_2.2.5
                0x0000000000402770                open@@GLIBC_2.2.5
                0x0000000000402780                cfsetispeed@@GLIBC_2.2.5
                0x0000000000402790                perror@@GLIBC_2.2.5
                0x00000000004027a0                accept@@GLIBC_2.2.5
                0x00000000004027b0                sin@@GLIBC_2.2.5
                0x00000000004027c0                floor@@GLIBC_2.2.5
                0x00000000004027d0                tanh@@GLIBC_2.2.5
                0x00000000004027e0                asin@@GLIBC_2.2.5
                0x00000000004027f0                exit@@GLIBC_2.2.5
                0x0000000000402800                connect@@GLIBC_2.2.5
                0x0000000000402810                __fprintf_chk@@GLIBC_2.3.4
                0x0000000000402820                acosh@@GLIBC_2.2.5
                0x0000000000402830                sqrt@@GLIBC_2.2.5
                0x0000000000402840                getaddrinfo@@GLIBC_2.2.5
                0x0000000000402850                dlsym@@GLIBC_2.2.5
                0x0000000000402860                ceil@@GLIBC_2.2.5
                0x0000000000402870                __ctype_b_loc@@GLIBC_2.3
                0x0000000000402880                freeaddrinfo@@GLIBC_2.2.5
                0x0000000000402890                asinh@@GLIBC_2.2.5
                0x00000000004028a0                __sprintf_chk@@GLIBC_2.3.4
                0x00000000004028b0                socket@@GLIBC_2.2.5
 *(.iplt)
 .iplt          0x0000000000000000        0x0 /usr/lib/gcc/x86_64-linux-gnu/4.8/../../../x86_64-linux-gnu/crt1.o

.text           0x00000000004028c0    0x297a0
 *(.text.unlikely .text.*_unlikely .text.unlikely.*)
 .text.unlikely
                0x00000000004028c0       0x1a build/py/asmx64.o
 .text.unlikely
                0x00000000004028da       0x22 build/py/objstr.o
 .text.unlikely
                0x00000000004028fc       0x18 build/py/objstringio.o
 .text.unlikely
                0x0000000000402914       0x36 build/py/bc.o
 .text.unlikely
                0x000000000040294a       0x18 build/file.o
 *(.text.exit .text.exit.*)
 *(.text.startup .text.startup.*)
 .text.startup  0x0000000000402962      0x7c8 build/main.o
                0x0000000000402962                main
 *(.text.hot .text.hot.*)
 *(.text .stub .text.* .gnu.linkonce.t.*)
 .text          0x000000000040312a       0x2a /usr/lib/gcc/x86_64-linux-gnu/4.8/../../../x86_64-linux-gnu/crt1.o
                0x000000000040312a                _start
 .text          0x0000000000403154        0x0 /usr/lib/gcc/x86_64-linux-gnu/4.8/../../../x86_64-linux-gnu/crti.o
 *fill*         0x0000000000403154        0xc 
 .text          0x0000000000403160       0xbd /usr/lib/gcc/x86_64-linux-gnu/4.8/crtbegin.o
 .text          0x000000000040321d        0x0 build/py/mpstate.o
 .text          0x000000000040321d        0x0 build/py/nlrx86.o
 .text          0x000000000040321d       0x9b build/py/nlrx64.o
                0x000000000040321d                nlr_push
                0x0000000000403256                nlr_pop
                0x0000000000403268                nlr_jump
 .text          0x00000000004032b8        0x0 build/py/nlrthumb.o
 .text          0x00000000004032b8        0x0 build/py/nlrxtensa.o
 .text          0x00000000004032b8        0x0 build/py/nlrsetjmp.o
 .text          0x00000000004032b8      0x1b1 build/py/malloc.o
                0x00000000004032b8                m_malloc
                0x00000000004032fd                m_malloc_maybe
                0x000000000040332f                m_malloc_with_finaliser
                0x0000000000403377                m_malloc0
                0x00000000004033a5                m_realloc
                0x00000000004033f8                m_realloc_maybe
                0x000000000040343f                m_free
                0x0000000000403451                m_get_total_bytes_allocated
                0x0000000000403459                m_get_current_bytes_allocated
                0x0000000000403461                m_get_peak_bytes_allocated
 *fill*         0x0000000000403469        0x7 
 .text          0x0000000000403470     0x1163 build/py/gc.o
                0x00000000004036c0                gc_init
                0x0000000000403790                gc_lock
                0x00000000004037a0                gc_unlock
                0x00000000004037b0                gc_is_locked
                0x00000000004037c0                gc_collect_start
                0x0000000000403890                gc_collect_root
                0x0000000000403960                gc_collect_end
                0x0000000000403b90                gc_info
                0x0000000000403cc0                gc_alloc
                0x0000000000403ec0                gc_free
                0x0000000000403fe0                gc_nbytes
                0x0000000000404070                gc_realloc
                0x0000000000404350                gc_dump_info
                0x00000000004043a0                gc_dump_alloc_table
 .text          0x00000000004045d3      0x422 build/py/qstr.o
                0x000000000040466c                qstr_compute_hash
                0x0000000000404698                qstr_init
                0x00000000004046a4                qstr_find_strn
                0x0000000000404744                qstr_from_strn
                0x00000000004047c4                qstr_from_str
                0x00000000004047de                qstr_build_start
                0x0000000000404825                qstr_build_end
                0x000000000040489c                qstr_hash
                0x00000000004048b3                qstr_len
                0x00000000004048bd                qstr_str
                0x00000000004048c7                qstr_data
                0x00000000004048dd                qstr_pool_info
                0x00000000004049a1                qstr_dump_data
 .text          0x00000000004049f5      0x60f build/py/vstr.o
                0x0000000000404aa3                vstr_init
                0x0000000000404adf                vstr_init_len
                0x0000000000404af5                vstr_init_fixed_buf
                0x0000000000404b11                vstr_clear
                0x0000000000404b31                vstr_new
                0x0000000000404b60                vstr_new_size
                0x0000000000404b92                vstr_free
                0x0000000000404bbd                vstr_reset
                0x0000000000404bca                vstr_had_error
                0x0000000000404bd1                vstr_str
                0x0000000000404bdf                vstr_len
                0x0000000000404bec                vstr_extend
                0x0000000000404c2f                vstr_hint_size
                0x0000000000404c50                vstr_add_len
                0x0000000000404c82                vstr_null_terminated_str
                0x0000000000404cb0                vstr_add_byte
                0x0000000000404cc6                vstr_add_char
                0x0000000000404dba                vstr_add_strn
                0x0000000000404e15                vstr_add_str
                0x0000000000404e32                vstr_ins_byte
                0x0000000000404e43                vstr_ins_char
                0x0000000000404e54                vstr_cut_tail_bytes
                0x0000000000404e74                vstr_cut_out_bytes
                0x0000000000404ebb                vstr_cut_head_bytes
                0x0000000000404ec5                vstr_vprintf
                0x0000000000404f75                vstr_printf
 .text          0x0000000000405004      0x176 build/py/unicode.o
                0x0000000000405004                utf8_get_char
                0x0000000000405042                utf8_next_char
                0x0000000000405056                utf8_ptr_to_index
                0x0000000000405074                unichar_charlen
                0x0000000000405099                unichar_isspace
                0x00000000004050b1                unichar_isalpha
                0x00000000004050ca                unichar_isprint
                0x00000000004050e1                unichar_isdigit
                0x00000000004050fa                unichar_isxdigit
                0x0000000000405120                unichar_isupper
                0x0000000000405139                unichar_islower
                0x0000000000405152                unichar_tolower
                0x0000000000405166                unichar_toupper
 .text          0x000000000040517a     0x1a0c build/py/mpz.o
                0x00000000004053b2                mpz_init_zero
                0x00000000004053ca                mpz_deinit
                0x00000000004053e5                mpz_zero
                0x000000000040540a                mpz_free
                0x0000000000405433                mpz_clone
                0x00000000004054a3                mpz_set
                0x00000000004054ea                mpz_set_from_int
                0x00000000004054fd                mpz_init_from_int
                0x0000000000405521                mpz_init_fixed_from_int
                0x000000000040554f                mpz_from_int
                0x0000000000405577                mpz_set_from_ll
                0x00000000004055de                mpz_from_ll
                0x000000000040560e                mpz_set_from_float
                0x0000000000405767                mpz_from_float
                0x0000000000405793                mpz_set_from_str
                0x000000000040588b                mpz_from_str
                0x00000000004058d0                mpz_is_zero
                0x00000000004058d9                mpz_is_pos
                0x00000000004058ee                mpz_is_neg
                0x0000000000405901                mpz_is_odd
                0x0000000000405917                mpz_is_even
                0x0000000000405933                mpz_cmp
                0x0000000000405976                mpz_abs_inpl
                0x0000000000405989                mpz_neg_inpl
                0x00000000004059a9                mpz_not_inpl
                0x0000000000405a51                mpz_shr_inpl
                0x0000000000405b6a                mpz_shl_inpl
                0x0000000000405c79                mpz_add_inpl
                0x0000000000405d1a                mpz_sub_inpl
                0x0000000000405dd0                mpz_and_inpl
                0x0000000000405f6a                mpz_or_inpl
                0x000000000040603f                mpz_xor_inpl
                0x0000000000406107                mpz_mul_inpl
                0x000000000040624c                mpz_pow_inpl
                0x000000000040630b                mpz_gcd
                0x0000000000406438                mpz_divmod_inpl
                0x00000000004067df                mpz_lcm
                0x000000000040685e                mpz_divmod
                0x000000000040689b                mpz_hash
                0x00000000004068ce                mpz_as_int_checked
                0x0000000000406911                mpz_as_uint_checked
                0x0000000000406950                mpz_as_float
                0x0000000000406993                mpz_as_str_size
                0x00000000004069f4                mpz_as_str_inpl
 .text          0x0000000000406b86      0xc88 build/py/lexer.o
                0x00000000004075e9                mp_lexer_free
                0x000000000040762d                mp_lexer_new
                0x000000000040776c                mp_lexer_to_next
                0x0000000000407773                mp_lexer_show_token
 .text          0x000000000040780e       0x9a build/py/lexerstr.o
                0x000000000040784c                mp_lexer_new_from_str_len
 .text          0x00000000004078a8       0xf5 build/py/lexerunix.o
                0x000000000040791e                mp_lexer_new_from_file
 .text          0x000000000040799d      0xce6 build/py/parse.o
                0x0000000000407be5                mp_parse_node_new_leaf
                0x0000000000407d90                mp_parse_node_free
                0x0000000000407e2e                mp_parse_node_extract_list
                0x0000000000407e65                mp_parse_node_print
                0x0000000000408012                mp_parse
 .text          0x0000000000408683      0x27d build/py/scope.o
                0x0000000000408683                scope_new
                0x000000000040876e                scope_free
                0x0000000000408791                scope_find
                0x00000000004087b5                scope_find_or_add_id
                0x000000000040882f                scope_find_global
                0x0000000000408842                scope_find_local_in_parent
                0x0000000000408870                scope_close_over_in_parents
 .text          0x0000000000408900     0x4fed build/py/compile.o
                0x000000000040d4e9                mp_compile
 .text          0x000000000040d8ed      0x1f8 build/py/emitcommon.o
                0x000000000040d8ed                emit_common_load_id
                0x000000000040d995                emit_common_store_id
                0x000000000040da3d                emit_common_delete_id
 .text          0x000000000040dae5      0x103 build/py/emitpass1.o
                0x000000000040dbd4                emit_pass1_new
                0x000000000040dbde                emit_pass1_free
 .text          0x000000000040dbe8        0x0 build/py/emitcpy.o
 .text          0x000000000040dbe8     0x132c build/py/emitbc.o
                0x000000000040eebe                emit_bc_new
                0x000000000040eeed                emit_bc_free
 .text          0x000000000040ef14      0xaa0 build/py/asmx64.o
                0x000000000040f0c4                asm_x64_new
                0x000000000040f0f3                asm_x64_free
                0x000000000040f12c                asm_x64_start_pass
                0x000000000040f193                asm_x64_end_pass
                0x000000000040f194                asm_x64_get_code_size
                0x000000000040f199                asm_x64_get_code
                0x000000000040f19e                asm_x64_nop
                0x000000000040f1a8                asm_x64_push_r64
                0x000000000040f1cb                asm_x64_pop_r64
                0x000000000040f1ee                asm_x64_mov_r64_r64
                0x000000000040f1f8                asm_x64_mov_r8_to_mem8
                0x000000000040f260                asm_x64_mov_r16_to_mem16
                0x000000000040f2d2                asm_x64_mov_r64_to_mem64
                0x000000000040f337                asm_x64_mov_mem8_to_r64zx
                0x000000000040f3a9                asm_x64_mov_mem16_to_r64zx
                0x000000000040f41b                asm_x64_mov_mem64_to_r64
                0x000000000040f47d                asm_x64_mov_i64_to_r64
                0x000000000040f50a                asm_x64_mov_i64_to_r64_optimised
                0x000000000040f559                asm_x64_mov_i64_to_r64_aligned
                0x000000000040f594                asm_x64_and_r64_r64
                0x000000000040f59e                asm_x64_or_r64_r64
                0x000000000040f5a8                asm_x64_xor_r64_r64
                0x000000000040f5b2                asm_x64_shl_r64_cl
                0x000000000040f5c1                asm_x64_sar_r64_cl
                0x000000000040f5d0                asm_x64_add_r64_r64
                0x000000000040f5da                asm_x64_sub_r64_r64
                0x000000000040f5e4                asm_x64_cmp_r64_with_r64
                0x000000000040f5f4                asm_x64_test_r8_with_r8
                0x000000000040f63c                asm_x64_setcc_r8
                0x000000000040f674                asm_x64_label_assign
                0x000000000040f6e8                asm_x64_jmp_label
                0x000000000040f758                asm_x64_jcc_label
                0x000000000040f7d1                asm_x64_entry
                0x000000000040f895                asm_x64_exit
                0x000000000040f8e2                asm_x64_mov_local_to_r64
                0x000000000040f8f6                asm_x64_mov_r64_to_local
                0x000000000040f90a                asm_x64_mov_local_addr_to_r64
                0x000000000040f971                asm_x64_call_ind
 .text          0x000000000040f9b4     0x28e5 build/py/emitnx64.o
                0x0000000000412230                emit_native_x64_new
                0x0000000000412256                emit_native_x64_free
 .text          0x0000000000412299        0x0 build/py/asmx86.o
 .text          0x0000000000412299        0x0 build/py/emitnx86.o
 .text          0x0000000000412299        0x0 build/py/asmthumb.o
 .text          0x0000000000412299        0x0 build/py/emitnthumb.o
 .text          0x0000000000412299        0x0 build/py/emitinlinethumb.o
 .text          0x0000000000412299        0x0 build/py/asmarm.o
 .text          0x0000000000412299        0x0 build/py/emitnarm.o
 .text          0x0000000000412299        0x0 build/py/formatfloat.o
 .text          0x0000000000412299       0xa1 build/py/parsenumbase.o
                0x0000000000412299                mp_parse_num_base
 .text          0x000000000041233a      0x4c4 build/py/parsenum.o
                0x0000000000412360                mp_parse_num_integer
                0x00000000004124f5                mp_parse_num_decimal
 .text          0x00000000004127fe      0x22a build/py/emitglue.o
                0x00000000004127fe                mp_emit_glue_new_raw_code
                0x0000000000412815                mp_emit_glue_assign_bytecode
                0x0000000000412885                mp_emit_glue_assign_native
                0x00000000004128d8                mp_make_function_from_raw_code
                0x00000000004129ec                mp_make_closure_from_raw_code
 .text          0x0000000000412a28     0x1744 build/py/runtime.o
                0x0000000000412a28                mp_init
                0x0000000000412a99                mp_deinit
                0x0000000000412a9e                mp_load_const_str
                0x0000000000412aa7                mp_load_const_bytes
                0x0000000000412ac7                mp_load_global
                0x0000000000412b4e                mp_load_name
                0x0000000000412b89                mp_load_build_class
                0x0000000000412bbe                mp_store_name
                0x0000000000412bd5                mp_delete_name
                0x0000000000412be9                mp_store_global
                0x0000000000412c00                mp_delete_global
                0x0000000000412c14                mp_unary_op
                0x0000000000412d0c                mp_call_function_n_kw
                0x0000000000412d6e                mp_call_function_0
                0x0000000000412d79                mp_call_function_1
                0x0000000000412d98                mp_call_function_2
                0x0000000000412db9                mp_call_method_n_kw
                0x0000000000412de3                mp_load_method_maybe
                0x0000000000412ef5                mp_load_method
                0x0000000000412f71                mp_load_attr
                0x0000000000412f9a                mp_store_attr
                0x0000000000413003                mp_getiter
                0x000000000041308e                mp_iternext_allow_raise
                0x00000000004130fa                mp_iternext
                0x00000000004131ab                mp_binary_op
                0x00000000004135e8                mp_call_method_n_kw_var
                0x00000000004139cd                mp_unpack_sequence
                0x0000000000413ab8                mp_unpack_ex
                0x0000000000413c72                mp_resume
                0x0000000000413e15                mp_make_raise_obj
                0x0000000000413e52                mp_import_name
                0x0000000000413e93                mp_import_from
                0x0000000000413fee                mp_import_all
                0x0000000000414056                mp_parse_compile_execute
                0x000000000041411c                m_malloc_fail
                0x0000000000414156                mp_not_implemented
 .text          0x000000000041416c       0xa7 build/py/nativeglue.o
                0x000000000041416c                mp_native_call_function_n_kw
                0x0000000000414181                mp_convert_obj_to_native
                0x00000000004141c7                mp_convert_native_to_obj
                0x00000000004141fb                mp_native_raise
 .text          0x0000000000414213       0x5d build/py/stackctrl.o
                0x0000000000414213                mp_stack_ctrl_init
                0x0000000000414220                mp_stack_usage
                0x0000000000414230                mp_stack_set_limit
                0x0000000000414238                mp_stack_check
 .text          0x0000000000414270      0x218 build/py/argcheck.o
                0x0000000000414270                mp_arg_check_num
                0x00000000004142e5                mp_arg_parse_all
                0x0000000000414421                mp_arg_parse_all_kw_array
                0x0000000000414470                mp_arg_error_unimpl_kw
 .text          0x0000000000414488       0xd1 build/py/warning.o
                0x0000000000414488                mp_warning
                0x0000000000414544                mp_emitter_warning
 .text          0x0000000000414559      0x602 build/py/map.o
                0x0000000000414559                mp_map_init
                0x0000000000414596                mp_map_init_fixed_table
                0x00000000004145b4                mp_map_new
                0x00000000004145e1                mp_map_deinit
                0x0000000000414609                mp_map_free
                0x0000000000414620                mp_map_clear
                0x0000000000414658                mp_map_lookup
                0x00000000004148f3                mp_set_init
                0x0000000000414915                mp_set_lookup
                0x0000000000414adf                mp_set_remove_first
                0x0000000000414b2a                mp_set_clear
 .text          0x0000000000414b5b      0x92f build/py/obj.o
                0x0000000000414b5b                mp_identity
                0x0000000000414b5f                mp_obj_get_type
                0x0000000000414b80                mp_obj_get_type_str
                0x0000000000414b90                mp_obj_print_helper
                0x0000000000414c10                mp_obj_print
                0x0000000000414c3c                mp_obj_print_exception
                0x0000000000414d59                mp_obj_is_callable
                0x0000000000414d7f                mp_obj_hash
                0x0000000000414e94                mp_obj_equal
                0x0000000000414f73                mp_obj_get_int
                0x0000000000414fd5                mp_obj_get_int_maybe
                0x0000000000415028                mp_obj_get_float
                0x00000000004150a0                mp_obj_get_complex
                0x0000000000415149                mp_obj_get_array
                0x0000000000415191                mp_obj_get_array_fixed_n
                0x00000000004151cf                mp_get_index
                0x00000000004152ab                mp_obj_id
                0x00000000004152c9                mp_obj_len_maybe
                0x0000000000415306                mp_obj_is_true
                0x0000000000415372                mp_obj_len
                0x00000000004153a6                mp_obj_subscr
                0x000000000041542b                mp_get_buffer
                0x0000000000415467                mp_get_buffer_raise
 .text          0x000000000041548a      0xaf6 build/py/objarray.o
                0x0000000000415f2b                mp_obj_new_bytearray
                0x0000000000415f4e                mp_obj_new_bytearray_by_ref
 .text          0x0000000000415f80       0xfe build/py/objbool.o
 .text          0x000000000041607e      0x144 build/py/objboundmeth.o
                0x000000000041619c                mp_obj_new_bound_meth
 .text          0x00000000004161c2       0x7d build/py/objcell.o
                0x000000000041621a                mp_obj_cell_get
                0x000000000041621f                mp_obj_cell_set
                0x0000000000416224                mp_obj_new_cell
 .text          0x000000000041623f      0x1e0 build/py/objclosure.o
                0x00000000004163d7                mp_obj_new_closure
 .text          0x000000000041641f      0x61f build/py/objcomplex.o
                0x0000000000416540                mp_obj_new_complex
                0x00000000004165d0                mp_obj_complex_get
                0x0000000000416758                mp_obj_complex_binary_op
 .text          0x0000000000416a3e      0xb25 build/py/objdict.o
                0x0000000000417273                mp_obj_dict_get
                0x00000000004172a1                mp_obj_dict_init
                0x00000000004172b1                mp_obj_new_dict
                0x0000000000417454                mp_obj_dict_len
                0x000000000041745d                mp_obj_dict_store
                0x00000000004174a7                mp_obj_dict_delete
                0x0000000000417534                mp_obj_dict_get_map
 .text          0x0000000000417563       0xca build/py/objenumerate.o
 .text          0x000000000041762d      0x64e build/py/objexcept.o
                0x000000000041762d                mp_obj_exception_make_new
                0x0000000000417773                mp_init_emergency_exception_buf
                0x0000000000417774                mp_obj_exception_get_value
                0x00000000004177b5                mp_obj_new_exception_args
                0x00000000004177e3                mp_obj_new_exception
                0x00000000004177ec                mp_obj_new_exception_arg1
                0x0000000000417809                mp_obj_new_exception_msg_varg
                0x0000000000417a94                mp_obj_new_exception_msg
                0x0000000000417a9b                mp_obj_is_exception_type
                0x0000000000417ac1                mp_obj_is_exception_instance
                0x0000000000417ad0                mp_obj_exception_match
                0x0000000000417afb                mp_obj_exception_clear_traceback
                0x0000000000417b41                mp_obj_exception_add_traceback
                0x0000000000417c0b                mp_obj_exception_get_traceback
 .text          0x0000000000417c7b       0xc8 build/py/objfilter.o
 .text          0x0000000000417d43      0x449 build/py/objfloat.o
                0x0000000000417dd9                mp_obj_new_float
                0x0000000000417ed0                mp_obj_float_get
                0x0000000000417f00                mp_obj_float_divmod
                0x0000000000417fd1                mp_obj_float_binary_op
 .text          0x000000000041818c      0x5b5 build/py/objfun.o
                0x000000000041856f                mp_obj_code_get_name
                0x0000000000418599                mp_obj_fun_get_name
                0x00000000004185d1                mp_obj_new_fun_bc
                0x00000000004186cd                mp_obj_new_fun_native
                0x0000000000418712                mp_obj_new_fun_viper
 .text          0x0000000000418741      0x3a8 build/py/objgenerator.o
                0x000000000041884f                mp_obj_new_gen_wrap
                0x000000000041886a                mp_obj_gen_resume
 .text          0x0000000000418ae9       0x9f build/py/objgetitemiter.o
                0x0000000000418b5a                mp_obj_new_getitem_iter
 .text          0x0000000000418b88      0x4e6 build/py/objint.o
                0x0000000000418d0d                mp_classify_fp_as_int
                0x0000000000418d44                mp_obj_int_formatted
                0x0000000000418f5e                mp_obj_int_print
                0x0000000000419000                mp_obj_int_binary_op_extra_cases
 .text          0x000000000041906e        0x0 build/py/objint_longlong.o
 .text          0x000000000041906e      0x694 build/py/objint_mpz.o
                0x000000000041909b                mp_obj_int_formatted_impl
                0x000000000041915d                mp_obj_int_hash
                0x0000000000419173                mp_obj_int_is_positive
                0x0000000000419191                mp_obj_int_unary_op
                0x0000000000419207                mp_obj_new_int_from_ll
                0x0000000000419235                mp_obj_new_int
                0x000000000041924b                mp_obj_new_int_from_ull
                0x0000000000419276                mp_obj_new_int_from_uint
                0x0000000000419293                mp_obj_new_int_from_float
                0x0000000000419310                mp_obj_new_int_from_str_len
                0x0000000000419359                mp_obj_int_get_truncated
                0x000000000041936f                mp_obj_int_get_checked
                0x00000000004193b3                mp_obj_int_binary_op
                0x00000000004196ea                mp_obj_int_as_float
 .text          0x0000000000419702      0xd8a build/py/objlist.o
                0x0000000000419752                mp_obj_list_append
                0x0000000000419c52                mp_obj_list_sort
                0x0000000000419d44                mp_obj_list_remove
                0x0000000000419ec4                mp_obj_list_init
                0x000000000041a110                mp_obj_new_list
                0x000000000041a177                mp_obj_list_get
                0x000000000041a186                mp_obj_list_set_len
                0x000000000041a18b                mp_obj_list_store
 .text          0x000000000041a48c      0x109 build/py/objmap.o
 .text          0x000000000041a595      0x223 build/py/objmodule.o
                0x000000000041a69f                mp_obj_new_module
                0x000000000041a714                mp_obj_module_get_globals
                0x000000000041a743                mp_module_init
                0x000000000041a752                mp_module_deinit
                0x000000000041a75c                mp_module_get
                0x000000000041a797                mp_module_register
 .text          0x000000000041a7b8       0x4e build/py/objobject.o
 .text          0x000000000041a806      0x11d build/py/objproperty.o
                0x000000000041a8f4                mp_obj_property_get
 .text          0x000000000041a923       0x28 build/py/objnone.o
 .text          0x000000000041a94b      0x311 build/py/objnamedtuple.o
 .text          0x000000000041ac5c      0x24f build/py/objrange.o
 .text          0x000000000041aeab       0xdb build/py/objreversed.o
 .text          0x000000000041af86      0x9e4 build/py/objset.o
                0x000000000041b584                mp_obj_new_set
                0x000000000041b6c8                mp_obj_set_store
 .text          0x000000000041b96a      0x102 build/py/objslice.o
                0x000000000041b9fc                mp_obj_new_slice
                0x000000000041ba2b                mp_obj_slice_get
 .text          0x000000000041ba6c     0x3177 build/py/objstr.o
                0x000000000041c270                mp_obj_str_get_buffer
                0x000000000041c2de                mp_str_print_quoted
                0x000000000041c3d7                mp_str_print_json
                0x000000000041c549                mp_obj_new_str_of_type
                0x000000000041cab1                mp_obj_new_str_from_vstr
                0x000000000041d274                mp_obj_new_str
                0x000000000041d2b2                mp_obj_str_make_new
                0x000000000041d3be                mp_obj_str_intern
                0x000000000041d405                mp_obj_new_bytes
                0x000000000041d415                mp_obj_str_equal
                0x000000000041d500                mp_obj_str_get_hash
                0x000000000041d536                mp_obj_str_get_len
                0x000000000041d56c                mp_obj_str_get_qstr
                0x000000000041d5a3                mp_obj_str_get_str
                0x000000000041d5e5                mp_obj_str_get_data
                0x000000000041d63d                mp_obj_str_binary_op
                0x000000000041de8e                mp_obj_str_format
 .text          0x000000000041ebe3      0x560 build/py/objstrunicode.o
                0x000000000041ee7b                str_index_to_ptr
 .text          0x000000000041f143      0x1ad build/py/objstringio.o
 .text          0x000000000041f2f0      0x590 build/py/objtuple.o
                0x000000000041f2f0                mp_obj_tuple_unary_op
                0x000000000041f33d                mp_obj_tuple_print
                0x000000000041f468                mp_obj_tuple_getiter
                0x000000000041f48b                mp_obj_new_tuple
                0x000000000041f4d3                mp_obj_tuple_binary_op
                0x000000000041f655                mp_obj_tuple_subscr
                0x000000000041f7b5                mp_obj_tuple_get
                0x000000000041f7ee                mp_obj_tuple_del
                0x000000000041f829                mp_obj_tuple_hash
 .text          0x000000000041f880     0x1499 build/py/objtype.o
                0x000000000041fd0f                instance_make_new
                0x0000000000420125                mp_obj_instance_load_attr
                0x0000000000420238                mp_obj_instance_store_attr
                0x000000000042069e                mp_obj_instance_call
                0x00000000004208de                mp_obj_instance_is_callable
                0x00000000004208ec                mp_obj_new_type
                0x0000000000420b2c                mp_obj_new_super
                0x0000000000420b7b                mp_obj_is_subclass_fast
                0x0000000000420ce8                mp_instance_cast_to_native_base
 .text          0x0000000000420d19       0xe3 build/py/objzip.o
 .text          0x0000000000420dfc       0xa0 build/py/opmethods.o
 .text          0x0000000000420e9c      0x3e4 build/py/sequence.o
                0x0000000000420e9c                mp_seq_multiply
                0x0000000000420ec0                mp_seq_get_fast_slice_indexes
                0x0000000000420f76                mp_seq_extract_slice
                0x0000000000420fd8                mp_seq_cmp_bytes
                0x0000000000421088                mp_seq_cmp_objs
                0x000000000042117c                mp_seq_index_obj
                0x000000000042123d                mp_seq_count_obj
 .text          0x0000000000421280      0x744 build/py/stream.o
                0x00000000004218ef                mp_stream_write
                0x000000000042198c                mp_stream_unbuffered_iter
 .text          0x00000000004219c4      0x483 build/py/binary.o
                0x00000000004219c4                mp_binary_get_size
                0x0000000000421a1c                mp_binary_get_val_array
                0x0000000000421acf                mp_binary_get_int
                0x0000000000421b0f                mp_binary_get_val
                0x0000000000421c23                mp_binary_set_int
                0x0000000000421c53                mp_binary_set_val
                0x0000000000421d46                mp_binary_set_val_array_from_int
                0x0000000000421de4                mp_binary_set_val_array
 .text          0x0000000000421e47      0x61e build/py/builtinimport.o
                0x0000000000421f01                mp_builtin___import__
                0x0000000000422447                mp_obj_is_package
 .text          0x0000000000422465      0x1bb build/py/builtinevex.o
 .text          0x0000000000422620        0x0 build/py/modarray.o
 .text          0x0000000000422620      0xbd6 build/py/modbuiltins.o
 .text          0x00000000004231f6        0x0 build/py/modcollections.o
 .text          0x00000000004231f6       0x85 build/py/modgc.o
 .text          0x000000000042327b        0x0 build/py/modio.o
 .text          0x000000000042327b      0x407 build/py/modmath.o
 .text          0x0000000000423682      0x368 build/py/modcmath.o
 .text          0x00000000004239ea       0xff build/py/modmicropython.o
                0x0000000000423a17                mp_micropython_mem_info
 .text          0x0000000000423ae9      0x3b2 build/py/modstruct.o
 .text          0x0000000000423e9b       0x63 build/py/modsys.o
 *fill*         0x0000000000423efe        0x2 
 .text          0x0000000000423f00     0x1a43 build/py/vm.o
                0x0000000000423f00                mp_execute_bytecode
 .text          0x0000000000425943      0x3d2 build/py/bc.o
                0x0000000000425943                mp_decode_uint
                0x0000000000425966                mp_setup_code_state
 .text          0x0000000000425d15      0xc1f build/py/showbc.o
                0x0000000000425d15                mp_bytecode_print_str
                0x000000000042665b                mp_bytecode_print2
                0x00000000004266ad                mp_bytecode_print
 .text          0x0000000000426934      0x1b2 build/py/repl.o
                0x0000000000426976                mp_repl_continue_with_input
 .text          0x0000000000426ae6       0xbb build/py/smallint.o
                0x0000000000426ae6                mp_small_int_mul_overflow
                0x0000000000426b48                mp_small_int_modulo
                0x0000000000426b74                mp_small_int_floor_divide
 .text          0x0000000000426ba1      0x744 build/py/pfenv.o
                0x0000000000426ba1                pfenv_vstr_add_strn
                0x0000000000426ba6                pfenv_print_strn
                0x0000000000426c98                pfenv_print_int
                0x0000000000426e6c                pfenv_print_mp_int
                0x0000000000427192                pfenv_print_float
 .text          0x00000000004272e5      0x52f build/py/pfenv_printf.o
                0x00000000004272e5                pfenv_vprintf
                0x00000000004276f1                pfenv_printf
                0x0000000000427780                printf_wrapper
 .text          0x0000000000427814        0x0 build/py/frozenmod.o
 .text          0x0000000000427814      0x949 build/py/../extmod/moductypes.o
 .text          0x000000000042815d      0x4ca build/py/../extmod/modujson.o
 .text          0x0000000000428627      0xcf1 build/py/../extmod/modure.o
                0x00000000004286bf                re1_5_sizecode
                0x000000000042877c                _compilecode
                0x0000000000428b24                re1_5_compilecode
                0x0000000000428b94                cleanmarks
                0x0000000000428bc6                re1_5_dumpcode
                0x0000000000428e4d                _re1_5_classmatch
                0x0000000000428e80                _re1_5_namedclassmatch
                0x000000000042909f                re1_5_recursiveloopprog
 .text          0x0000000000429318      0x9d3 build/py/../extmod/moduzlib.o
                0x0000000000429787                tinf_init
                0x0000000000429788                tinf_uncompress_dyn
                0x0000000000429994                tinf_uncompress
                0x00000000004299ce                tinf_adler32
                0x0000000000429b0a                tinf_zlib_uncompress_dyn
                0x0000000000429caf                tinf_zlib_uncompress
 .text          0x0000000000429ceb      0x1f5 build/py/../extmod/moduheapq.o
 .text          0x0000000000429ee0      0x43c build/py/../extmod/moduhashlib.o
                0x0000000000429eeb                sha256_transform
                0x000000000042a0b5                sha256_init
                0x000000000042a0fd                sha256_update
                0x000000000042a1e5                sha256_final
 .text          0x000000000042a31c       0x89 build/py/../extmod/modubinascii.o
 .text          0x000000000042a3a5      0x349 build/main.o
                0x000000000042a5ea                mp_import_stat
                0x000000000042a62c                DEBUG_printf
                0x000000000042a6cf                nlr_jump_fail
 .text          0x000000000042a6ee       0x5f build/gccollect.o
                0x000000000042a6ee                gc_collect
 .text          0x000000000042a74d       0x93 build/input.o
                0x000000000042a74d                prompt
 .text          0x000000000042a7e0      0x272 build/file.o
                0x000000000042a94b                mp_builtin_open
 .text          0x000000000042aa52      0x178 build/modos.o
 .text          0x000000000042abca       0xd3 build/alloc.o
                0x000000000042abca                mp_unix_alloc_exec
                0x000000000042ac38                mp_unix_free_exec
                0x000000000042ac78                mp_unix_mark_exec
 .text          0x000000000042ac9d       0xa5 build/modtime.o
 .text          0x000000000042ad42      0x3b8 build/modtermios.o
 .text          0x000000000042b0fa      0x7a1 build/modsocket.o
 .text          0x000000000042b89b      0x72f build/modffi.o
 *fill*         0x000000000042bfca        0x6 
 .text          0x000000000042bfd0       0x72 /usr/lib/x86_64-linux-gnu/libc_nonshared.a(elf-init.oS)
                0x000000000042bfd0                __libc_csu_init
                0x000000000042c040                __libc_csu_fini
 *fill*         0x000000000042c042        0xe 
 .text          0x000000000042c050       0x10 /usr/lib/x86_64-linux-gnu/libc_nonshared.a(stat.oS)
                0x000000000042c050                __stat
                0x000000000042c050                stat
 .text          0x000000000042c060        0x0 /usr/lib/gcc/x86_64-linux-gnu/4.8/crtend.o
 .text          0x000000000042c060        0x0 /usr/lib/gcc/x86_64-linux-gnu/4.8/../../../x86_64-linux-gnu/crtn.o
 *(.gnu.warning)

.fini           0x000000000042c060        0x9
 *(SORT(.fini))
 .fini          0x000000000042c060        0x4 /usr/lib/gcc/x86_64-linux-gnu/4.8/../../../x86_64-linux-gnu/crti.o
                0x000000000042c060                _fini
 .fini          0x000000000042c064        0x5 /usr/lib/gcc/x86_64-linux-gnu/4.8/../../../x86_64-linux-gnu/crtn.o
                0x000000000042c069                PROVIDE (__etext, .)
                0x000000000042c069                PROVIDE (_etext, .)
                0x000000000042c069                PROVIDE (etext, .)

.rodata         0x000000000042c080    0x13850
 *(.rodata .rodata.* .gnu.linkonce.r.*)
 .rodata.cst4   0x000000000042c080        0x4 /usr/lib/gcc/x86_64-linux-gnu/4.8/../../../x86_64-linux-gnu/crt1.o
                0x000000000042c080                _IO_stdin_used
 .rodata.str1.1
                0x000000000042c084       0x57 build/py/gc.o
 *fill*         0x000000000042c0db        0x5 
 .rodata.str1.8
                0x000000000042c0e0      0x137 build/py/gc.o
 .rodata        0x000000000042c217       0x1b build/py/gc.o
 .rodata.str1.1
                0x000000000042c232     0x133b build/py/qstr.o
 *fill*         0x000000000042d56d        0x3 
 .rodata        0x000000000042d570      0xeb0 build/py/qstr.o
 .rodata.str1.1
                0x000000000042e420       0x1a build/py/vstr.o
 *fill*         0x000000000042e43a        0x6 
 .rodata        0x000000000042e440        0xe build/py/vstr.o
 *fill*         0x000000000042e44e        0x2 
 .rodata        0x000000000042e450       0x80 build/py/unicode.o
 .rodata.str1.1
                0x000000000042e4d0       0x2f build/py/mpz.o
                                         0x31 (size before relaxing)
 *fill*         0x000000000042e4ff        0x1 
 .rodata        0x000000000042e500       0x81 build/py/mpz.o
 *fill*         0x000000000042e581        0x7 
 .rodata.cst8   0x000000000042e588        0x8 build/py/mpz.o
 .rodata.cst16  0x000000000042e590       0x10 build/py/mpz.o
 .rodata.str1.1
                0x000000000042e5a0      0x15a build/py/lexer.o
                                        0x18b (size before relaxing)
 *fill*         0x000000000042e6fa        0x6 
 .rodata        0x000000000042e700      0x15b build/py/lexer.o
 .rodata.str1.1
                0x000000000042e85b      0x1e4 build/py/parse.o
                                        0x1eb (size before relaxing)
 *fill*         0x000000000042ea3f        0x1 
 .rodata        0x000000000042ea40      0xa82 build/py/parse.o
 .rodata.str1.1
                0x000000000042f4c2       0x4c build/py/scope.o
                                         0x4e (size before relaxing)
 *fill*         0x000000000042f50e        0x2 
 .rodata        0x000000000042f510       0x6a build/py/scope.o
 .rodata.str1.1
                0x000000000042f57a     0x104b build/py/compile.o
                                       0x106e (size before relaxing)
 *fill*         0x00000000004305c5        0xb 
 .rodata        0x00000000004305d0      0xab0 build/py/compile.o
 .rodata.str1.1
                0x0000000000431080       0x13 build/py/emitcommon.o
                                         0x27 (size before relaxing)
 *fill*         0x0000000000431093        0xd 
 .rodata        0x00000000004310a0       0x54 build/py/emitcommon.o
 .rodata.str1.1
                0x00000000004310f4       0x28 build/py/emitpass1.o
                                         0x3a (size before relaxing)
 *fill*         0x000000000043111c        0x4 
 .rodata        0x0000000000431120      0x2c8 build/py/emitpass1.o
                0x0000000000431160                emit_pass1_method_table
 .rodata.str1.1
                0x00000000004313e8      0x224 build/py/emitbc.o
                                        0x226 (size before relaxing)
 *fill*         0x000000000043160c        0x4 
 .rodata        0x0000000000431610      0x3f8 build/py/emitbc.o
                0x0000000000431780                emit_bc_method_table
 .rodata.str1.1
                0x0000000000431a08      0x127 build/py/asmx64.o
                                        0x129 (size before relaxing)
 *fill*         0x0000000000431b2f        0x1 
 .rodata        0x0000000000431b30      0x1e3 build/py/asmx64.o
 .rodata.str1.1
                0x0000000000431d13      0x471 build/py/emitnx64.o
                                        0x4d2 (size before relaxing)
 *fill*         0x0000000000432184        0xc 
 .rodata        0x0000000000432190      0x788 build/py/emitnx64.o
                0x0000000000432690                emit_native_x64_method_table
 .rodata.str1.1
                0x0000000000432918       0x6b build/py/parsenum.o
 *fill*         0x0000000000432983        0x5 
 .rodata.cst8   0x0000000000432988       0x20 build/py/parsenum.o
 .rodata.cst16  0x0000000000000000       0x10 build/py/parsenum.o
 .rodata.str1.1
                0x00000000004329a8      0x169 build/py/emitglue.o
                                        0x16b (size before relaxing)
 *fill*         0x0000000000432b11        0xf 
 .rodata        0x0000000000432b20       0x3b build/py/emitglue.o
 .rodata.str1.1
                0x0000000000432b5b      0x2d8 build/py/runtime.o
                                        0x2eb (size before relaxing)
 *fill*         0x0000000000432e33        0xd 
 .rodata        0x0000000000432e40      0x178 build/py/runtime.o
                0x0000000000432fa0                mp_module___main__
 *fill*         0x0000000000432fb8        0x8 
 .rodata        0x0000000000432fc0      0x138 build/py/nativeglue.o
                0x0000000000432fc0                mp_fun_table
 .rodata.str1.1
                0x00000000004330f8      0x16c build/py/argcheck.o
                                        0x16e (size before relaxing)
 *fill*         0x0000000000433264        0xc 
 .rodata        0x0000000000433270       0x11 build/py/argcheck.o
 .rodata.str1.1
                0x0000000000433281        0xa build/py/warning.o
 *fill*         0x000000000043328b        0x5 
 .rodata        0x0000000000433290       0x78 build/py/map.o
                0x00000000004332f0                mp_const_empty_map
 .rodata.str1.1
                0x0000000000433308      0x211 build/py/obj.o
                                        0x213 (size before relaxing)
 *fill*         0x0000000000433519        0x7 
 .rodata        0x0000000000433520       0x38 build/py/obj.o
                0x0000000000433540                mp_identity_obj
 .rodata.cst8   0x0000000000433558        0x8 build/py/obj.o
 .rodata.str1.1
                0x0000000000433560      0x15c build/py/objarray.o
                                        0x160 (size before relaxing)
 *fill*         0x00000000004336bc        0x4 
 .rodata        0x00000000004336c0      0x2a8 build/py/objarray.o
                0x0000000000433770                mp_type_memoryview
                0x00000000004337f0                mp_type_bytearray
                0x0000000000433870                mp_type_array
 .rodata.str1.1
                0x0000000000433968        0xb build/py/objbool.o
                                         0x16 (size before relaxing)
 *fill*         0x0000000000433973        0xd 
 .rodata        0x0000000000433980       0xa0 build/py/objbool.o
                0x0000000000433980                mp_const_true_obj
                0x0000000000433990                mp_const_false_obj
                0x00000000004339a0                mp_type_bool
 .rodata.str1.1
                0x0000000000433a20       0x14 build/py/objboundmeth.o
                                         0x16 (size before relaxing)
 *fill*         0x0000000000433a34        0xc 
 .rodata        0x0000000000433a40       0x80 build/py/objboundmeth.o
                0x0000000000433a40                bound_meth_type
 .rodata.str1.1
                0x0000000000433ac0        0xa build/py/objcell.o
                                         0x12 (size before relaxing)
 *fill*         0x0000000000433aca        0x6 
 .rodata        0x0000000000433ad0       0x80 build/py/objcell.o
                0x0000000000433ad0                cell_type
 .rodata.str1.1
                0x0000000000433b50       0x1f build/py/objclosure.o
                                         0x29 (size before relaxing)
 *fill*         0x0000000000433b6f        0x1 
 .rodata        0x0000000000433b70       0x80 build/py/objclosure.o
                0x0000000000433b70                closure_type
 .rodata.str1.1
                0x0000000000433bf0       0xde build/py/objcomplex.o
 *fill*         0x0000000000433cce        0x2 
 .rodata        0x0000000000433cd0      0x150 build/py/objcomplex.o
                0x0000000000433da0                mp_type_complex
 .rodata.cst16  0x0000000000000000       0x10 build/py/objcomplex.o
 .rodata.cst8   0x0000000000000000        0x8 build/py/objcomplex.o
 .rodata.str1.1
                0x0000000000433e20      0x250 build/py/objdict.o
                                        0x25b (size before relaxing)
 .rodata        0x0000000000434070      0x5d0 build/py/objdict.o
                0x00000000004341b0                mp_type_dict
 .rodata.str1.1
                0x0000000000434640       0x6d build/py/objenumerate.o
 *fill*         0x00000000004346ad        0x3 
 .rodata        0x00000000004346b0       0xd0 build/py/objenumerate.o
                0x00000000004346d0                mp_type_enumerate
 .rodata.str1.1
                0x0000000000434780       0x68 build/py/objexcept.o
                                         0x71 (size before relaxing)
 *fill*         0x00000000004347e8        0x8 
 .rodata        0x00000000004347f0      0xf20 build/py/objexcept.o
                0x00000000004348a0                mp_type_UnicodeError
                0x0000000000434940                mp_type_ValueError
                0x00000000004349c0                mp_type_TypeError
                0x0000000000434a40                mp_type_IndentationError
                0x0000000000434ae0                mp_type_SyntaxError
                0x0000000000434b60                mp_type_NotImplementedError
                0x0000000000434c00                mp_type_RuntimeError
                0x0000000000434c80                mp_type_OSError
                0x0000000000434d00                mp_type_NameError
                0x0000000000434d80                mp_type_MemoryError
                0x0000000000434e00                mp_type_KeyError
                0x0000000000434e80                mp_type_IndexError
                0x0000000000434f20                mp_type_LookupError
                0x0000000000434fa0                mp_type_ImportError
                0x0000000000435020                mp_type_EOFError
                0x00000000004350a0                mp_type_AttributeError
                0x0000000000435120                mp_type_AssertionError
                0x00000000004351a0                mp_type_ZeroDivisionError
                0x0000000000435220                mp_type_OverflowError
                0x00000000004352c0                mp_type_ArithmeticError
                0x0000000000435340                mp_type_StopIteration
                0x00000000004353e0                mp_type_Exception
                0x0000000000435460                mp_type_GeneratorExit
                0x00000000004354e0                mp_type_KeyboardInterrupt
                0x0000000000435560                mp_type_SystemExit
                0x0000000000435600                mp_type_BaseException
                0x00000000004356d0                mp_const_GeneratorExit_obj
                0x00000000004356f0                mp_const_MemoryError_obj
 .rodata.str1.1
                0x0000000000435710       0x67 build/py/objfilter.o
 *fill*         0x0000000000435777        0x9 
 .rodata        0x0000000000435780       0x90 build/py/objfilter.o
                0x0000000000435790                mp_type_filter
 .rodata.str1.1
                0x0000000000435810       0x65 build/py/objfloat.o
                                         0x7f (size before relaxing)
 *fill*         0x0000000000435875        0xb 
 .rodata        0x0000000000435880      0x160 build/py/objfloat.o
                0x0000000000435960                mp_type_float
 .rodata.cst16  0x0000000000000000       0x10 build/py/objfloat.o
 .rodata.cst8   0x00000000004359e0        0x8 build/py/objfloat.o
                                         0x10 (size before relaxing)
 .rodata.str1.1
                0x00000000004359e8       0x9a build/py/objfun.o
                                         0xf2 (size before relaxing)
 *fill*         0x0000000000435a82        0xe 
 .rodata        0x0000000000435a90      0x290 build/py/objfun.o
                0x0000000000435c20                mp_type_fun_bc
                0x0000000000435ca0                mp_type_fun_builtin
 .rodata.str1.1
                0x0000000000435d20      0x13b build/py/objgenerator.o
 *fill*         0x0000000000435e5b        0x5 
 .rodata        0x0000000000435e60      0x1e0 build/py/objgenerator.o
                0x0000000000435e90                mp_type_gen_instance
                0x0000000000435fc0                mp_type_gen_wrap
 .rodata        0x0000000000436040       0x80 build/py/objgetitemiter.o
 .rodata.str1.1
                0x0000000000000000        0x3 build/py/objint.o
 .rodata        0x00000000004360c0      0x131 build/py/objint.o
                0x00000000004360c0                mp_type_int
 .rodata.str1.1
                0x00000000004361f1       0xc4 build/py/objint_mpz.o
                                         0xd9 (size before relaxing)
 *fill*         0x00000000004362b5        0xb 
 .rodata        0x00000000004362c0      0x13c build/py/objint_mpz.o
                0x00000000004363d0                mp_maxsize_obj
 .rodata.str1.1
                0x00000000004363fc      0x1a9 build/py/objlist.o
                                        0x1b2 (size before relaxing)
 *fill*         0x00000000004365a5        0xb 
 .rodata        0x00000000004365b0      0x458 build/py/objlist.o
                0x0000000000436760                mp_type_list
 .rodata.str1.1
                0x0000000000436a08       0x61 build/py/objmap.o
 *fill*         0x0000000000436a69        0x7 
 .rodata        0x0000000000436a70       0x90 build/py/objmap.o
                0x0000000000436a80                mp_type_map
 .rodata.str1.1
                0x0000000000436b00       0x8d build/py/objmodule.o
 *fill*         0x0000000000436b8d        0x3 
 .rodata        0x0000000000436b90      0x230 build/py/objmodule.o
                0x0000000000436d40                mp_type_module
 .rodata        0x0000000000436dc0      0x108 build/py/objobject.o
                0x0000000000436dc0                mp_type_object
 .rodata.str1.1
                0x0000000000436ec8       0x6b build/py/objproperty.o
 *fill*         0x0000000000436f33        0xd 
 .rodata        0x0000000000436f40      0x148 build/py/objproperty.o
                0x0000000000436f60                mp_type_property
 .rodata.str1.1
                0x0000000000437088        0x5 build/py/objnone.o
                                          0xa (size before relaxing)
 *fill*         0x000000000043708d        0x3 
 .rodata        0x0000000000437090       0x90 build/py/objnone.o
                0x0000000000437090                mp_const_none_obj
                0x00000000004370a0                mp_type_NoneType
 .rodata.str1.1
                0x0000000000437120       0xa1 build/py/objnamedtuple.o
                                         0xa6 (size before relaxing)
 *fill*         0x00000000004371c1        0xf 
 .rodata        0x00000000004371d0       0x38 build/py/objnamedtuple.o
                0x00000000004371d0                mp_namedtuple_obj
 .rodata.str1.1
                0x0000000000437208       0x13 build/py/objrange.o
                                         0x15 (size before relaxing)
 *fill*         0x000000000043721b        0x5 
 .rodata        0x0000000000437220      0x100 build/py/objrange.o
                0x0000000000437220                mp_type_range
 .rodata.str1.1
                0x0000000000437320       0x6b build/py/objreversed.o
 *fill*         0x000000000043738b        0x5 
 .rodata        0x0000000000437390       0xa0 build/py/objreversed.o
                0x00000000004373b0                mp_type_reversed
 .rodata.str1.1
                0x0000000000437430      0x127 build/py/objset.o
                                        0x130 (size before relaxing)
 *fill*         0x0000000000437557        0x9 
 .rodata        0x0000000000437560      0x630 build/py/objset.o
                0x00000000004376b0                mp_type_frozenset
                0x0000000000437730                mp_type_set
                0x0000000000437b10                mp_type_set_it
 .rodata.str1.1
                0x0000000000437b90       0x6c build/py/objslice.o
                                         0x7a (size before relaxing)
 *fill*         0x0000000000437bfc        0x4 
 .rodata        0x0000000000437c00      0x130 build/py/objslice.o
                0x0000000000437c20                mp_type_slice
                0x0000000000437ca0                mp_const_ellipsis_obj
                0x0000000000437cb0                mp_type_ellipsis
 .rodata.str1.1
                0x0000000000437d30      0x6ad build/py/objstr.o
                                        0x71b (size before relaxing)
 *fill*         0x00000000004383dd        0x3 
 .rodata        0x00000000004383e0      0x6d8 build/py/objstr.o
                0x0000000000438530                mp_const_empty_bytes_obj
                0x0000000000438550                mp_type_bytes
                0x0000000000438780                str_islower_obj
                0x00000000004387a0                str_isupper_obj
                0x00000000004387c0                str_isdigit_obj
                0x00000000004387e0                str_isalpha_obj
                0x0000000000438800                str_isspace_obj
                0x0000000000438820                str_upper_obj
                0x0000000000438840                str_lower_obj
                0x0000000000438860                str_rpartition_obj
                0x0000000000438880                str_partition_obj
                0x00000000004388a0                str_count_obj
                0x00000000004388c0                str_replace_obj
                0x00000000004388e0                str_format_obj
                0x0000000000438900                str_rstrip_obj
                0x0000000000438920                str_lstrip_obj
                0x0000000000438940                str_strip_obj
                0x0000000000438960                str_endswith_obj
                0x0000000000438980                str_startswith_obj
                0x00000000004389a0                str_rsplit_obj
                0x00000000004389c0                str_split_obj
                0x00000000004389e0                str_join_obj
                0x0000000000438a00                str_rindex_obj
                0x0000000000438a20                str_index_obj
                0x0000000000438a40                str_rfind_obj
                0x0000000000438a60                str_find_obj
                0x0000000000438a80                str_encode_obj
                0x0000000000438aa0                bytes_decode_obj
 .rodata.cst8   0x0000000000438ab8        0x8 build/py/objstr.o
 .rodata.str1.1
                0x0000000000438ac0       0x49 build/py/objstrunicode.o
                                         0xa0 (size before relaxing)
 *fill*         0x0000000000438b09        0x7 
 .rodata        0x0000000000438b10      0x2b0 build/py/objstrunicode.o
                0x0000000000438b90                mp_type_str
 .rodata.str1.1
                0x0000000000438dc0       0x42 build/py/objstringio.o
 *fill*         0x0000000000438e02        0xe 
 .rodata        0x0000000000438e10      0x238 build/py/objstringio.o
                0x0000000000438e10                mp_type_bytesio
                0x0000000000438e90                mp_type_stringio
 .rodata.str1.1
                0x0000000000439048       0xbb build/py/objtuple.o
                                         0xf9 (size before relaxing)
 *fill*         0x0000000000439103        0xd 
 .rodata        0x0000000000439110      0x228 build/py/objtuple.o
                0x0000000000439230                mp_const_empty_tuple_obj
                0x0000000000439240                mp_type_tuple
 .rodata.str1.1
                0x0000000000439338      0x4f3 build/py/objtype.o
                                        0x595 (size before relaxing)
 *fill*         0x000000000043982b        0x5 
 .rodata        0x0000000000439830      0x480 build/py/objtype.o
                0x0000000000439930                mp_type_classmethod
                0x00000000004399b0                mp_type_staticmethod
                0x0000000000439a30                mp_builtin_isinstance_obj
                0x0000000000439a50                mp_builtin_issubclass_obj
                0x0000000000439a70                mp_type_super
                0x0000000000439af0                mp_type_type
                0x0000000000439b70                mp_binary_op_method_name
                0x0000000000439c80                mp_unary_op_method_name
 .rodata.str1.1
                0x0000000000439cb0       0x61 build/py/objzip.o
 *fill*         0x0000000000439d11        0xf 
 .rodata        0x0000000000439d20       0x90 build/py/objzip.o
                0x0000000000439d30                mp_type_zip
 .rodata        0x0000000000439db0       0x78 build/py/opmethods.o
                0x0000000000439db0                mp_op_contains_obj
                0x0000000000439dd0                mp_op_delitem_obj
                0x0000000000439df0                mp_op_setitem_obj
                0x0000000000439e10                mp_op_getitem_obj
 .rodata.str1.1
                0x0000000000439e28       0x17 build/py/sequence.o
 .rodata.str1.1
                0x0000000000439e3f       0x34 build/py/stream.o
 *fill*         0x0000000000439e73        0xd 
 .rodata        0x0000000000439e80       0xd8 build/py/stream.o
                0x0000000000439e80                mp_stream_write_obj
                0x0000000000439ea0                mp_stream_unbuffered_readline_obj
                0x0000000000439ec0                mp_stream_readall_obj
                0x0000000000439ee0                mp_stream_readinto_obj
                0x0000000000439f00                mp_stream_read_obj
                0x0000000000439f20                mp_stream_seek_obj
                0x0000000000439f40                mp_stream_unbuffered_readlines_obj
 .rodata.str1.1
                0x0000000000439f58        0xf build/py/binary.o
                                         0x11 (size before relaxing)
 *fill*         0x0000000000439f67        0x9 
 .rodata        0x0000000000439f70      0x151 build/py/binary.o
 .rodata.str1.1
                0x000000000043a0c1       0x78 build/py/builtinimport.o
                                         0x7e (size before relaxing)
 *fill*         0x000000000043a139        0x7 
 .rodata        0x000000000043a140       0x38 build/py/builtinimport.o
                0x000000000043a160                mp_builtin___import___obj
 .rodata.str1.1
                0x000000000043a178       0x11 build/py/builtinevex.o
 *fill*         0x000000000043a189        0x7 
 .rodata        0x000000000043a190       0xe0 build/py/builtinevex.o
                0x000000000043a190                mp_builtin_exec_obj
                0x000000000043a1b0                mp_builtin_eval_obj
                0x000000000043a1d0                mp_builtin_compile_obj
 .rodata        0x000000000043a270       0x60 build/py/modarray.o
                0x000000000043a270                mp_module_array
 .rodata.str1.1
                0x000000000043a2d0      0x11b build/py/modbuiltins.o
                                        0x168 (size before relaxing)
 *fill*         0x000000000043a3eb        0x5 
 .rodata        0x000000000043a3f0      0xa48 build/py/modbuiltins.o
                0x000000000043a480                mp_module_builtins
                0x000000000043a4a0                mp_module_builtins_globals
                0x000000000043aa60                mp_builtin_locals_obj
                0x000000000043aa80                mp_builtin_globals_obj
                0x000000000043aaa0                mp_builtin_len_obj
                0x000000000043aac0                mp_builtin_id_obj
                0x000000000043aae0                mp_builtin_hasattr_obj
                0x000000000043ab00                mp_builtin_setattr_obj
                0x000000000043ab20                mp_builtin_getattr_obj
                0x000000000043ab40                mp_builtin_sorted_obj
                0x000000000043ab60                mp_builtin_sum_obj
                0x000000000043ab80                mp_builtin_round_obj
                0x000000000043aba0                mp_builtin_repr_obj
                0x000000000043abc0                mp_builtin___repl_print___obj
                0x000000000043abe0                mp_builtin_print_obj
                0x000000000043ac00                mp_builtin_pow_obj
                0x000000000043ac20                mp_builtin_ord_obj
                0x000000000043ac40                mp_builtin_oct_obj
                0x000000000043ac60                mp_builtin_next_obj
                0x000000000043ac80                mp_builtin_min_obj
                0x000000000043aca0                mp_builtin_max_obj
                0x000000000043acc0                mp_builtin_iter_obj
                0x000000000043ace0                mp_builtin_hex_obj
                0x000000000043ad00                mp_builtin_hash_obj
                0x000000000043ad20                mp_builtin_divmod_obj
                0x000000000043ad40                mp_builtin_dir_obj
                0x000000000043ad60                mp_builtin_chr_obj
                0x000000000043ad80                mp_builtin_callable_obj
                0x000000000043ada0                mp_builtin_bin_obj
                0x000000000043adc0                mp_builtin_any_obj
                0x000000000043ade0                mp_builtin_all_obj
                0x000000000043ae00                mp_builtin_abs_obj
                0x000000000043ae20                mp_builtin___build_class___obj
 .rodata.cst16  0x0000000000000000       0x10 build/py/modbuiltins.o
 .rodata.cst8   0x000000000043ae38        0x8 build/py/modbuiltins.o
                                         0x10 (size before relaxing)
 .rodata        0x000000000043ae40       0x60 build/py/modcollections.o
                0x000000000043ae40                mp_module_collections
 .rodata        0x000000000043aea0      0x168 build/py/modgc.o
                0x000000000043aea0                mp_module_gc
                0x000000000043af50                gc_mem_alloc_obj
                0x000000000043af70                gc_mem_free_obj
                0x000000000043af90                gc_isenabled_obj
                0x000000000043afb0                gc_enable_obj
                0x000000000043afd0                gc_disable_obj
                0x000000000043aff0                gc_collect_obj
 *fill*         0x000000000043b008        0x8 
 .rodata        0x000000000043b010       0xa0 build/py/modio.o
                0x000000000043b010                mp_module_io
 .rodata        0x000000000043b0b0      0x7b0 build/py/modmath.o
                0x000000000043b0b0                mp_module_math
                0x000000000043b840                mp_math_pi_obj
                0x000000000043b850                mp_math_e_obj
 .rodata.cst8   0x000000000043b860       0x10 build/py/modmath.o
 .rodata.cst16  0x000000000043b870       0x10 build/py/modmath.o
                                         0x20 (size before relaxing)
 .rodata        0x000000000043b880      0x218 build/py/modcmath.o
                0x000000000043b880                mp_module_cmath
 .rodata.cst16  0x0000000000000000       0x10 build/py/modcmath.o
 .rodata.cst8   0x000000000043ba98       0x10 build/py/modcmath.o
                                         0x18 (size before relaxing)
 .rodata.str1.1
                0x000000000043baa8       0x8a build/py/modmicropython.o
 *fill*         0x000000000043bb32        0xe 
 .rodata        0x000000000043bb40      0x138 build/py/modmicropython.o
                0x000000000043bb40                mp_module_micropython
 .rodata.str1.1
                0x000000000043bc78       0x32 build/py/modstruct.o
 *fill*         0x000000000043bcaa        0x6 
 .rodata        0x000000000043bcb0      0x108 build/py/modstruct.o
                0x000000000043bce0                mp_module_struct
                0x000000000043bd60                struct_pack_obj
                0x000000000043bd80                struct_unpack_obj
                0x000000000043bda0                struct_calcsize_obj
 *fill*         0x000000000043bdb8        0x8 
 .rodata        0x000000000043bdc0      0x1c0 build/py/modsys.o
                0x000000000043bdc0                mp_module_sys
                0x000000000043bed0                mp_sys_print_exception_obj
                0x000000000043bef0                mp_sys_exit_obj
 .rodata.str1.1
                0x000000000043bf80        0xc build/py/modsys.o
 *fill*         0x000000000043bf8c        0x4 
 .rodata.str1.8
                0x000000000043bf90       0x50 build/py/vm.o
                                         0x4f (size before relaxing)
 .rodata.str1.1
                0x000000000043bfe0       0x7b build/py/vm.o
                                         0x7d (size before relaxing)
 *fill*         0x000000000043c05b        0x5 
 .rodata        0x000000000043c060      0x840 build/py/vm.o
 .rodata.str1.1
                0x000000000043c8a0       0x89 build/py/bc.o
                                        0x116 (size before relaxing)
 .rodata.str1.1
                0x000000000043c929      0x5f2 build/py/showbc.o
                                        0x5f8 (size before relaxing)
 *fill*         0x000000000043cf1b        0x5 
 .rodata        0x000000000043cf20      0x2f6 build/py/showbc.o
 .rodata.str1.1
                0x0000000000000000       0x20 build/py/repl.o
 .rodata.str1.1
                0x0000000000000000        0x3 build/py/pfenv.o
 *fill*         0x000000000043d216        0xa 
 .rodata        0x000000000043d220       0x31 build/py/pfenv.o
 .rodata.str1.1
                0x000000000043d251       0x1c build/py/pfenv_printf.o
                                         0x29 (size before relaxing)
 *fill*         0x000000000043d26d        0x3 
 .rodata        0x000000000043d270        0xe build/py/pfenv_printf.o
 .rodata.str1.1
                0x000000000043d27e       0xd7 build/py/../extmod/moductypes.o
                                         0xe9 (size before relaxing)
 *fill*         0x000000000043d355        0xb 
 .rodata        0x000000000043d360      0x470 build/py/../extmod/moductypes.o
                0x000000000043d4d0                mp_module_uctypes
                0x000000000043d6d0                uctypes_struct_bytes_at_obj
                0x000000000043d6f0                uctypes_struct_bytearray_at_obj
                0x000000000043d710                uctypes_struct_addressof_obj
 .rodata.str1.1
                0x000000000043d7d0       0x15 build/py/../extmod/modujson.o
 *fill*         0x000000000043d7e5        0xb 
 .rodata        0x000000000043d7f0       0xa8 build/py/../extmod/modujson.o
                0x000000000043d7f0                mp_module_ujson
 .rodata.str1.1
                0x000000000043d898      0x115 build/py/../extmod/modure.o
                                        0x135 (size before relaxing)
 *fill*         0x000000000043d9ad        0x3 
 .rodata        0x000000000043d9b0      0x308 build/py/../extmod/modure.o
                0x000000000043d9d0                mp_module_ure
                0x000000000043da60                mod_re_search_obj
                0x000000000043da80                mod_re_match_obj
                0x000000000043daa0                mod_re_compile_obj
                0x000000000043db90                re_split_obj
                0x000000000043dbb0                re_search_obj
                0x000000000043dbd0                re_match_obj
                0x000000000043dca0                match_group_obj
 *fill*         0x000000000043dcb8        0x8 
 .rodata        0x000000000043dcc0      0x158 build/py/../extmod/moduzlib.o
                0x000000000043dcc0                clcidx
                0x000000000043dce0                dist_base
                0x000000000043dd20                dist_bits
                0x000000000043dd40                length_base
                0x000000000043dd80                length_bits
                0x000000000043dda0                mp_module_uzlib
 .rodata.str1.1
                0x000000000043de18       0x1f build/py/../extmod/moduheapq.o
 *fill*         0x000000000043de37        0x9 
 .rodata        0x000000000043de40       0xd8 build/py/../extmod/moduheapq.o
                0x000000000043de40                mp_module_uheapq
 .rodata.str1.1
                0x0000000000000000        0x1 build/py/../extmod/moduhashlib.o
 *fill*         0x000000000043df18        0x8 
 .rodata        0x000000000043df20      0x288 build/py/../extmod/moduhashlib.o
                0x000000000043e020                mp_module_uhashlib
                0x000000000043e150                hash_hexdigest_obj
                0x000000000043e170                hash_digest_obj
                0x000000000043e190                hash_update_obj
 *fill*         0x000000000043e1a8        0x8 
 .rodata        0x000000000043e1b0       0x78 build/py/../extmod/modubinascii.o
                0x000000000043e1b0                mp_module_ubinascii
                0x000000000043e210                mod_binascii_hexlify_obj
 .rodata.str1.1
                0x000000000043e228      0x2ea build/main.o
                                        0x2eb (size before relaxing)
 .rodata.str1.1
                0x0000000000000000        0x1 build/input.o
 *fill*         0x000000000043e512        0xe 
 .rodata        0x000000000043e520       0x18 build/input.o
                0x000000000043e520                mp_builtin_input_obj
 .rodata.str1.1
                0x000000000043e538        0xb build/file.o
                                         0x28 (size before relaxing)
 *fill*         0x000000000043e543        0xd 
 .rodata        0x000000000043e550      0x338 build/file.o
                0x000000000043e550                mp_sys_stderr_obj
                0x000000000043e560                mp_sys_stdout_obj
                0x000000000043e570                mp_sys_stdin_obj
                0x000000000043e580                mp_builtin_open_obj
                0x000000000043e5a0                mp_type_textio
                0x000000000043e640                mp_type_fileio
 *fill*         0x000000000043e888        0x8 
 .rodata        0x000000000043e890       0xd8 build/modos.o
                0x000000000043e890                mp_module_os
 *fill*         0x000000000043e968        0x8 
 .rodata        0x000000000043e970       0xd8 build/modtime.o
                0x000000000043e970                mp_module_time
 .rodata.cst8   0x000000000043ea48        0x8 build/modtime.o
 .rodata.cst4   0x000000000043ea50        0x4 build/modtime.o
 .rodata.str1.1
                0x000000000043ea54       0x62 build/modtermios.o
 *fill*         0x000000000043eab6        0xa 
 .rodata        0x000000000043eac0      0x138 build/modtermios.o
                0x000000000043eae0                mp_module_termios
 .rodata.str1.1
                0x000000000043ebf8       0xfd build/modsocket.o
                                        0x10c (size before relaxing)
 *fill*         0x000000000043ecf5        0xb 
 .rodata        0x000000000043ed00      0x4c0 build/modsocket.o
                0x000000000043ed30                mp_module_socket
 .rodata.str1.1
                0x000000000043f1c0       0xd3 build/modffi.o
 *fill*         0x000000000043f293        0xd 
 .rodata        0x000000000043f2a0      0x630 build/modffi.o
                0x000000000043f460                mp_module_ffi
                0x000000000043f4f0                mod_ffi_as_bytearray_obj
                0x000000000043f510                mod_ffi_open_obj
                0x000000000043f570                ffivar_set_obj
                0x000000000043f590                ffivar_get_obj
                0x000000000043f610                ffimod_addr_obj
                0x000000000043f630                ffimod_var_obj
                0x000000000043f650                mod_ffi_callback_obj
                0x000000000043f670                mod_ffi_func_obj
                0x000000000043f690                ffimod_func_obj

.rodata1
 *(.rodata1)

.eh_frame_hdr   0x000000000043f8d0     0x271c
 *(.eh_frame_hdr)
 .eh_frame_hdr  0x000000000043f8d0     0x271c /usr/lib/gcc/x86_64-linux-gnu/4.8/../../../x86_64-linux-gnu/crt1.o

.eh_frame       0x0000000000441ff0     0xc1bc
 *(.eh_frame)
 .eh_frame      0x0000000000441ff0       0x30 /usr/lib/gcc/x86_64-linux-gnu/4.8/../../../x86_64-linux-gnu/crt1.o
 .eh_frame      0x0000000000442020       0x40 /usr/lib/gcc/x86_64-linux-gnu/4.8/../../../x86_64-linux-gnu/crt1.o
 .eh_frame      0x0000000000442060      0x148 build/py/malloc.o
 .eh_frame      0x00000000004421a8      0x298 build/py/gc.o
                                        0x290 (size before relaxing)
 .eh_frame      0x0000000000442440      0x258 build/py/qstr.o
                                        0x248 (size before relaxing)